[52073:23235765:0703/083724.029102:ERROR:net/socket/socket_posix.cc:175] bind() failed: Address already in use (48)

DevTools listening on ws://[::1]:9477/devtools/browser/74cb7bf5-8b16-4590-9b2b-97123383e36b
Created TensorFlow Lite XNNPACK delegate for CPU.
Trying to load the allocator multiple times. This is *not* supported.
[52073:23235708:0703/083726.569150:ERROR:google_apis/gcm/engine/registration_request.cc:291] Registration response error message: DEPRECATED_ENDPOINT
Created TensorFlow Lite XNNPACK delegate for CPU.
[52323:23236589:0703/083743.030642:VERBOSE1:chrome/updater/updater.cc:374] Version: 151.0.7910.0, opt, ARM_64, command line: /Users/mkbabb/Library/Application Support/Google/GoogleUpdater/151.0.7910.0/GoogleUpdater.app/Contents/MacOS/GoogleUpdater --wake-all --enable-logging --vmodule=*/components/update_client/*=2,*/chrome/enterprise_companion/*=2,*/chrome/updater/*=2
[52323:23236589:0703/083743.030901:VERBOSE1:chrome/updater/updater.cc:377] OS version: 26.4.1, arch: arm64, System uptime (seconds): 495096, parent pid: 52073
[52323:23236589:0703/083743.033776:VERBOSE1:chrome/updater/updater.cc:382] Available disk space in install directory (/Users/mkbabb/Library/Application Support/Google/GoogleUpdater): 821285310464B (764.882GiB) / 1995165736960B (1.815TiB)
[52323:23236589:0703/083743.033794:VERBOSE1:chrome/updater/updater.cc:386] Available disk space in temporary directory (/var/folders/ld/20j4p2791k5_90_0ccgx2txm0000gr/T/): 821285310464B (764.882GiB) / 1995165736960B (1.815TiB)
[52323:23236589:0703/083743.034171:VERBOSE2:chrome/updater/event_history.cc:265] Emitted a UPDATER_PROCESS START event to the history log
[52325:23236594:0703/083743.042992:VERBOSE1:chrome/updater/updater.cc:374] Version: 151.0.7910.0, opt, ARM_64, command line: /Users/mkbabb/Library/Application Support/Google/GoogleUpdater/151.0.7910.0/GoogleUpdater.app/Contents/MacOS/GoogleUpdater --crash-handler --database=/Users/mkbabb/Library/Application Support/Google/GoogleUpdater/151.0.7910.0/Crashpad --url=https://clients2.google.com/cr/report --annotation=prod=Update4 --annotation=ver=151.0.7910.0 --handshake-fd=6 --enable-logging --vmodule=*/components/update_client/*=2,*/chrome/enterprise_companion/*=2,*/chrome/updater/*=2
[52325:23236594:0703/083743.043171:VERBOSE1:chrome/updater/updater.cc:377] OS version: 26.4.1, arch: arm64, System uptime (seconds): 495096, parent pid: 1
[52325:23236594:0703/083743.044831:VERBOSE1:chrome/updater/updater.cc:382] Available disk space in install directory (/Users/mkbabb/Library/Application Support/Google/GoogleUpdater): 821285302272B (764.882GiB) / 1995165736960B (1.815TiB)
[52325:23236594:0703/083743.044846:VERBOSE1:chrome/updater/updater.cc:386] Available disk space in temporary directory (/var/folders/ld/20j4p2791k5_90_0ccgx2txm0000gr/T/): 821285302272B (764.882GiB) / 1995165736960B (1.815TiB)
[52325:23236594:0703/083743.044912:VERBOSE2:chrome/updater/event_history.cc:265] Emitted a UPDATER_PROCESS START event to the history log
[52323:23236589:0703/083743.045593:VERBOSE1:chrome/updater/crash_reporter.cc:124] Crash handler launched and ready.
[52323:23236589:0703/083743.046623:VERBOSE1:chrome/updater/crash_client.cc:108] Found 0 completed crash reports
[52323:23236589:0703/083743.046687:VERBOSE1:chrome/updater/crash_client.cc:132] Found 0 pending crash reports
[52323:23236589:0703/083743.046979:ERROR:third_party/crashpad/crashpad/util/file/file_io_posix.cc:145] open /Users/mkbabb/Library/Application Support/Google/Chrome Dev/Crashpad/settings.dat: No such file or directory (2)
[52323:23236589:0703/083743.047000:ERROR:third_party/crashpad/crashpad/util/file/file_io_posix.cc:145] open /Users/mkbabb/Library/Application Support/Google/RLZ/Crashpad/settings.dat: No such file or directory (2)
[52323:23236589:0703/083743.047010:ERROR:third_party/crashpad/crashpad/util/file/file_io_posix.cc:145] open /Users/mkbabb/Library/Application Support/Google/Chrome Beta/Crashpad/settings.dat: No such file or directory (2)
[52323:23236589:0703/083743.047592:VERBOSE1:chrome/updater/updater.cc:105] Crash reporting initialized.
[52323:23236604:0703/083743.047841:VERBOSE1:chrome/updater/app/app_wakeall.cc:58] Launching `/Users/mkbabb/Library/Application Support/Google/GoogleUpdater/151.0.7910.0/GoogleUpdater.app/Contents/MacOS/GoogleUpdater --wake`
[52326:23236608:0703/083743.054729:VERBOSE1:chrome/updater/updater.cc:374] Version: 151.0.7910.0, opt, ARM_64, command line: /Users/mkbabb/Library/Application Support/Google/GoogleUpdater/151.0.7910.0/GoogleUpdater.app/Contents/MacOS/GoogleUpdater --wake --enable-logging --vmodule=*/components/update_client/*=2,*/chrome/enterprise_companion/*=2,*/chrome/updater/*=2
[52326:23236608:0703/083743.054900:VERBOSE1:chrome/updater/updater.cc:377] OS version: 26.4.1, arch: arm64, System uptime (seconds): 495096, parent pid: 52323
[52326:23236608:0703/083743.056813:VERBOSE1:chrome/updater/updater.cc:382] Available disk space in install directory (/Users/mkbabb/Library/Application Support/Google/GoogleUpdater): 821285294080B (764.882GiB) / 1995165736960B (1.815TiB)
[52326:23236608:0703/083743.056827:VERBOSE1:chrome/updater/updater.cc:386] Available disk space in temporary directory (/var/folders/ld/20j4p2791k5_90_0ccgx2txm0000gr/T/): 821285294080B (764.882GiB) / 1995165736960B (1.815TiB)
[52326:23236608:0703/083743.056882:VERBOSE2:chrome/updater/event_history.cc:265] Emitted a UPDATER_PROCESS START event to the history log
[52328:23236612:0703/083743.065040:VERBOSE1:chrome/updater/updater.cc:374] Version: 151.0.7910.0, opt, ARM_64, command line: /Users/mkbabb/Library/Application Support/Google/GoogleUpdater/151.0.7910.0/GoogleUpdater.app/Contents/MacOS/GoogleUpdater --crash-handler --database=/Users/mkbabb/Library/Application Support/Google/GoogleUpdater/151.0.7910.0/Crashpad --url=https://clients2.google.com/cr/report --annotation=prod=Update4 --annotation=ver=151.0.7910.0 --handshake-fd=6 --enable-logging --vmodule=*/components/update_client/*=2,*/chrome/enterprise_companion/*=2,*/chrome/updater/*=2
[52328:23236612:0703/083743.065207:VERBOSE1:chrome/updater/updater.cc:377] OS version: 26.4.1, arch: arm64, System uptime (seconds): 495096, parent pid: 1
[52328:23236612:0703/083743.066908:VERBOSE1:chrome/updater/updater.cc:382] Available disk space in install directory (/Users/mkbabb/Library/Application Support/Google/GoogleUpdater): 821285224448B (764.881GiB) / 1995165736960B (1.815TiB)
[52328:23236612:0703/083743.066924:VERBOSE1:chrome/updater/updater.cc:386] Available disk space in temporary directory (/var/folders/ld/20j4p2791k5_90_0ccgx2txm0000gr/T/): 821285224448B (764.881GiB) / 1995165736960B (1.815TiB)
[52328:23236612:0703/083743.067004:VERBOSE2:chrome/updater/event_history.cc:265] Emitted a UPDATER_PROCESS START event to the history log
[52326:23236608:0703/083743.067419:VERBOSE1:chrome/updater/crash_reporter.cc:124] Crash handler launched and ready.
[52326:23236608:0703/083743.067959:VERBOSE1:chrome/updater/crash_client.cc:108] Found 0 completed crash reports
[52326:23236608:0703/083743.068014:VERBOSE1:chrome/updater/crash_client.cc:132] Found 0 pending crash reports
[52326:23236608:0703/083743.068086:ERROR:third_party/crashpad/crashpad/util/file/file_io_posix.cc:145] open /Users/mkbabb/Library/Application Support/Google/Chrome Dev/Crashpad/settings.dat: No such file or directory (2)
[52326:23236608:0703/083743.068095:ERROR:third_party/crashpad/crashpad/util/file/file_io_posix.cc:145] open /Users/mkbabb/Library/Application Support/Google/RLZ/Crashpad/settings.dat: No such file or directory (2)
[52326:23236608:0703/083743.068101:ERROR:third_party/crashpad/crashpad/util/file/file_io_posix.cc:145] open /Users/mkbabb/Library/Application Support/Google/Chrome Beta/Crashpad/settings.dat: No such file or directory (2)
[52326:23236608:0703/083743.068234:VERBOSE1:chrome/updater/updater.cc:105] Crash reporting initialized.
[52326:23236608:0703/083743.068376:VERBOSE1:chrome/updater/ipc/update_service_internal_proxy_mojo.cc:61] Run
[52073:23235708:0703/083752.745351:ERROR:google_apis/gcm/engine/registration_request.cc:291] Registration response error message: DEPRECATED_ENDPOINT
[52326:23236608:0703/083755.283408:VERBOSE1:chrome/updater/app/app.cc:52] Shutdown: 0
[52326:23236608:0703/083755.283711:VERBOSE2:chrome/updater/event_history.cc:265] Emitted a UPDATER_PROCESS END event to the history log
[52326:23236608:0703/083755.283730:VERBOSE1:chrome/updater/updater.cc:419] UpdaterMain (--wake) returned 0.
[52323:23236604:0703/083755.518802:VERBOSE1:chrome/updater/app/app_wakeall.cc:68] `/Users/mkbabb/Library/Application Support/Google/GoogleUpdater/151.0.7910.0/GoogleUpdater.app/Contents/MacOS/GoogleUpdater --wake` exited 0
[52323:23236589:0703/083755.519207:VERBOSE1:chrome/updater/app/app.cc:52] Shutdown: 0
[52323:23236589:0703/083755.519540:VERBOSE2:chrome/updater/event_history.cc:265] Emitted a UPDATER_PROCESS END event to the history log
[52323:23236589:0703/083755.519550:VERBOSE1:chrome/updater/updater.cc:419] UpdaterMain (--wake-all) returned 0.
[52081:23235724:0703/083808.346912:ERROR:gpu/command_buffer/service/shared_image/shared_image_manager.cc:254] SharedImageManager::ProduceSkia: Trying to Produce a Skia representation from a non-existent mailbox.
[52081:23235724:0703/083820.408665:ERROR:gpu/command_buffer/service/shared_image/shared_image_manager.cc:254] SharedImageManager::ProduceSkia: Trying to Produce a Skia representation from a non-existent mailbox.
[52081:23235724:0703/083820.408846:ERROR:gpu/command_buffer/service/shared_image/shared_image_manager.cc:254] SharedImageManager::ProduceSkia: Trying to Produce a Skia representation from a non-existent mailbox.
[52073:23235708:0703/083836.353124:ERROR:google_apis/gcm/engine/registration_request.cc:291] Registration response error message: DEPRECATED_ENDPOINT
[52081:23235724:0703/083844.848609:ERROR:gpu/command_buffer/service/shared_image/shared_image_manager.cc:254] SharedImageManager::ProduceSkia: Trying to Produce a Skia representation from a non-existent mailbox.
[52073:23235708:0703/084009.387818:ERROR:google_apis/gcm/engine/registration_request.cc:291] Registration response error message: DEPRECATED_ENDPOINT
Trying to load the allocator multiple times. This is *not* supported.
WARNING: All log messages before absl::InitializeLog() is called are written to STDERR
I0000 00:00:1783082424.066457 23244982 environment.cc:556] Selected adapter: Apple M5 Max, arch=metal-3, vendor=apple, backend=Metal, adapterType=Integrated GPU
I0000 00:00:1783082424.068155 23244992 environment.cc:556] Selected adapter: Apple M5 Max, arch=metal-3, vendor=apple, backend=Metal, adapterType=Integrated GPU
[52073:23235675:0703/084207.183410:ERROR:chrome/browser/ui/webui/ntp/new_tab_ui.cc:54] Requested load of chrome://newtab/ for incorrect profile type.
[52073:23235675:0703/084207.184977:ERROR:chrome/browser/ui/webui/ntp/new_tab_ui.cc:54] Requested load of chrome://newtab/ for incorrect profile type.
[52073:23235675:0703/084207.185077:ERROR:chrome/browser/ui/webui/ntp/new_tab_ui.cc:54] Requested load of chrome://newtab/ for incorrect profile type.
[52073:23235675:0703/084207.185213:ERROR:chrome/browser/ui/webui/ntp/new_tab_ui.cc:54] Requested load of chrome://newtab/ for incorrect profile type.
[52328:23236612:0703/084340.224785:VERBOSE2:chrome/updater/event_history.cc:265] Emitted a UPDATER_PROCESS END event to the history log
[52328:23236612:0703/084340.225232:VERBOSE1:chrome/updater/updater.cc:419] UpdaterMain (--crash-handler) returned 0.
[52325:23236594:0703/084340.226213:VERBOSE2:chrome/updater/event_history.cc:265] Emitted a UPDATER_PROCESS END event to the history log
[52325:23236594:0703/084340.226232:VERBOSE1:chrome/updater/updater.cc:419] UpdaterMain (--crash-handler) returned 0.
