
> @mkbabb/glass-ui@7.0.0 demo:dist:build
> vite build --config demo/vite.demo-dist.config.ts

vite v8.1.5 building client environment for production...
[2Ktransforming...✓ 3520 modules transformed.
rendering chunks...
computing gzip size...
dist-demo/index.html                                                                   6.81 kB │ gzip:  1.96 kB
dist-demo/assets/fira-code-latin-ext-Dvfvaomy.woff2                                   13.27 kB
dist-demo/assets/plus-jakarta-sans-latin-ext-DmpS2jIq.woff2                           21.72 kB
dist-demo/assets/plus-jakarta-sans-latin-eXO_dkmS.woff2                               27.34 kB
dist-demo/assets/fira-code-latin-CHoedHDv.woff2                                       36.27 kB
dist-demo/assets/aurora-x1XGuNl0.css                                                   0.00 kB │ gzip:  0.02 kB
dist-demo/assets/layers-BFeMoZRP.css                                                   0.05 kB │ gzip:  0.07 kB
dist-demo/assets/overview-BkREYanI.css                                                 0.05 kB │ gzip:  0.07 kB
dist-demo/assets/header-ribbon-BRj5HGFq.css                                            0.06 kB │ gzip:  0.08 kB
dist-demo/assets/paper-texture-DnO-TbJM.css                                            0.08 kB │ gzip:  0.09 kB
dist-demo/assets/blob-CKiiar9f.css                                                     0.08 kB │ gzip:  0.09 kB
dist-demo/assets/animated-digit-CXYNpJrG.css                                           0.12 kB │ gzip:  0.12 kB
dist-demo/assets/auth-shell-D_CBX3j_.css                                               0.13 kB │ gzip:  0.11 kB
dist-demo/assets/overview-Dntguu5F.css                                                 0.16 kB │ gzip:  0.13 kB
dist-demo/assets/inputs-B4Wwhs-r.css                                                   0.17 kB │ gzip:  0.15 kB
dist-demo/assets/css-utilities-B6ihubZs.css                                            0.20 kB │ gzip:  0.11 kB
dist-demo/assets/ConfiguratorLayer-B_n4VRYP.css                                        0.21 kB │ gzip:  0.15 kB
dist-demo/assets/buttons-Cm8RJBMl.css                                                  0.25 kB │ gzip:  0.17 kB
dist-demo/assets/shadows-Y8xFCTWB.css                                                  0.26 kB │ gzip:  0.15 kB
dist-demo/assets/settings-BNxYxpLi.css                                                 0.26 kB │ gzip:  0.17 kB
dist-demo/assets/carousel-D8TVKSyy.css                                                 0.29 kB │ gzip:  0.18 kB
dist-demo/assets/sortable-list-QNKa9cYH.css                                            0.29 kB │ gzip:  0.17 kB
dist-demo/assets/gate-pattern-DFNfthoK.css                                             0.30 kB │ gzip:  0.20 kB
dist-demo/assets/fourier-field-D5f_bnLw.css                                            0.32 kB │ gzip:  0.20 kB
dist-demo/assets/tempo-pq-r2TNz.css                                                    0.34 kB │ gzip:  0.17 kB
dist-demo/assets/StoryPage-BoF-lXYE.css                                                0.39 kB │ gzip:  0.21 kB
dist-demo/assets/card-DaSwBQe0.css                                                     0.42 kB │ gzip:  0.24 kB
dist-demo/assets/StoryHero-ChySiJsa.css                                                0.43 kB │ gzip:  0.24 kB
dist-demo/assets/timeline-BTkCa6er.css                                                 0.44 kB │ gzip:  0.19 kB
dist-demo/assets/DockStage-BGdn3lU9.css                                                0.46 kB │ gzip:  0.26 kB
dist-demo/assets/Label-BJJesyBF.css                                                    0.50 kB │ gzip:  0.24 kB
dist-demo/assets/cta-receive-Bt8_Kl06.css                                              0.50 kB │ gzip:  0.25 kB
dist-demo/assets/reveal-D45tgjWj.css                                                   0.51 kB │ gzip:  0.24 kB
dist-demo/assets/typewriter-hAXOXUHN.css                                               0.62 kB │ gzip:  0.31 kB
dist-demo/assets/Aurora-CQxAlwrk.css                                                   0.66 kB │ gzip:  0.29 kB
dist-demo/assets/overlays-scrims-YL5UQBVr.css                                          0.66 kB │ gzip:  0.35 kB
dist-demo/assets/card-Pd4uY3u8.css                                                     0.68 kB │ gzip:  0.31 kB
dist-demo/assets/configurator-usU4tC_P.css                                             0.69 kB │ gzip:  0.22 kB
dist-demo/assets/surface-tints-BQ4_mzs4.css                                            0.80 kB │ gzip:  0.38 kB
dist-demo/assets/number-field-DcOxNgDH.css                                             0.82 kB │ gzip:  0.35 kB
dist-demo/assets/surface-DDIxY8ND.css                                                  0.84 kB │ gzip:  0.41 kB
dist-demo/assets/Skeleton-BvzOAMn8.css                                                 0.84 kB │ gzip:  0.40 kB
dist-demo/assets/paper-glass-D6W7mjT0.css                                              0.88 kB │ gzip:  0.35 kB
dist-demo/assets/LabeledField-CJgKuAmW.css                                             0.91 kB │ gzip:  0.33 kB
dist-demo/assets/ConfiguratorRow-BF28dPTz.css                                          0.93 kB │ gzip:  0.19 kB
dist-demo/assets/RendererStatus-CNE0gpcA.css                                           0.96 kB │ gzip:  0.43 kB
dist-demo/assets/capture-BNxzr6vW.css                                                  0.96 kB │ gzip:  0.33 kB
dist-demo/assets/Separator-DgsaNOzS.css                                                0.98 kB │ gzip:  0.33 kB
dist-demo/assets/instrument-chassis-Cn4zlUeC.css                                       1.00 kB │ gzip:  0.46 kB
dist-demo/assets/handmark-CXNNdIqz.css                                                 1.02 kB │ gzip:  0.40 kB
dist-demo/assets/CatalogLanding-B7BHcrNJ.css                                           1.06 kB │ gzip:  0.49 kB
dist-demo/assets/status-dot-6J7tYPQb.css                                               1.29 kB │ gzip:  0.42 kB
dist-demo/assets/Checkbox-DLmcinv0.css                                                 1.31 kB │ gzip:  0.53 kB
dist-demo/assets/SortableItem-BQjUtTek.css                                             1.38 kB │ gzip:  0.49 kB
dist-demo/assets/Blob-HyvbLjME.css                                                     1.41 kB │ gzip:  0.55 kB
dist-demo/assets/SectionPreviewCard-BeJ8HUen.css                                       1.55 kB │ gzip:  0.64 kB
dist-demo/assets/avatar-BxCM2laL.css                                                   1.60 kB │ gzip:  0.50 kB
dist-demo/assets/expandable-container-Cgkmawb6.css                                     1.64 kB │ gzip:  0.59 kB
dist-demo/assets/tags-input-Bq_-ZRNl.css                                               1.66 kB │ gzip:  0.62 kB
dist-demo/assets/AvatarFallback-nY-0aIrz.css                                           1.66 kB │ gzip:  0.60 kB
dist-demo/assets/data-table-CVh9C8y-.css                                               1.70 kB │ gzip:  0.64 kB
dist-demo/assets/dock-search-BzLonA_x.css                                              1.75 kB │ gzip:  0.64 kB
dist-demo/assets/WatercolorDot-er9NSYFR.css                                            1.89 kB │ gzip:  0.56 kB
dist-demo/assets/command-DYF2qX_-.css                                                  1.92 kB │ gzip:  0.65 kB
dist-demo/assets/Switch-CWC0_5J1.css                                                   2.04 kB │ gzip:  0.64 kB
dist-demo/assets/disclosure-context-42FloYI_.css                                       2.31 kB │ gzip:  0.82 kB
dist-demo/assets/CodeBlock-D2vGcvr0.css                                                2.44 kB │ gzip:  0.66 kB
dist-demo/assets/field-control-Bo7K2tFV.css                                            2.46 kB │ gzip:  0.77 kB
dist-demo/assets/checks-DLqaDWe-.css                                                   2.48 kB │ gzip:  0.78 kB
dist-demo/assets/ToggleGroupItem-H4FA0ac5.css                                          2.53 kB │ gzip:  0.85 kB
dist-demo/assets/PagerDots-BM5KL9Um.css                                                2.83 kB │ gzip:  0.84 kB
dist-demo/assets/StatusDot-Cj5q7-8S.css                                                3.79 kB │ gzip:  0.85 kB
dist-demo/assets/deck-DWZ2mkvZ.css                                                     3.91 kB │ gzip:  1.11 kB
dist-demo/assets/progress-BJUM5hDV.css                                                 4.81 kB │ gzip:  1.07 kB
dist-demo/assets/neutral-xPO89ffY.css                                                  4.91 kB │ gzip:  1.21 kB
dist-demo/assets/Slider-DJg2BUGY.css                                                   7.17 kB │ gzip:  1.47 kB
dist-demo/assets/GlassTimeline-BE03HPG0.css                                           13.88 kB │ gzip:  2.88 kB
dist-demo/assets/index-DLulU7yU.css                                                  314.61 kB │ gzip: 55.41 kB
dist-demo/assets/nullish-DHihWhf5.js                                                   0.04 kB │ gzip:  0.06 kB
dist-demo/assets/selection-BhrI-ezo.js                                                 0.07 kB │ gzip:  0.08 kB
dist-demo/assets/resolveSurfaceClass-CzmkB0e0.js                                       0.08 kB │ gzip:  0.09 kB
dist-demo/assets/ConfigProvider-CehzrjQd.js                                            0.08 kB │ gzip:  0.10 kB
dist-demo/assets/minus-C-RLfpXc.js                                                     0.11 kB │ gzip:  0.13 kB
dist-demo/assets/check-DZq3ckCl.js                                                     0.12 kB │ gzip:  0.14 kB
dist-demo/assets/chevron-down-BlXpekg7.js                                              0.12 kB │ gzip:  0.14 kB
dist-demo/assets/chevron-up-CFuUKgv-.js                                                0.12 kB │ gzip:  0.14 kB
dist-demo/assets/useForwardScopeId-CJou_yOE.js                                         0.12 kB │ gzip:  0.13 kB
dist-demo/assets/asElement-CnAghTZy.js                                                 0.13 kB │ gzip:  0.12 kB
dist-demo/assets/primitive-CgkkP1K3.js                                                 0.13 kB │ gzip:  0.13 kB
dist-demo/assets/loader-circle-Cukm6LJP.js                                             0.14 kB │ gzip:  0.15 kB
dist-demo/assets/plus-DZSZ4r3N.js                                                      0.15 kB │ gzip:  0.15 kB
dist-demo/assets/isValueEqualOrExist-DCyDxm6w.js                                       0.17 kB │ gzip:  0.16 kB
dist-demo/assets/search-DEbR113-.js                                                    0.17 kB │ gzip:  0.17 kB
dist-demo/assets/handleAndDispatchCustomEvent-Bng2rRDf.js                              0.17 kB │ gzip:  0.15 kB
dist-demo/assets/circle-check-ChSacrFs.js                                              0.17 kB │ gzip:  0.16 kB
dist-demo/assets/useFormControl-Dy0M1Zgo.js                                            0.18 kB │ gzip:  0.16 kB
dist-demo/assets/getActiveElement-DWEoD8ZB.js                                          0.18 kB │ gzip:  0.13 kB
dist-demo/assets/play-2MkWaDRZ.js                                                      0.19 kB │ gzip:  0.18 kB
dist-demo/assets/rotate-ccw-D3qIxRB5.js                                                0.20 kB │ gzip:  0.18 kB
dist-demo/assets/lock-C_gy5m-G.js                                                      0.20 kB │ gzip:  0.19 kB
dist-demo/assets/pause-DOqD2bc_.js                                                     0.21 kB │ gzip:  0.16 kB
dist-demo/assets/useDirection-BJcns-TN.js                                              0.21 kB │ gzip:  0.17 kB
dist-demo/assets/ellipsis-BebsSjW-.js                                                  0.22 kB │ gzip:  0.16 kB
dist-demo/assets/library-ByFBZQIh.js                                                   0.23 kB │ gzip:  0.18 kB
dist-demo/assets/useComposing-DDwcwW5e.js                                              0.24 kB │ gzip:  0.18 kB
dist-demo/assets/zap-BJIX8ERt.js                                                       0.26 kB │ gzip:  0.21 kB
dist-demo/assets/triangle-alert-BPwGGIGa.js                                            0.26 kB │ gzip:  0.21 kB
dist-demo/assets/supportsCssTimeline-uCVFtD_U.js                                       0.27 kB │ gzip:  0.16 kB
dist-demo/assets/house-Ba7GdMvg.js                                                     0.28 kB │ gzip:  0.21 kB
dist-demo/assets/usePrimitiveElement-CDVp8Tr1.js                                       0.28 kB │ gzip:  0.22 kB
dist-demo/assets/bell-DRtQCyrr.js                                                      0.29 kB │ gzip:  0.23 kB
dist-demo/assets/createContext-EuCC_P1f.js                                             0.30 kB │ gzip:  0.21 kB
dist-demo/assets/save-CS-Fanlk.js                                                      0.32 kB │ gzip:  0.22 kB
dist-demo/assets/trash-2-BGnG2NA7.js                                                   0.32 kB │ gzip:  0.21 kB
dist-demo/assets/valueDomain-CH1M_fVa.js                                               0.34 kB │ gzip:  0.22 kB
dist-demo/assets/DialogClose-Ce4dNvvc.js                                               0.34 kB │ gzip:  0.27 kB
dist-demo/assets/useResolveTokenColor-CbeaPdov.js                                      0.35 kB │ gzip:  0.24 kB
dist-demo/assets/share-2-BvGfWsL9.js                                                   0.35 kB │ gzip:  0.23 kB
dist-demo/assets/package-BojU7YAt.js                                                   0.37 kB │ gzip:  0.25 kB
dist-demo/assets/CardFooter-dTjpMcGV.js                                                0.38 kB │ gzip:  0.28 kB
dist-demo/assets/file-text-ieucDCzX.js                                                 0.38 kB │ gzip:  0.25 kB
dist-demo/assets/CardContent-DBN4ch1a.js                                               0.38 kB │ gzip:  0.28 kB
dist-demo/assets/DialogFooter-DLmZairP.js                                              0.40 kB │ gzip:  0.30 kB
dist-demo/assets/accent-tone-solve-W7_N0Yhj.js                                         0.42 kB │ gzip:  0.28 kB
dist-demo/assets/field-control.css_vue_type_style_index_0_src_true_lang-BXvq1Mf9.js    0.42 kB │ gzip:  0.28 kB
dist-demo/assets/springProjection-TWaEOzt1.js                                          0.44 kB │ gzip:  0.33 kB
dist-demo/assets/inputs.tile-D56xNV-J.js                                               0.45 kB │ gzip:  0.32 kB
dist-demo/assets/dockContext-D_xo6ybc.js                                               0.47 kB │ gzip:  0.29 kB
dist-demo/assets/star-C0bo3Sun.js                                                      0.47 kB │ gzip:  0.29 kB
dist-demo/assets/clamp-CgcnoKpi.js                                                     0.48 kB │ gzip:  0.29 kB
dist-demo/assets/settings-CX9CCJj6.js                                                  0.48 kB │ gzip:  0.26 kB
dist-demo/assets/underline-DYXa3wF7.js                                                 0.49 kB │ gzip:  0.29 kB
dist-demo/assets/useKbd-D5ogEQRo.js                                                    0.49 kB │ gzip:  0.34 kB
dist-demo/assets/TransitionRouteLink-CRma44l6.js                                       0.56 kB │ gzip:  0.40 kB
dist-demo/assets/Skeleton-DcoHWs0s.js                                                  0.58 kB │ gzip:  0.41 kB
dist-demo/assets/PopperAnchor-BOFHamwS.js                                              0.63 kB │ gzip:  0.41 kB
dist-demo/assets/useFocusGuards-7ot0XqOI.js                                            0.64 kB │ gzip:  0.38 kB
dist-demo/assets/useSize-DqXRFKgy.js                                                   0.64 kB │ gzip:  0.39 kB
dist-demo/assets/defu-DIStycge.js                                                      0.65 kB │ gzip:  0.39 kB
dist-demo/assets/buttons.tile-D29rkUHh.js                                              0.68 kB │ gzip:  0.37 kB
dist-demo/assets/card.tile-CqSgb9WJ.js                                                 0.68 kB │ gzip:  0.38 kB
dist-demo/assets/utils-wU4Gd1dW.js                                                     0.69 kB │ gzip:  0.41 kB
dist-demo/assets/rolldown-runtime-QTnfLwEv.js                                          0.69 kB │ gzip:  0.42 kB
dist-demo/assets/useForwardPropsEmits-BbIH1iPU.js                                      0.71 kB │ gzip:  0.43 kB
dist-demo/assets/sun-DKwCWn4h.js                                                       0.75 kB │ gzip:  0.40 kB
dist-demo/assets/useTypeahead-B9Rfo6Bu.js                                              0.75 kB │ gzip:  0.46 kB
dist-demo/assets/video-BsmYzIgd.js                                                     0.77 kB │ gzip:  0.44 kB
dist-demo/assets/useReducedMotion-Cim4QggP.js                                          0.81 kB │ gzip:  0.44 kB
dist-demo/assets/useScrollTo-D1iATbr8.js                                               0.81 kB │ gzip:  0.48 kB
dist-demo/assets/scrollReader-6VH1U6rx.js                                              0.83 kB │ gzip:  0.39 kB
dist-demo/assets/overview.tile-CrcN_CKb.js                                             0.83 kB │ gzip:  0.42 kB
dist-demo/assets/utils-DTWskMUQ.js                                                     0.84 kB │ gzip:  0.49 kB
dist-demo/assets/DockBackgroundToggle-ORkJJaze.js                                      0.86 kB │ gzip:  0.48 kB
dist-demo/assets/useResizeObserver-LJYBSV4t.js                                         0.86 kB │ gzip:  0.52 kB
dist-demo/assets/VisuallyHidden-CeCTTpdb.js                                            0.89 kB │ gzip:  0.51 kB
dist-demo/assets/RendererStatus-CnAKz2Io.js                                            0.90 kB │ gzip:  0.51 kB
dist-demo/assets/useSingleOrMultipleValue-PjcB2wl4.js                                  0.94 kB │ gzip:  0.48 kB
dist-demo/assets/NotFound-C1eYajPY.js                                                  0.95 kB │ gzip:  0.51 kB
dist-demo/assets/TokenLadder-IWP8gGrC.js                                               0.97 kB │ gzip:  0.56 kB
dist-demo/assets/SelectGroup-DCrPWIWJ.js                                               0.98 kB │ gzip:  0.55 kB
dist-demo/assets/useArrowNavigation-LczgkNfS.js                                        1.01 kB │ gzip:  0.60 kB
dist-demo/assets/FamilyTabs-CvcU8BlI.js                                                1.02 kB │ gzip:  0.59 kB
dist-demo/assets/utils-CS7FIVWB.js                                                     1.07 kB │ gzip:  0.60 kB
dist-demo/assets/DropdownMenuLabel-Db-TwSNs.js                                         1.09 kB │ gzip:  0.53 kB
dist-demo/assets/StatusDot-C5m26F8W.js                                                 1.12 kB │ gzip:  0.58 kB
dist-demo/assets/SectionLanding-3yamvGcy.js                                            1.19 kB │ gzip:  0.68 kB
dist-demo/assets/useClipboard-ChMfJH9T.js                                              1.20 kB │ gzip:  0.69 kB
dist-demo/assets/useIntersectionPause-BFn61EG6.js                                      1.24 kB │ gzip:  0.68 kB
dist-demo/assets/useAnimatedNumber-BiKuIIaY.js                                         1.25 kB │ gzip:  0.63 kB
dist-demo/assets/DockTrigger-DshE2Z20.js                                               1.26 kB │ gzip:  0.60 kB
dist-demo/assets/DockStage-Dj_5GUPV.js                                                 1.27 kB │ gzip:  0.71 kB
dist-demo/assets/CatalogLanding-DmQrT4Q7.js                                            1.28 kB │ gzip:  0.76 kB
dist-demo/assets/pager-dots-BGzRkmbE.js                                                1.34 kB │ gzip:  0.74 kB
dist-demo/assets/createLucideIcon-DD5RgTL8.js                                          1.34 kB │ gzip:  0.77 kB
dist-demo/assets/Collection-TSBLVCAs.js                                                1.35 kB │ gzip:  0.69 kB
dist-demo/assets/writeVelocityWeight-NYB0jNr2.js                                       1.35 kB │ gzip:  0.67 kB
dist-demo/assets/springPresets-BZPe_tPk.js                                             1.36 kB │ gzip:  0.68 kB
dist-demo/assets/LabeledInput-DBOyaPpo.js                                              1.38 kB │ gzip:  0.69 kB
dist-demo/assets/SectionPreviewCard-Bj3guOuP.js                                        1.41 kB │ gzip:  0.75 kB
dist-demo/assets/useSelectionGroup-Dq8A_wae.js                                         1.43 kB │ gzip:  0.73 kB
dist-demo/assets/DarkModeToggle-C7KDK0UB.js                                            1.43 kB │ gzip:  0.84 kB
dist-demo/assets/VizStudio-Db0Tt4Su.js                                                 1.46 kB │ gzip:  0.75 kB
dist-demo/assets/Label-B1qRYoH4.js                                                     1.47 kB │ gzip:  0.75 kB
dist-demo/assets/Textarea-B3ZQ7xN1.js                                                  1.47 kB │ gzip:  0.77 kB
dist-demo/assets/hover-card-BCsUyfIO.js                                                1.48 kB │ gzip:  0.76 kB
dist-demo/assets/Input-CGE435bM.js                                                     1.52 kB │ gzip:  0.78 kB
dist-demo/assets/LabeledSlider-D6elhGCw.js                                             1.55 kB │ gzip:  0.75 kB
dist-demo/assets/CardDescription-K9KNxqTE.js                                           1.59 kB │ gzip:  0.79 kB
dist-demo/assets/SelectTrigger-B8y8LQv8.js                                             1.60 kB │ gzip:  0.86 kB
dist-demo/assets/badge-DBqJVd3E.js                                                     1.61 kB │ gzip:  0.83 kB
dist-demo/assets/DropdownMenuShortcut-CZF4Hg7k.js                                      1.63 kB │ gzip:  0.77 kB
dist-demo/assets/useScrollChrome-ChD17vsm.js                                           1.66 kB │ gzip:  0.91 kB
dist-demo/assets/skeleton-D-i6loZ-.js                                                  1.66 kB │ gzip:  0.68 kB
dist-demo/assets/separator-eLEnXEik.js                                                 1.70 kB │ gzip:  0.61 kB
dist-demo/assets/LabeledField-Cq1FkBHC.js                                              1.71 kB │ gzip:  0.80 kB
dist-demo/assets/intro-B5s2Ec9B.js                                                     1.72 kB │ gzip:  1.02 kB
dist-demo/assets/PopoverTrigger-BYGVWPZq.js                                            1.79 kB │ gzip:  0.87 kB
dist-demo/assets/DropdownMenuRadioItem-DahlhDPY.js                                     1.80 kB │ gzip:  0.82 kB
dist-demo/assets/engine-badge-Dc7qnyKd.js                                              1.87 kB │ gzip:  1.06 kB
dist-demo/assets/countup-RagTC2SS.js                                                   1.88 kB │ gzip:  1.00 kB
dist-demo/assets/xml-DasnpDVC.js                                                       1.89 kB │ gzip:  0.77 kB
dist-demo/assets/useRAFLoop-CkM461Bq.js                                                1.90 kB │ gzip:  0.89 kB
dist-demo/assets/RovingFocusItem-dxT4pGi6.js                                           1.96 kB │ gzip:  0.96 kB
dist-demo/assets/ConfiguratorRow-COoON4cv.js                                           1.97 kB │ gzip:  1.00 kB
dist-demo/assets/chip-bpirJdz7.js                                                      2.01 kB │ gzip:  0.90 kB
dist-demo/assets/useScrollTrigger-B5mPPNEp.js                                          2.02 kB │ gzip:  1.05 kB
dist-demo/assets/metric-sYy-Gowd.js                                                    2.04 kB │ gzip:  1.02 kB
dist-demo/assets/overlays-scrims-COmUP4nL.js                                           2.11 kB │ gzip:  0.98 kB
dist-demo/assets/radii-CbWG4ja7.js                                                     2.11 kB │ gzip:  0.80 kB
dist-demo/assets/shadows-7jXqoL7d.js                                                   2.14 kB │ gzip:  1.02 kB
dist-demo/assets/vSpecular-B0Jv1dip.js                                                 2.17 kB │ gzip:  1.06 kB
dist-demo/assets/sections-bOT7L944.js                                                  2.19 kB │ gzip:  0.89 kB
dist-demo/assets/paper-texture-BvpSjOpf.js                                             2.19 kB │ gzip:  1.17 kB
dist-demo/assets/RovingFocusGroup-D_iUlE5i.js                                          2.20 kB │ gzip:  1.05 kB
dist-demo/assets/glass-panel-UavNtzvm.js                                               2.21 kB │ gzip:  1.12 kB
dist-demo/assets/chart-palette-B5R3BMqy.js                                             2.21 kB │ gzip:  0.99 kB
dist-demo/assets/VisuallyHiddenInput-BMjMyPdV.js                                       2.25 kB │ gzip:  0.89 kB
dist-demo/assets/Button-Bb4b7QQf.js                                                    2.25 kB │ gzip:  0.99 kB
dist-demo/assets/label-Cbln7biP.js                                                     2.27 kB │ gzip:  0.86 kB
dist-demo/assets/surface-C88FAoG5.js                                                   2.34 kB │ gzip:  0.96 kB
dist-demo/assets/TableEmpty-BPh25Ezk.js                                                2.35 kB │ gzip:  0.84 kB
dist-demo/assets/dark-mode-toggle-hE97zpQ6.js                                          2.39 kB │ gzip:  1.12 kB
dist-demo/assets/ConfiguratorLayer-BuHLrba_.js                                         2.45 kB │ gzip:  1.20 kB
dist-demo/assets/useDragMorph-CpJ1w0_O.js                                              2.45 kB │ gzip:  1.17 kB
dist-demo/assets/Separator-Bxo82-rs.js                                                 2.53 kB │ gzip:  0.99 kB
dist-demo/assets/useGraceArea-DefxH4t9.js                                              2.53 kB │ gzip:  1.11 kB
dist-demo/assets/ohash.D__AXeF1-Bg1VnB0V.js                                            2.58 kB │ gzip:  1.05 kB
dist-demo/assets/animated-digit-CqGIg51N.js                                            2.64 kB │ gzip:  1.22 kB
dist-demo/assets/TooltipProvider-CMlHhEVL.js                                           2.71 kB │ gzip:  1.15 kB
dist-demo/assets/useFuzzySearch-CvaXiuWu.js                                            2.79 kB │ gzip:  1.33 kB
dist-demo/assets/useLiquidPress-B0IL2V0t.js                                            2.81 kB │ gzip:  1.23 kB
dist-demo/assets/bash-LmRjUKlR.js                                                      2.83 kB │ gzip:  1.56 kB
dist-demo/assets/virtual-section-4cIrzU9N.js                                           2.86 kB │ gzip:  1.51 kB
dist-demo/assets/context-menu-CUl46itt.js                                              2.88 kB │ gzip:  1.19 kB
dist-demo/assets/surface-tints-CG-aQWEH.js                                             2.90 kB │ gzip:  1.11 kB
dist-demo/assets/toggle-C8O7Y4ab.js                                                    2.95 kB │ gzip:  1.17 kB
dist-demo/assets/form-validation-BzUYhqm6.js                                           3.01 kB │ gzip:  1.45 kB
dist-demo/assets/FocusScope-DlkkmjvT.js                                                3.05 kB │ gzip:  1.37 kB
dist-demo/assets/Toggle-DAHT7X-i.js                                                    3.11 kB │ gzip:  1.23 kB
dist-demo/assets/LabeledSwitch-CQfxLgKl.js                                             3.12 kB │ gzip:  1.09 kB
dist-demo/assets/header-ribbon-CwBO6Ro6.js                                             3.13 kB │ gzip:  1.26 kB
dist-demo/assets/WatercolorDot-DFErtzu0.js                                             3.20 kB │ gzip:  1.67 kB
dist-demo/assets/Card-DqQXH5zB.js                                                      3.20 kB │ gzip:  1.24 kB
dist-demo/assets/class-names-Dq3r48Jn.js                                               3.24 kB │ gzip:  1.42 kB
dist-demo/assets/tooltip-DYnEBwqQ.js                                                   3.24 kB │ gzip:  1.20 kB
dist-demo/assets/chassis-Dm_R84ET.js                                                   3.27 kB │ gzip:  1.28 kB
dist-demo/assets/storyTile-DbMpUNx5.js                                                 3.29 kB │ gzip:  1.47 kB
dist-demo/assets/Presence-CCmx-00S.js                                                  3.38 kB │ gzip:  1.52 kB
dist-demo/assets/overflow-BOOKn8GJ.js                                                  3.39 kB │ gzip:  1.75 kB
dist-demo/assets/select-CSGdSzQd.js                                                    3.47 kB │ gzip:  1.46 kB
dist-demo/assets/status-dot-5vXZOdGa.js                                                3.48 kB │ gzip:  1.33 kB
dist-demo/assets/labeled-field-CS2lBHji.js                                             3.52 kB │ gzip:  1.43 kB
dist-demo/assets/Switch-DsqSHku2.js                                                    3.57 kB │ gzip:  1.47 kB
dist-demo/assets/motion-Ctq6rsBH.js                                                    3.58 kB │ gzip:  1.69 kB
dist-demo/assets/useVirtualSectionWindow-BYG3Rst_.js                                   3.60 kB │ gzip:  1.44 kB
dist-demo/assets/badge-CT1m06ee.js                                                     3.65 kB │ gzip:  1.51 kB
dist-demo/assets/CodeBlock-C1WhCLi7.js                                                 3.67 kB │ gzip:  1.73 kB
dist-demo/assets/ToggleGroupItem-BOeNAL0e.js                                           3.70 kB │ gzip:  1.52 kB
dist-demo/assets/buttons-C8w57e01.js                                                   3.71 kB │ gzip:  1.33 kB
dist-demo/assets/useHideOthers-Cux-kqu_.js                                             3.78 kB │ gzip:  1.64 kB
dist-demo/assets/infinite-scroll-BZpuaHoT.js                                           3.82 kB │ gzip:  1.93 kB
dist-demo/assets/disclosure-context-yN77JMj0.js                                        3.84 kB │ gzip:  1.55 kB
dist-demo/assets/colors-BPvPngNo.js                                                    3.91 kB │ gzip:  1.63 kB
dist-demo/assets/empty-states-Cl75EguR.js                                              3.92 kB │ gzip:  1.90 kB
dist-demo/assets/table-CGnygpOP.js                                                     3.97 kB │ gzip:  1.43 kB
dist-demo/assets/textarea-BASipTms.js                                                  3.99 kB │ gzip:  1.49 kB
dist-demo/assets/reveal-CPdBOxef.js                                                    4.06 kB │ gzip:  1.90 kB
dist-demo/assets/typography-Co7oPPIK.js                                                4.07 kB │ gzip:  1.60 kB
dist-demo/assets/useElementMorph-lzv75kAL.js                                           4.19 kB │ gzip:  1.91 kB
dist-demo/assets/Chip-BCNJ0W63.js                                                      4.35 kB │ gzip:  1.84 kB
dist-demo/assets/useTabRovingFocus-BxleN228.js                                         4.37 kB │ gzip:  1.92 kB
dist-demo/assets/gate-pattern-Drg1Il2H.js                                              4.38 kB │ gzip:  1.95 kB
dist-demo/assets/css-utilities-C-oFf2FF.js                                             4.41 kB │ gzip:  1.40 kB
dist-demo/assets/text-motion-apAayL98.js                                               4.44 kB │ gzip:  2.02 kB
dist-demo/assets/atoms-Cg56Vmr7.js                                                     4.46 kB │ gzip:  1.85 kB
dist-demo/assets/hover-popover-wW6DdbZz.js                                             4.49 kB │ gzip:  1.39 kB
dist-demo/assets/sheet-BmZSLKR4.js                                                     4.52 kB │ gzip:  1.63 kB
dist-demo/assets/AvatarFallback-CEWrl575.js                                            4.52 kB │ gzip:  1.76 kB
dist-demo/assets/MetricStack-Cyrgy66D.js                                               4.72 kB │ gzip:  1.36 kB
dist-demo/assets/Teleport-bOO303RN.js                                                  4.78 kB │ gzip:  1.76 kB
dist-demo/assets/Checkbox-JLDigEzo.js                                                  4.81 kB │ gzip:  1.94 kB
dist-demo/assets/instrument-chassis-B74JMXDT.js                                        4.86 kB │ gzip:  2.06 kB
dist-demo/assets/useConfiguratorState-HFO3XRXe.js                                      5.06 kB │ gzip:  2.16 kB
dist-demo/assets/tempo-DwpXeNk_.js                                                     5.09 kB │ gzip:  2.05 kB
dist-demo/assets/useId-BmTB-8sO.js                                                     5.15 kB │ gzip:  2.24 kB
dist-demo/assets/alert-DfPBMBqo.js                                                     5.16 kB │ gzip:  2.06 kB
dist-demo/assets/icons-OGVV6SJb.js                                                     5.29 kB │ gzip:  2.08 kB
dist-demo/assets/completion-seal-BZJoIomo.js                                           5.31 kB │ gzip:  1.99 kB
dist-demo/assets/controls-qJ4uZO55.js                                                  5.35 kB │ gzip:  2.08 kB
dist-demo/assets/rail-Bgg2igUQ.js                                                      5.38 kB │ gzip:  1.94 kB
dist-demo/assets/auth-shell-B216Your.js                                                5.47 kB │ gzip:  2.41 kB
dist-demo/assets/avatar-Dl06QniX.js                                                    5.48 kB │ gzip:  1.88 kB
dist-demo/assets/keyframes-Y1xO7EA7.js                                                 5.59 kB │ gzip:  2.05 kB
dist-demo/assets/card-DDCPBpuQ.js                                                      5.73 kB │ gzip:  1.89 kB
dist-demo/assets/auroraFallbackGround-BkBQ8gzt.js                                      5.85 kB │ gzip:  2.71 kB
dist-demo/assets/slider-JtSPvwwu.js                                                    6.06 kB │ gzip:  1.81 kB
dist-demo/assets/StoryPage-BpwYgEW5.js                                                 6.22 kB │ gzip:  2.55 kB
dist-demo/assets/collapsible-WJH2rGzW.js                                               6.36 kB │ gzip:  1.99 kB
dist-demo/assets/popover-B_fGeBf0.js                                                   6.39 kB │ gzip:  1.84 kB
dist-demo/assets/useGlassBackdropLuminance-Bz8Ipo_r.js                                 6.46 kB │ gzip:  2.66 kB
dist-demo/assets/settings-DPdBRw8D.js                                                  6.71 kB │ gzip:  2.16 kB
dist-demo/assets/sortable-list-CAuRLQ2T.js                                             6.77 kB │ gzip:  2.02 kB
dist-demo/assets/confirm-dialog-Qce51g8B.js                                            6.83 kB │ gzip:  2.21 kB
dist-demo/assets/dock-search-C9cWe3LV.js                                               7.01 kB │ gzip:  3.30 kB
dist-demo/assets/toast-B5jH3pC8.js                                                     7.03 kB │ gzip:  3.18 kB
dist-demo/assets/SegmentedTabs-BnO1hTOE.js                                             7.18 kB │ gzip:  2.98 kB
dist-demo/assets/cta-receive-BwDa0kR9.js                                               7.54 kB │ gzip:  2.94 kB
dist-demo/assets/typescript-CTV1Js34.js                                                7.67 kB │ gzip:  3.07 kB
dist-demo/assets/PagerDots-Dvrf0xcv.js                                                 7.99 kB │ gzip:  3.63 kB
dist-demo/assets/deck-C-X9B5F1.js                                                      8.09 kB │ gzip:  3.73 kB
dist-demo/assets/tabs-DSlzgnjz.js                                                      8.11 kB │ gzip:  2.99 kB
dist-demo/assets/paper-glass-Bo_VYGJA.js                                               8.14 kB │ gzip:  3.31 kB
dist-demo/assets/configurator-Uc3ODzBA.js                                              8.31 kB │ gzip:  3.26 kB
dist-demo/assets/use-toast-6OAC09_R.js                                                 8.39 kB │ gzip:  3.52 kB
dist-demo/assets/DialogTitle-2vn58fHs.js                                               8.58 kB │ gzip:  2.30 kB
dist-demo/assets/expandable-container-DzRb14vY.js                                      8.64 kB │ gzip:  3.17 kB
dist-demo/assets/dropdown-menu-CGd_cj8N.js                                             8.73 kB │ gzip:  2.80 kB
dist-demo/assets/inputs-DmLOcpEQ.js                                                    9.01 kB │ gzip:  3.22 kB
dist-demo/assets/SortableItem-DCHODe_g.js                                              9.53 kB │ gzip:  3.75 kB
dist-demo/assets/toc-tracking-BytvHGsH.js                                              9.90 kB │ gzip:  3.79 kB
dist-demo/assets/springs-DZLqaydr.js                                                  11.06 kB │ gzip:  4.13 kB
dist-demo/assets/constellation-BuPdNBGI.js                                            11.22 kB │ gzip:  3.85 kB
dist-demo/assets/checks-rQZNspP7.js                                                   11.40 kB │ gzip:  3.55 kB
dist-demo/assets/css-D5l_8KUR.js                                                      11.78 kB │ gzip:  4.22 kB
dist-demo/assets/glass-material-MG9DEBhy.js                                           11.80 kB │ gzip:  3.94 kB
dist-demo/assets/motionTempo-CKrN8XQ8.js                                              11.82 kB │ gzip:  3.83 kB
dist-demo/assets/search-Cg3r81mH.js                                                   12.04 kB │ gzip:  4.59 kB
dist-demo/assets/toaster-CQX5BuB5.js                                                  12.05 kB │ gzip:  4.17 kB
dist-demo/assets/accordion-Ua9UnMSR.js                                                12.19 kB │ gzip:  3.66 kB
dist-demo/assets/timeline-ChY5-0iv.js                                                 12.24 kB │ gzip:  3.39 kB
dist-demo/assets/dialog-DhoaOhmh.js                                                   13.00 kB │ gzip:  3.56 kB
dist-demo/assets/progress-WOjr_sh8.js                                                 13.03 kB │ gzip:  4.57 kB
dist-demo/assets/GlassTimeline-S8EJ5xkt.js                                            13.27 kB │ gzip:  4.44 kB
dist-demo/assets/tags-input-Ey-nhi70.js                                               13.80 kB │ gzip:  4.63 kB
dist-demo/assets/dist-aq9Di5xm.js                                                     13.90 kB │ gzip:  5.84 kB
dist-demo/assets/data-table-BOydb3q2.js                                               14.74 kB │ gzip:  5.22 kB
dist-demo/assets/PresetEditor-C9u52MP9.js                                             14.76 kB │ gzip:  4.79 kB
dist-demo/assets/blob-BHKaiTqv.js                                                     15.77 kB │ gzip:  5.80 kB
dist-demo/assets/scroll-O-meRh5g.js                                                   16.33 kB │ gzip:  5.53 kB
dist-demo/assets/Slider-CyJVz9M1.js                                                   17.00 kB │ gzip:  5.47 kB
dist-demo/assets/layers-Bt1cZKZa.js                                                   17.46 kB │ gzip:  5.85 kB
dist-demo/assets/typewriter-BnR4Qdv-.js                                               18.09 kB │ gzip:  6.07 kB
dist-demo/assets/PopoverContent-DjO7NH3p.js                                           20.23 kB │ gzip:  4.40 kB
dist-demo/assets/core-7waa3wwm.js                                                     20.33 kB │ gzip:  8.01 kB
dist-demo/assets/drawer-DeHC2CR5.js                                                   20.51 kB │ gzip:  6.87 kB
dist-demo/assets/StoryHero-DnD-S6Uj.js                                                21.35 kB │ gzip:  8.61 kB
dist-demo/assets/curve-gallery-BwdMJjVy.js                                            21.65 kB │ gzip:  8.23 kB
dist-demo/assets/overview-BQ7d9TIi.js                                                 21.84 kB │ gzip:  6.10 kB
dist-demo/assets/number-field-B843QpON.js                                             22.91 kB │ gzip:  7.05 kB
dist-demo/assets/runtime-dom.esm-bundler-C7vCU_EZ.js                                  23.75 kB │ gzip:  9.38 kB
dist-demo/assets/value-xkSG0J1b.js                                                    25.26 kB │ gzip: 10.09 kB
dist-demo/assets/routeTransition-C_xEo4sp.js                                          25.64 kB │ gzip:  9.86 kB
dist-demo/assets/floating-CrnPociF.js                                                 26.50 kB │ gzip: 10.06 kB
dist-demo/assets/handmark-CrEHU-bj.js                                                 27.20 kB │ gzip: 10.49 kB
dist-demo/assets/SelectItem-DmlAucQd.js                                               31.07 kB │ gzip:  9.14 kB
dist-demo/assets/carousel-BsQgODhy.js                                                 32.24 kB │ gzip: 11.96 kB
dist-demo/assets/command-BIFq6zx0.js                                                  36.52 kB │ gzip: 10.47 kB
dist-demo/assets/DropdownMenuTrigger-mdu7O8OQ.js                                      41.31 kB │ gzip:  7.86 kB
dist-demo/assets/fourier-field-DCUIcKnZ.js                                            50.70 kB │ gzip: 17.29 kB
dist-demo/assets/aurora-CquJw4ko.js                                                   59.30 kB │ gzip: 16.80 kB
dist-demo/assets/aurora-hero-CavTf-zX.js                                              70.37 kB │ gzip: 19.75 kB
dist-demo/assets/index-CY2GN_3c.js                                                    78.58 kB │ gzip: 25.87 kB
dist-demo/assets/runtime-core.esm-bundler-BKdLzFmX.js                                 84.82 kB │ gzip: 33.10 kB
dist-demo/assets/Blob-aMQD5Rg8.js                                                     93.79 kB │ gzip: 34.34 kB
dist-demo/assets/Aurora-C7I0hpeV.js                                                  208.21 kB │ gzip: 69.36 kB

✓ built in 1.15s
