[1x] aurora wispy/default (landing: Sky) p50=10.2ms p95=11.6ms p99=12.2ms fps=97.98 drop25=0%
[4x] aurora wispy/default (landing: Sky) (4x) p50=10.2ms p95=12ms p99=12.2ms fps=97.98 drop25=0%
[1x] aurora watercolor (Meadow)         p50=10.2ms p95=11.6ms p99=12.1ms fps=98.02 drop25=0%
[4x] aurora watercolor (Meadow) (4x)    p50=10.2ms p95=12ms p99=12.2ms fps=97.96 drop25=0%
[1x] aurora van-Gogh                    p50=30.6ms p95=40.8ms p99=40.9ms fps=34.3 drop25=78.72%
[4x] aurora van-Gogh (4x)               p50=30.5ms p95=40.3ms p99=42.2ms fps=33.58 drop25=83.61%
[1x] aurora oil-pastel (Sunset)         p50=51ms p95=61.2ms p99=62.5ms fps=20.55 drop25=100%
[4x] aurora oil-pastel (Sunset) (4x)    p50=50.8ms p95=60.2ms p99=61.5ms fps=20.44 drop25=100%
[1x] aurora oil (Impasto)               p50=10.3ms p95=20.7ms p99=21.7ms fps=70.3 drop25=0%
[4x] aurora oil (Impasto) (4x)          p50=11.4ms p95=21.7ms p99=22.3ms fps=69.83 drop25=0%
[1x] blob rest                          p50=10.2ms p95=12.2ms p99=12.3ms fps=97.98 drop25=0%
[4x] blob rest (4x)                     p50=10.2ms p95=12.1ms p99=12.2ms fps=97.97 drop25=0%
[1x] blob hover                         p50=10.2ms p95=12.1ms p99=12.2ms fps=97.98 drop25=0%
[4x] blob hover (4x)                    p50=10.2ms p95=12.1ms p99=12.2ms fps=97.98 drop25=0%
[1x] blob click (impulse)               p50=10.2ms p95=12ms p99=12.2ms fps=97.98 drop25=0%
[4x] blob click (impulse) (4x)          p50=10.2ms p95=12ms p99=12.2ms fps=97.98 drop25=0%
[1x] constellation rest                 p50=10.2ms p95=11.8ms p99=12.2ms fps=97.98 drop25=0%
[4x] constellation rest (4x)            p50=10.2ms p95=12ms p99=12.2ms fps=98.01 drop25=0%
[1x] constellation warp                 p50=10.2ms p95=11.5ms p99=12ms fps=97.96 drop25=0%
[4x] constellation warp (4x)            p50=10.2ms p95=12.1ms p99=12.2ms fps=97.98 drop25=0%
[1x] constellation well-hold            p50=10.2ms p95=12.2ms p99=12.2ms fps=97.97 drop25=0%
[4x] constellation well-hold (4x)       p50=10.2ms p95=12.1ms p99=12.2ms fps=97.95 drop25=0%
[1x] fourier-field (hero+final page)    p50=10.2ms p95=12.1ms p99=12.2ms fps=97.98 drop25=0%
[4x] fourier-field (hero+final page) (4x) p50=10.2ms p95=12.1ms p99=12.2ms fps=97.98 drop25=0%
[1x] dock morph (expand/collapse)       p50=10.2ms p95=11.9ms p99=12.2ms fps=97.98 drop25=0%
[4x] dock morph (expand/collapse) (4x)  p50=10.2ms p95=12ms p99=12.2ms fps=97.98 drop25=0%
