
DevTools listening on ws://127.0.0.1:9477/devtools/browser/2582fc8b-5136-4ec7-93a4-2566c72345fe
Created TensorFlow Lite XNNPACK delegate for CPU.
Trying to load the allocator multiple times. This is *not* supported.
[57114:4367995:0705/054647.204428:ERROR:google_apis/gcm/engine/registration_request.cc:291] Registration response error message: DEPRECATED_ENDPOINT
[57479:4369256:0705/054703.795491:VERBOSE1:chrome/updater/updater.cc:374] Version: 151.0.7910.0, opt, ARM_64, command line: /Users/mkbabb/Library/Application Support/Google/GoogleUpdater/151.0.7910.0/GoogleUpdater.app/Contents/MacOS/GoogleUpdater --wake-all --enable-logging --vmodule=*/components/update_client/*=2,*/chrome/enterprise_companion/*=2,*/chrome/updater/*=2
[57479:4369256:0705/054703.795691:VERBOSE1:chrome/updater/updater.cc:377] OS version: 26.4.1, arch: arm64, System uptime (seconds): 59364, parent pid: 57114
[57479:4369256:0705/054703.797774:VERBOSE1:chrome/updater/updater.cc:382] Available disk space in install directory (/Users/mkbabb/Library/Application Support/Google/GoogleUpdater): 769817047040B (716.948GiB) / 1995165736960B (1.815TiB)
[57479:4369256:0705/054703.797793:VERBOSE1:chrome/updater/updater.cc:386] Available disk space in temporary directory (/var/folders/ld/20j4p2791k5_90_0ccgx2txm0000gr/T/): 769817047040B (716.948GiB) / 1995165736960B (1.815TiB)
[57479:4369256:0705/054703.797857:VERBOSE2:chrome/updater/event_history.cc:265] Emitted a UPDATER_PROCESS START event to the history log
[57481:4369260:0705/054703.806985:VERBOSE1:chrome/updater/updater.cc:374] Version: 151.0.7910.0, opt, ARM_64, command line: /Users/mkbabb/Library/Application Support/Google/GoogleUpdater/151.0.7910.0/GoogleUpdater.app/Contents/MacOS/GoogleUpdater --crash-handler --database=/Users/mkbabb/Library/Application Support/Google/GoogleUpdater/151.0.7910.0/Crashpad --url=https://clients2.google.com/cr/report --annotation=prod=Update4 --annotation=ver=151.0.7910.0 --handshake-fd=6 --enable-logging --vmodule=*/components/update_client/*=2,*/chrome/enterprise_companion/*=2,*/chrome/updater/*=2
[57481:4369260:0705/054703.807205:VERBOSE1:chrome/updater/updater.cc:377] OS version: 26.4.1, arch: arm64, System uptime (seconds): 59364, parent pid: 1
[57481:4369260:0705/054703.809272:VERBOSE1:chrome/updater/updater.cc:382] Available disk space in install directory (/Users/mkbabb/Library/Application Support/Google/GoogleUpdater): 769817042944B (716.948GiB) / 1995165736960B (1.815TiB)
[57481:4369260:0705/054703.809291:VERBOSE1:chrome/updater/updater.cc:386] Available disk space in temporary directory (/var/folders/ld/20j4p2791k5_90_0ccgx2txm0000gr/T/): 769817042944B (716.948GiB) / 1995165736960B (1.815TiB)
[57481:4369260:0705/054703.809422:VERBOSE2:chrome/updater/event_history.cc:265] Emitted a UPDATER_PROCESS START event to the history log
[57479:4369256:0705/054703.809934:VERBOSE1:chrome/updater/crash_reporter.cc:124] Crash handler launched and ready.
[57479:4369256:0705/054703.810554:VERBOSE1:chrome/updater/crash_client.cc:108] Found 0 completed crash reports
[57479:4369256:0705/054703.810604:VERBOSE1:chrome/updater/crash_client.cc:132] Found 0 pending crash reports
[57479:4369256:0705/054703.810671:ERROR:third_party/crashpad/crashpad/util/file/file_io_posix.cc:145] open /Users/mkbabb/Library/Application Support/Google/Chrome Dev/Crashpad/settings.dat: No such file or directory (2)
[57479:4369256:0705/054703.810681:ERROR:third_party/crashpad/crashpad/util/file/file_io_posix.cc:145] open /Users/mkbabb/Library/Application Support/Google/RLZ/Crashpad/settings.dat: No such file or directory (2)
[57479:4369256:0705/054703.810688:ERROR:third_party/crashpad/crashpad/util/file/file_io_posix.cc:145] open /Users/mkbabb/Library/Application Support/Google/Chrome Beta/Crashpad/settings.dat: No such file or directory (2)
[57479:4369256:0705/054703.810864:VERBOSE1:chrome/updater/updater.cc:105] Crash reporting initialized.
[57479:4369268:0705/054703.811099:VERBOSE1:chrome/updater/app/app_wakeall.cc:58] Launching `/Users/mkbabb/Library/Application Support/Google/GoogleUpdater/151.0.7910.0/GoogleUpdater.app/Contents/MacOS/GoogleUpdater --wake`
[57482:4369272:0705/054703.818333:VERBOSE1:chrome/updater/updater.cc:374] Version: 151.0.7910.0, opt, ARM_64, command line: /Users/mkbabb/Library/Application Support/Google/GoogleUpdater/151.0.7910.0/GoogleUpdater.app/Contents/MacOS/GoogleUpdater --wake --enable-logging --vmodule=*/components/update_client/*=2,*/chrome/enterprise_companion/*=2,*/chrome/updater/*=2
[57482:4369272:0705/054703.818520:VERBOSE1:chrome/updater/updater.cc:377] OS version: 26.4.1, arch: arm64, System uptime (seconds): 59364, parent pid: 57479
[57482:4369272:0705/054703.820092:VERBOSE1:chrome/updater/updater.cc:382] Available disk space in install directory (/Users/mkbabb/Library/Application Support/Google/GoogleUpdater): 769817038848B (716.948GiB) / 1995165736960B (1.815TiB)
[57482:4369272:0705/054703.820107:VERBOSE1:chrome/updater/updater.cc:386] Available disk space in temporary directory (/var/folders/ld/20j4p2791k5_90_0ccgx2txm0000gr/T/): 769817038848B (716.948GiB) / 1995165736960B (1.815TiB)
[57482:4369272:0705/054703.820164:VERBOSE2:chrome/updater/event_history.cc:265] Emitted a UPDATER_PROCESS START event to the history log
[57484:4369276:0705/054703.827973:VERBOSE1:chrome/updater/updater.cc:374] Version: 151.0.7910.0, opt, ARM_64, command line: /Users/mkbabb/Library/Application Support/Google/GoogleUpdater/151.0.7910.0/GoogleUpdater.app/Contents/MacOS/GoogleUpdater --crash-handler --database=/Users/mkbabb/Library/Application Support/Google/GoogleUpdater/151.0.7910.0/Crashpad --url=https://clients2.google.com/cr/report --annotation=prod=Update4 --annotation=ver=151.0.7910.0 --handshake-fd=6 --enable-logging --vmodule=*/components/update_client/*=2,*/chrome/enterprise_companion/*=2,*/chrome/updater/*=2
[57484:4369276:0705/054703.828186:VERBOSE1:chrome/updater/updater.cc:377] OS version: 26.4.1, arch: arm64, System uptime (seconds): 59364, parent pid: 1
[57484:4369276:0705/054703.830085:VERBOSE1:chrome/updater/updater.cc:382] Available disk space in install directory (/Users/mkbabb/Library/Application Support/Google/GoogleUpdater): 769817038848B (716.948GiB) / 1995165736960B (1.815TiB)
[57484:4369276:0705/054703.830099:VERBOSE1:chrome/updater/updater.cc:386] Available disk space in temporary directory (/var/folders/ld/20j4p2791k5_90_0ccgx2txm0000gr/T/): 769817038848B (716.948GiB) / 1995165736960B (1.815TiB)
[57484:4369276:0705/054703.830159:VERBOSE2:chrome/updater/event_history.cc:265] Emitted a UPDATER_PROCESS START event to the history log
[57482:4369272:0705/054703.830568:VERBOSE1:chrome/updater/crash_reporter.cc:124] Crash handler launched and ready.
[57482:4369272:0705/054703.831356:VERBOSE1:chrome/updater/crash_client.cc:108] Found 0 completed crash reports
[57482:4369272:0705/054703.831409:VERBOSE1:chrome/updater/crash_client.cc:132] Found 0 pending crash reports
[57482:4369272:0705/054703.831476:ERROR:third_party/crashpad/crashpad/util/file/file_io_posix.cc:145] open /Users/mkbabb/Library/Application Support/Google/Chrome Dev/Crashpad/settings.dat: No such file or directory (2)
[57482:4369272:0705/054703.831485:ERROR:third_party/crashpad/crashpad/util/file/file_io_posix.cc:145] open /Users/mkbabb/Library/Application Support/Google/RLZ/Crashpad/settings.dat: No such file or directory (2)
[57482:4369272:0705/054703.831491:ERROR:third_party/crashpad/crashpad/util/file/file_io_posix.cc:145] open /Users/mkbabb/Library/Application Support/Google/Chrome Beta/Crashpad/settings.dat: No such file or directory (2)
[57482:4369272:0705/054703.831638:VERBOSE1:chrome/updater/updater.cc:105] Crash reporting initialized.
[57482:4369272:0705/054703.831776:VERBOSE1:chrome/updater/ipc/update_service_internal_proxy_mojo.cc:61] Run
[57114:4367995:0705/054716.669427:ERROR:google_apis/gcm/engine/registration_request.cc:291] Registration response error message: DEPRECATED_ENDPOINT
[57482:4369272:0705/054720.170908:VERBOSE1:chrome/updater/app/app.cc:52] Shutdown: 0
[57482:4369272:0705/054720.171159:VERBOSE2:chrome/updater/event_history.cc:265] Emitted a UPDATER_PROCESS END event to the history log
[57482:4369272:0705/054720.171172:VERBOSE1:chrome/updater/updater.cc:419] UpdaterMain (--wake) returned 0.
[57479:4369268:0705/054720.229465:VERBOSE1:chrome/updater/app/app_wakeall.cc:68] `/Users/mkbabb/Library/Application Support/Google/GoogleUpdater/151.0.7910.0/GoogleUpdater.app/Contents/MacOS/GoogleUpdater --wake` exited 0
[57479:4369256:0705/054720.229557:VERBOSE1:chrome/updater/app/app.cc:52] Shutdown: 0
[57479:4369256:0705/054720.229819:VERBOSE2:chrome/updater/event_history.cc:265] Emitted a UPDATER_PROCESS END event to the history log
[57479:4369256:0705/054720.229837:VERBOSE1:chrome/updater/updater.cc:419] UpdaterMain (--wake-all) returned 0.
[57484:4369276:0705/054730.183938:VERBOSE2:chrome/updater/event_history.cc:265] Emitted a UPDATER_PROCESS END event to the history log
[57484:4369276:0705/054730.183952:VERBOSE1:chrome/updater/updater.cc:419] UpdaterMain (--crash-handler) returned 0.
[57481:4369260:0705/054730.184662:VERBOSE2:chrome/updater/event_history.cc:265] Emitted a UPDATER_PROCESS END event to the history log
[57481:4369260:0705/054730.184674:VERBOSE1:chrome/updater/updater.cc:419] UpdaterMain (--crash-handler) returned 0.
[57114:4367995:0705/054803.227947:ERROR:google_apis/gcm/engine/registration_request.cc:291] Registration response error message: DEPRECATED_ENDPOINT
