[44836:5829599:0705/133959.871689:ERROR:net/socket/socket_posix.cc:175] bind() failed: Address already in use (48)

DevTools listening on ws://[::1]:9477/devtools/browser/63e2aedb-d5a4-4db2-ab2e-a3142208ac71
Trying to load the allocator multiple times. This is *not* supported.
[44836:5829535:0705/134002.340223:ERROR:google_apis/gcm/engine/registration_request.cc:291] Registration response error message: DEPRECATED_ENDPOINT
Created TensorFlow Lite XNNPACK delegate for CPU.
[45236:5832472:0705/134018.907853:VERBOSE1:chrome/updater/updater.cc:374] Version: 151.0.7910.0, opt, ARM_64, command line: /Users/mkbabb/Library/Application Support/Google/GoogleUpdater/151.0.7910.0/GoogleUpdater.app/Contents/MacOS/GoogleUpdater --wake-all --enable-logging --vmodule=*/components/update_client/*=2,*/chrome/enterprise_companion/*=2,*/chrome/updater/*=2
[45236:5832472:0705/134018.908088:VERBOSE1:chrome/updater/updater.cc:377] OS version: 26.4.1, arch: arm64, System uptime (seconds): 87759, parent pid: 44836
[45236:5832472:0705/134018.910336:VERBOSE1:chrome/updater/updater.cc:382] Available disk space in install directory (/Users/mkbabb/Library/Application Support/Google/GoogleUpdater): 800531562496B (745.553GiB) / 1995165736960B (1.815TiB)
[45236:5832472:0705/134018.910359:VERBOSE1:chrome/updater/updater.cc:386] Available disk space in temporary directory (/var/folders/ld/20j4p2791k5_90_0ccgx2txm0000gr/T/): 800531562496B (745.553GiB) / 1995165736960B (1.815TiB)
[45236:5832472:0705/134018.910433:VERBOSE2:chrome/updater/event_history.cc:265] Emitted a UPDATER_PROCESS START event to the history log
[45238:5832476:0705/134018.919462:VERBOSE1:chrome/updater/updater.cc:374] Version: 151.0.7910.0, opt, ARM_64, command line: /Users/mkbabb/Library/Application Support/Google/GoogleUpdater/151.0.7910.0/GoogleUpdater.app/Contents/MacOS/GoogleUpdater --crash-handler --database=/Users/mkbabb/Library/Application Support/Google/GoogleUpdater/151.0.7910.0/Crashpad --url=https://clients2.google.com/cr/report --annotation=prod=Update4 --annotation=ver=151.0.7910.0 --handshake-fd=6 --enable-logging --vmodule=*/components/update_client/*=2,*/chrome/enterprise_companion/*=2,*/chrome/updater/*=2
[45238:5832476:0705/134018.919685:VERBOSE1:chrome/updater/updater.cc:377] OS version: 26.4.1, arch: arm64, System uptime (seconds): 87759, parent pid: 1
[45238:5832476:0705/134018.921362:VERBOSE1:chrome/updater/updater.cc:382] Available disk space in install directory (/Users/mkbabb/Library/Application Support/Google/GoogleUpdater): 800531554304B (745.553GiB) / 1995165736960B (1.815TiB)
[45238:5832476:0705/134018.921379:VERBOSE1:chrome/updater/updater.cc:386] Available disk space in temporary directory (/var/folders/ld/20j4p2791k5_90_0ccgx2txm0000gr/T/): 800531554304B (745.553GiB) / 1995165736960B (1.815TiB)
[45238:5832476:0705/134018.921438:VERBOSE2:chrome/updater/event_history.cc:265] Emitted a UPDATER_PROCESS START event to the history log
[45236:5832472:0705/134018.921866:VERBOSE1:chrome/updater/crash_reporter.cc:124] Crash handler launched and ready.
[45236:5832472:0705/134018.922487:VERBOSE1:chrome/updater/crash_client.cc:108] Found 0 completed crash reports
[45236:5832472:0705/134018.922546:VERBOSE1:chrome/updater/crash_client.cc:132] Found 0 pending crash reports
[45236:5832472:0705/134018.922623:ERROR:third_party/crashpad/crashpad/util/file/file_io_posix.cc:145] open /Users/mkbabb/Library/Application Support/Google/Chrome Dev/Crashpad/settings.dat: No such file or directory (2)
[45236:5832472:0705/134018.922634:ERROR:third_party/crashpad/crashpad/util/file/file_io_posix.cc:145] open /Users/mkbabb/Library/Application Support/Google/RLZ/Crashpad/settings.dat: No such file or directory (2)
[45236:5832472:0705/134018.922642:ERROR:third_party/crashpad/crashpad/util/file/file_io_posix.cc:145] open /Users/mkbabb/Library/Application Support/Google/Chrome Beta/Crashpad/settings.dat: No such file or directory (2)
[45236:5832472:0705/134018.922919:VERBOSE1:chrome/updater/updater.cc:105] Crash reporting initialized.
[45236:5832484:0705/134018.923365:VERBOSE1:chrome/updater/app/app_wakeall.cc:58] Launching `/Users/mkbabb/Library/Application Support/Google/GoogleUpdater/151.0.7910.0/GoogleUpdater.app/Contents/MacOS/GoogleUpdater --wake`
[45239:5832488:0705/134018.931041:VERBOSE1:chrome/updater/updater.cc:374] Version: 151.0.7910.0, opt, ARM_64, command line: /Users/mkbabb/Library/Application Support/Google/GoogleUpdater/151.0.7910.0/GoogleUpdater.app/Contents/MacOS/GoogleUpdater --wake --enable-logging --vmodule=*/components/update_client/*=2,*/chrome/enterprise_companion/*=2,*/chrome/updater/*=2
[45239:5832488:0705/134018.931251:VERBOSE1:chrome/updater/updater.cc:377] OS version: 26.4.1, arch: arm64, System uptime (seconds): 87759, parent pid: 45236
[45239:5832488:0705/134018.932883:VERBOSE1:chrome/updater/updater.cc:382] Available disk space in install directory (/Users/mkbabb/Library/Application Support/Google/GoogleUpdater): 800531550208B (745.553GiB) / 1995165736960B (1.815TiB)
[45239:5832488:0705/134018.932897:VERBOSE1:chrome/updater/updater.cc:386] Available disk space in temporary directory (/var/folders/ld/20j4p2791k5_90_0ccgx2txm0000gr/T/): 800531550208B (745.553GiB) / 1995165736960B (1.815TiB)
[45239:5832488:0705/134018.932954:VERBOSE2:chrome/updater/event_history.cc:265] Emitted a UPDATER_PROCESS START event to the history log
[45241:5832492:0705/134018.941484:VERBOSE1:chrome/updater/updater.cc:374] Version: 151.0.7910.0, opt, ARM_64, command line: /Users/mkbabb/Library/Application Support/Google/GoogleUpdater/151.0.7910.0/GoogleUpdater.app/Contents/MacOS/GoogleUpdater --crash-handler --database=/Users/mkbabb/Library/Application Support/Google/GoogleUpdater/151.0.7910.0/Crashpad --url=https://clients2.google.com/cr/report --annotation=prod=Update4 --annotation=ver=151.0.7910.0 --handshake-fd=6 --enable-logging --vmodule=*/components/update_client/*=2,*/chrome/enterprise_companion/*=2,*/chrome/updater/*=2
[45241:5832492:0705/134018.941669:VERBOSE1:chrome/updater/updater.cc:377] OS version: 26.4.1, arch: arm64, System uptime (seconds): 87759, parent pid: 1
[45241:5832492:0705/134018.943148:VERBOSE1:chrome/updater/updater.cc:382] Available disk space in install directory (/Users/mkbabb/Library/Application Support/Google/GoogleUpdater): 800531550208B (745.553GiB) / 1995165736960B (1.815TiB)
[45241:5832492:0705/134018.943161:VERBOSE1:chrome/updater/updater.cc:386] Available disk space in temporary directory (/var/folders/ld/20j4p2791k5_90_0ccgx2txm0000gr/T/): 800531550208B (745.553GiB) / 1995165736960B (1.815TiB)
[45241:5832492:0705/134018.943217:VERBOSE2:chrome/updater/event_history.cc:265] Emitted a UPDATER_PROCESS START event to the history log
[45239:5832488:0705/134018.943631:VERBOSE1:chrome/updater/crash_reporter.cc:124] Crash handler launched and ready.
[45239:5832488:0705/134018.944513:VERBOSE1:chrome/updater/crash_client.cc:108] Found 0 completed crash reports
[45239:5832488:0705/134018.944572:VERBOSE1:chrome/updater/crash_client.cc:132] Found 0 pending crash reports
[45239:5832488:0705/134018.944644:ERROR:third_party/crashpad/crashpad/util/file/file_io_posix.cc:145] open /Users/mkbabb/Library/Application Support/Google/Chrome Dev/Crashpad/settings.dat: No such file or directory (2)
[45239:5832488:0705/134018.944653:ERROR:third_party/crashpad/crashpad/util/file/file_io_posix.cc:145] open /Users/mkbabb/Library/Application Support/Google/RLZ/Crashpad/settings.dat: No such file or directory (2)
[45239:5832488:0705/134018.944660:ERROR:third_party/crashpad/crashpad/util/file/file_io_posix.cc:145] open /Users/mkbabb/Library/Application Support/Google/Chrome Beta/Crashpad/settings.dat: No such file or directory (2)
[45239:5832488:0705/134018.944872:VERBOSE1:chrome/updater/updater.cc:105] Crash reporting initialized.
[45239:5832488:0705/134018.945039:VERBOSE1:chrome/updater/ipc/update_service_internal_proxy_mojo.cc:61] Run
[44836:5829535:0705/134024.652101:ERROR:google_apis/gcm/engine/registration_request.cc:291] Registration response error message: DEPRECATED_ENDPOINT
[45239:5832488:0705/134034.684225:VERBOSE1:chrome/updater/app/app.cc:52] Shutdown: 0
[45239:5832488:0705/134034.684463:VERBOSE2:chrome/updater/event_history.cc:265] Emitted a UPDATER_PROCESS END event to the history log
[45239:5832488:0705/134034.684482:VERBOSE1:chrome/updater/updater.cc:419] UpdaterMain (--wake) returned 0.
[45236:5832484:0705/134034.833966:VERBOSE1:chrome/updater/app/app_wakeall.cc:68] `/Users/mkbabb/Library/Application Support/Google/GoogleUpdater/151.0.7910.0/GoogleUpdater.app/Contents/MacOS/GoogleUpdater --wake` exited 0
[45236:5832472:0705/134034.834056:VERBOSE1:chrome/updater/app/app.cc:52] Shutdown: 0
[45236:5832472:0705/134034.834295:VERBOSE2:chrome/updater/event_history.cc:265] Emitted a UPDATER_PROCESS END event to the history log
[45236:5832472:0705/134034.834307:VERBOSE1:chrome/updater/updater.cc:419] UpdaterMain (--wake-all) returned 0.
[45241:5832492:0705/134044.697196:VERBOSE2:chrome/updater/event_history.cc:265] Emitted a UPDATER_PROCESS END event to the history log
[45241:5832492:0705/134044.697223:VERBOSE1:chrome/updater/updater.cc:419] UpdaterMain (--crash-handler) returned 0.
[45238:5832476:0705/134044.698456:VERBOSE2:chrome/updater/event_history.cc:265] Emitted a UPDATER_PROCESS END event to the history log
[45238:5832476:0705/134044.698698:VERBOSE1:chrome/updater/updater.cc:419] UpdaterMain (--crash-handler) returned 0.
[44836:5829535:0705/134112.531016:ERROR:google_apis/gcm/engine/registration_request.cc:291] Registration response error message: DEPRECATED_ENDPOINT
[44836:5829487:0705/134222.613834:ERROR:chrome/browser/ui/views/user_education/impl/browser_user_education_interface_impl.cc:186] Attempting to show IPH IPH_ExtensionsZeroStatePromo before browser initialization complete; IPH will not be shown.
[44847:5829558:0705/134234.150102:ERROR:gpu/command_buffer/service/shared_image/shared_image_manager.cc:254] SharedImageManager::ProduceSkia: Trying to Produce a Skia representation from a non-existent mailbox.
[44847:5829558:0705/134246.204403:ERROR:gpu/command_buffer/service/shared_image/shared_image_manager.cc:254] SharedImageManager::ProduceSkia: Trying to Produce a Skia representation from a non-existent mailbox.
Trying to load the allocator multiple times. This is *not* supported.
WARNING: All log messages before absl::InitializeLog() is called are written to STDERR
I0000 00:00:1783273379.916800 5841220 environment.cc:556] Selected adapter: Apple M5 Max, arch=metal-3, vendor=apple, backend=Metal, adapterType=Integrated GPU
I0000 00:00:1783273379.918752 5841229 environment.cc:556] Selected adapter: Apple M5 Max, arch=metal-3, vendor=apple, backend=Metal, adapterType=Integrated GPU
[44836:5829535:0705/134307.189587:ERROR:google_apis/gcm/engine/registration_request.cc:291] Registration response error message: DEPRECATED_ENDPOINT
[44847:5829558:0705/134454.277396:ERROR:gpu/command_buffer/service/shared_image/shared_image_manager.cc:254] SharedImageManager::ProduceSkia: Trying to Produce a Skia representation from a non-existent mailbox.
[44847:5829558:0705/134457.442944:ERROR:gpu/command_buffer/service/shared_image/shared_image_manager.cc:254] SharedImageManager::ProduceSkia: Trying to Produce a Skia representation from a non-existent mailbox.
[44847:5829558:0705/134457.443079:ERROR:gpu/command_buffer/service/shared_image/shared_image_manager.cc:254] SharedImageManager::ProduceSkia: Trying to Produce a Skia representation from a non-existent mailbox.
[44847:5829558:0705/134457.443346:ERROR:gpu/command_buffer/service/shared_image/shared_image_manager.cc:254] SharedImageManager::ProduceSkia: Trying to Produce a Skia representation from a non-existent mailbox.
[44836:5829535:0705/134613.692167:ERROR:google_apis/gcm/engine/registration_request.cc:291] Registration response error message: DEPRECATED_ENDPOINT
[44836:5829487:0705/134848.344369:ERROR:chrome/browser/ui/views/user_education/impl/browser_user_education_interface_impl.cc:186] Attempting to show IPH IPH_ExtensionsZeroStatePromo before browser initialization complete; IPH will not be shown.
[44836:5829556:0705/134911.809243:ERROR:base/process/process_mac.cc:53] task_policy_set TASK_CATEGORY_POLICY: (os/kern) invalid argument (4)
[44836:5829556:0705/134911.809276:ERROR:base/process/process_mac.cc:98] task_policy_set TASK_SUPPRESSION_POLICY: (os/kern) invalid argument (4)
