dark /foundations/intro                     ready=-1ms nodes=   ? viol=0 ERR:Error: page.goto: net::ERR_CONNECTION_REFUSED at http://localhost:5200/?capture=%2Ffoundations%2Fintro&mode=dark
Call lo
dark /foundations/colors                    ready=-1ms nodes=   ? viol=0 ERR:Error: page.goto: net::ERR_CONNECTION_REFUSED at http://localhost:5200/?capture=%2Ffoundations%2Fcolors&mode=dark
Call l
dark /foundations/typography                ready=-1ms nodes=   ? viol=0 ERR:Error: page.goto: net::ERR_CONNECTION_REFUSED at http://localhost:5200/?capture=%2Ffoundations%2Ftypography&mode=dark
Ca
dark /foundations/radii                     ready=-1ms nodes=   ? viol=0 ERR:Error: page.goto: net::ERR_CONNECTION_REFUSED at http://localhost:5200/?capture=%2Ffoundations%2Fradii&mode=dark
Call lo
dark /foundations/shadows                   ready=-1ms nodes=   ? viol=0 ERR:Error: page.goto: net::ERR_CONNECTION_REFUSED at http://localhost:5200/?capture=%2Ffoundations%2Fshadows&mode=dark
Call 
dark /foundations/motion                    ready=-1ms nodes=   ? viol=0 ERR:Error: page.goto: net::ERR_CONNECTION_REFUSED at http://localhost:5200/?capture=%2Ffoundations%2Fmotion&mode=dark
Call l
dark /foundations/paper-glass               ready=-1ms nodes=   ? viol=0 ERR:Error: page.goto: net::ERR_CONNECTION_REFUSED at http://localhost:5200/?capture=%2Ffoundations%2Fpaper-glass&mode=dark
C
dark /foundations/icons                     ready=-1ms nodes=   ? viol=0 ERR:Error: page.goto: net::ERR_CONNECTION_REFUSED at http://localhost:5200/?capture=%2Ffoundations%2Ficons&mode=dark
Call lo
dark /foundations/surface-tints             ready=-1ms nodes=   ? viol=0 ERR:Error: page.goto: net::ERR_CONNECTION_REFUSED at http://localhost:5200/?capture=%2Ffoundations%2Fsurface-tints&mode=dark
dark /foundations/overlays-scrims           ready=-1ms nodes=   ? viol=0 ERR:Error: page.goto: net::ERR_CONNECTION_REFUSED at http://localhost:5200/?capture=%2Ffoundations%2Foverlays-scrims&mode=da
dark /foundations/chart-chassis-palette     ready=-1ms nodes=   ? viol=0 ERR:Error: page.goto: net::ERR_CONNECTION_REFUSED at http://localhost:5200/?capture=%2Ffoundations%2Fchart-chassis-palette&m
dark /foundations/paper-texture             ready=-1ms nodes=   ? viol=0 ERR:Error: page.goto: net::ERR_CONNECTION_REFUSED at http://localhost:5200/?capture=%2Ffoundations%2Fpaper-texture&mode=dark
dark /foundations/css-utilities             ready=-1ms nodes=   ? viol=0 ERR:Error: page.goto: net::ERR_CONNECTION_REFUSED at http://localhost:5200/?capture=%2Ffoundations%2Fcss-utilities&mode=dark
dark /substrates/aurora                     ready=-1ms nodes=   ? viol=0 ERR:Error: page.goto: net::ERR_CONNECTION_REFUSED at http://localhost:5200/?capture=%2Fsubstrates%2Faurora&mode=dark
Call lo
dark /substrates/blob                       ready=-1ms nodes=   ? viol=0 ERR:Error: page.goto: net::ERR_CONNECTION_REFUSED at http://localhost:5200/?capture=%2Fsubstrates%2Fblob&mode=dark
Call log:
dark /substrates/constellation              ready=-1ms nodes=   ? viol=0 ERR:Error: page.goto: net::ERR_CONNECTION_REFUSED at http://localhost:5200/?capture=%2Fsubstrates%2Fconstellation&mode=dark

dark /substrates/fourier-field              ready=-1ms nodes=   ? viol=0 ERR:Error: page.goto: net::ERR_CONNECTION_REFUSED at http://localhost:5200/?capture=%2Fsubstrates%2Ffourier-field&mode=dark

dark /substrates/glass-material             ready=-1ms nodes=   ? viol=0 ERR:Error: page.goto: net::ERR_CONNECTION_REFUSED at http://localhost:5200/?capture=%2Fsubstrates%2Fglass-material&mode=dark
dark /substrates/glass-panel                ready=-1ms nodes=   ? viol=0 ERR:Error: page.goto: net::ERR_CONNECTION_REFUSED at http://localhost:5200/?capture=%2Fsubstrates%2Fglass-panel&mode=dark
Ca
dark /substrates/dot-flow-field             ready=-1ms nodes=   ? viol=0 ERR:Error: page.goto: net::ERR_CONNECTION_REFUSED at http://localhost:5200/?capture=%2Fsubstrates%2Fdot-flow-field&mode=dark
dark /substrates/concentric                 ready=-1ms nodes=   ? viol=0 ERR:Error: page.goto: net::ERR_CONNECTION_REFUSED at http://localhost:5200/?capture=%2Fsubstrates%2Fconcentric&mode=dark
Cal
dark /substrates/liquid-grid                ready=-1ms nodes=   ? viol=0 ERR:Error: page.goto: net::ERR_CONNECTION_REFUSED at http://localhost:5200/?capture=%2Fsubstrates%2Fliquid-grid&mode=dark
Ca
dark /substrates/dot-matrix                 ready=-1ms nodes=   ? viol=0 ERR:Error: page.goto: net::ERR_CONNECTION_REFUSED at http://localhost:5200/?capture=%2Fsubstrates%2Fdot-matrix&mode=dark
Cal
dark /forms/inputs                          ready=-1ms nodes=   ? viol=0 ERR:Error: page.goto: net::ERR_CONNECTION_REFUSED at http://localhost:5200/?capture=%2Fforms%2Finputs&mode=dark
Call log:
[
dark /forms/textarea                        ready=-1ms nodes=   ? viol=0 ERR:Error: page.goto: net::ERR_CONNECTION_REFUSED at http://localhost:5200/?capture=%2Fforms%2Ftextarea&mode=dark
Call log:

dark /forms/checks                          ready=-1ms nodes=   ? viol=0 ERR:Error: page.goto: net::ERR_CONNECTION_REFUSED at http://localhost:5200/?capture=%2Fforms%2Fchecks&mode=dark
Call log:
[
dark /forms/slider                          ready=-1ms nodes=   ? viol=0 ERR:Error: page.goto: net::ERR_CONNECTION_REFUSED at http://localhost:5200/?capture=%2Fforms%2Fslider&mode=dark
Call log:
[
dark /forms/number-field                    ready=-1ms nodes=   ? viol=0 ERR:Error: page.goto: net::ERR_CONNECTION_REFUSED at http://localhost:5200/?capture=%2Fforms%2Fnumber-field&mode=dark
Call l
dark /forms/select                          ready=-1ms nodes=   ? viol=0 ERR:Error: page.goto: net::ERR_CONNECTION_REFUSED at http://localhost:5200/?capture=%2Fforms%2Fselect&mode=dark
Call log:
[
dark /forms/combobox                        ready=-1ms nodes=   ? viol=0 ERR:Error: page.goto: net::ERR_CONNECTION_REFUSED at http://localhost:5200/?capture=%2Fforms%2Fcombobox&mode=dark
Call log:

dark /forms/multi-select                    ready=-1ms nodes=   ? viol=0 ERR:Error: page.goto: net::ERR_CONNECTION_REFUSED at http://localhost:5200/?capture=%2Fforms%2Fmulti-select&mode=dark
Call l
dark /forms/toggle                          ready=-1ms nodes=   ? viol=0 ERR:Error: page.goto: net::ERR_CONNECTION_REFUSED at http://localhost:5200/?capture=%2Fforms%2Ftoggle&mode=dark
Call log:
[
dark /forms/toggle-chip                     ready=-1ms nodes=   ? viol=0 ERR:Error: page.goto: net::ERR_CONNECTION_REFUSED at http://localhost:5200/?capture=%2Fforms%2Ftoggle-chip&mode=dark
Call lo
dark /forms/selectable-chip                 ready=-1ms nodes=   ? viol=0 ERR:Error: page.goto: net::ERR_CONNECTION_REFUSED at http://localhost:5200/?capture=%2Fforms%2Fselectable-chip&mode=dark
Cal
dark /forms/label                           ready=-1ms nodes=   ? viol=0 ERR:Error: page.goto: net::ERR_CONNECTION_REFUSED at http://localhost:5200/?capture=%2Fforms%2Flabel&mode=dark
Call log:
[2
dark /display/buttons                       ready=-1ms nodes=   ? viol=0 ERR:Error: page.goto: net::ERR_CONNECTION_REFUSED at http://localhost:5200/?capture=%2Fdisplay%2Fbuttons&mode=dark
Call log:
dark /display/card                          ready=-1ms nodes=   ? viol=0 ERR:Error: page.goto: net::ERR_CONNECTION_REFUSED at http://localhost:5200/?capture=%2Fdisplay%2Fcard&mode=dark
Call log:
[
dark /display/badge                         ready=-1ms nodes=   ? viol=0 ERR:Error: page.goto: net::ERR_CONNECTION_REFUSED at http://localhost:5200/?capture=%2Fdisplay%2Fbadge&mode=dark
Call log:

dark /display/separator                     ready=-1ms nodes=   ? viol=0 ERR:Error: page.goto: net::ERR_CONNECTION_REFUSED at http://localhost:5200/?capture=%2Fdisplay%2Fseparator&mode=dark
Call lo
dark /display/section                       ready=-1ms nodes=   ? viol=0 ERR:Error: page.goto: net::ERR_CONNECTION_REFUSED at http://localhost:5200/?capture=%2Fdisplay%2Fsection&mode=dark
Call log:
