
DevTools listening on ws://127.0.0.1:9334/devtools/browser/491fb78a-773c-481a-b2fa-fcd348996d96
Trying to load the allocator multiple times. This is *not* supported.
[78802:12396048:0706/223357.505192:ERROR:google_apis/gcm/engine/registration_request.cc:291] Registration response error message: DEPRECATED_ENDPOINT
Created TensorFlow Lite XNNPACK delegate for CPU.
[79406:12399426:0706/223411.075602:VERBOSE1:chrome/updater/updater.cc:374] Version: 151.0.7910.0, opt, ARM_64, command line: /Users/mkbabb/Library/Application Support/Google/GoogleUpdater/151.0.7910.0/GoogleUpdater.app/Contents/MacOS/GoogleUpdater --wake-all --enable-logging --vmodule=*/components/update_client/*=2,*/chrome/enterprise_companion/*=2,*/chrome/updater/*=2
[79406:12399426:0706/223411.076107:VERBOSE1:chrome/updater/updater.cc:377] OS version: 26.4.1, arch: arm64, System uptime (seconds): 185607, parent pid: 78802
[79406:12399426:0706/223411.079143:VERBOSE1:chrome/updater/updater.cc:382] Available disk space in install directory (/Users/mkbabb/Library/Application Support/Google/GoogleUpdater): 757069287424B (705.076GiB) / 1995165736960B (1.815TiB)
[79406:12399426:0706/223411.079162:VERBOSE1:chrome/updater/updater.cc:386] Available disk space in temporary directory (/var/folders/ld/20j4p2791k5_90_0ccgx2txm0000gr/T/): 757069287424B (705.076GiB) / 1995165736960B (1.815TiB)
[79406:12399426:0706/223411.079251:VERBOSE2:chrome/updater/event_history.cc:265] Emitted a UPDATER_PROCESS START event to the history log
[79408:12399433:0706/223411.091797:VERBOSE1:chrome/updater/updater.cc:374] Version: 151.0.7910.0, opt, ARM_64, command line: /Users/mkbabb/Library/Application Support/Google/GoogleUpdater/151.0.7910.0/GoogleUpdater.app/Contents/MacOS/GoogleUpdater --crash-handler --database=/Users/mkbabb/Library/Application Support/Google/GoogleUpdater/151.0.7910.0/Crashpad --url=https://clients2.google.com/cr/report --annotation=prod=Update4 --annotation=ver=151.0.7910.0 --handshake-fd=6 --enable-logging --vmodule=*/components/update_client/*=2,*/chrome/enterprise_companion/*=2,*/chrome/updater/*=2
[79408:12399433:0706/223411.093555:VERBOSE1:chrome/updater/updater.cc:377] OS version: 26.4.1, arch: arm64, System uptime (seconds): 185607, parent pid: 1
[79408:12399433:0706/223411.097732:VERBOSE1:chrome/updater/updater.cc:382] Available disk space in install directory (/Users/mkbabb/Library/Application Support/Google/GoogleUpdater): 757069414400B (705.076GiB) / 1995165736960B (1.815TiB)
[79408:12399433:0706/223411.097769:VERBOSE1:chrome/updater/updater.cc:386] Available disk space in temporary directory (/var/folders/ld/20j4p2791k5_90_0ccgx2txm0000gr/T/): 757069414400B (705.076GiB) / 1995165736960B (1.815TiB)
[79408:12399433:0706/223411.097852:VERBOSE2:chrome/updater/event_history.cc:265] Emitted a UPDATER_PROCESS START event to the history log
[79406:12399426:0706/223411.098800:VERBOSE1:chrome/updater/crash_reporter.cc:124] Crash handler launched and ready.
[79406:12399426:0706/223411.099846:VERBOSE1:chrome/updater/crash_client.cc:108] Found 0 completed crash reports
[79406:12399426:0706/223411.104978:VERBOSE1:chrome/updater/crash_client.cc:132] Found 0 pending crash reports
[79406:12399426:0706/223411.105157:ERROR:third_party/crashpad/crashpad/util/file/file_io_posix.cc:145] open /Users/mkbabb/Library/Application Support/Google/Chrome Dev/Crashpad/settings.dat: No such file or directory (2)
[79406:12399426:0706/223411.105177:ERROR:third_party/crashpad/crashpad/util/file/file_io_posix.cc:145] open /Users/mkbabb/Library/Application Support/Google/RLZ/Crashpad/settings.dat: No such file or directory (2)
[79406:12399426:0706/223411.105189:ERROR:third_party/crashpad/crashpad/util/file/file_io_posix.cc:145] open /Users/mkbabb/Library/Application Support/Google/Chrome Beta/Crashpad/settings.dat: No such file or directory (2)
[79406:12399426:0706/223411.105855:VERBOSE1:chrome/updater/updater.cc:105] Crash reporting initialized.
[79406:12399472:0706/223411.106486:VERBOSE1:chrome/updater/app/app_wakeall.cc:58] Launching `/Users/mkbabb/Library/Application Support/Google/GoogleUpdater/151.0.7910.0/GoogleUpdater.app/Contents/MacOS/GoogleUpdater --wake`
[79409:12399479:0706/223411.121947:VERBOSE1:chrome/updater/updater.cc:374] Version: 151.0.7910.0, opt, ARM_64, command line: /Users/mkbabb/Library/Application Support/Google/GoogleUpdater/151.0.7910.0/GoogleUpdater.app/Contents/MacOS/GoogleUpdater --wake --enable-logging --vmodule=*/components/update_client/*=2,*/chrome/enterprise_companion/*=2,*/chrome/updater/*=2
[79409:12399479:0706/223411.122573:VERBOSE1:chrome/updater/updater.cc:377] OS version: 26.4.1, arch: arm64, System uptime (seconds): 185607, parent pid: 79406
[79409:12399479:0706/223411.126933:VERBOSE1:chrome/updater/updater.cc:382] Available disk space in install directory (/Users/mkbabb/Library/Application Support/Google/GoogleUpdater): 757069410304B (705.076GiB) / 1995165736960B (1.815TiB)
[79409:12399479:0706/223411.126967:VERBOSE1:chrome/updater/updater.cc:386] Available disk space in temporary directory (/var/folders/ld/20j4p2791k5_90_0ccgx2txm0000gr/T/): 757069410304B (705.076GiB) / 1995165736960B (1.815TiB)
[79409:12399479:0706/223411.130636:VERBOSE2:chrome/updater/event_history.cc:265] Emitted a UPDATER_PROCESS START event to the history log
[79411:12399500:0706/223411.141050:VERBOSE1:chrome/updater/updater.cc:374] Version: 151.0.7910.0, opt, ARM_64, command line: /Users/mkbabb/Library/Application Support/Google/GoogleUpdater/151.0.7910.0/GoogleUpdater.app/Contents/MacOS/GoogleUpdater --crash-handler --database=/Users/mkbabb/Library/Application Support/Google/GoogleUpdater/151.0.7910.0/Crashpad --url=https://clients2.google.com/cr/report --annotation=prod=Update4 --annotation=ver=151.0.7910.0 --handshake-fd=6 --enable-logging --vmodule=*/components/update_client/*=2,*/chrome/enterprise_companion/*=2,*/chrome/updater/*=2
[79411:12399500:0706/223411.145265:VERBOSE1:chrome/updater/updater.cc:377] OS version: 26.4.1, arch: arm64, System uptime (seconds): 185607, parent pid: 1
[79411:12399500:0706/223411.148882:VERBOSE1:chrome/updater/updater.cc:382] Available disk space in install directory (/Users/mkbabb/Library/Application Support/Google/GoogleUpdater): 757069406208B (705.076GiB) / 1995165736960B (1.815TiB)
[79411:12399500:0706/223411.148907:VERBOSE1:chrome/updater/updater.cc:386] Available disk space in temporary directory (/var/folders/ld/20j4p2791k5_90_0ccgx2txm0000gr/T/): 757069406208B (705.076GiB) / 1995165736960B (1.815TiB)
[79411:12399500:0706/223411.148992:VERBOSE2:chrome/updater/event_history.cc:265] Emitted a UPDATER_PROCESS START event to the history log
[79409:12399479:0706/223411.149947:VERBOSE1:chrome/updater/crash_reporter.cc:124] Crash handler launched and ready.
[79409:12399479:0706/223411.153938:VERBOSE1:chrome/updater/crash_client.cc:108] Found 0 completed crash reports
[79409:12399479:0706/223411.160285:VERBOSE1:chrome/updater/crash_client.cc:132] Found 0 pending crash reports
[79409:12399479:0706/223411.163975:ERROR:third_party/crashpad/crashpad/util/file/file_io_posix.cc:145] open /Users/mkbabb/Library/Application Support/Google/Chrome Dev/Crashpad/settings.dat: No such file or directory (2)
[79409:12399479:0706/223411.167995:ERROR:third_party/crashpad/crashpad/util/file/file_io_posix.cc:145] open /Users/mkbabb/Library/Application Support/Google/RLZ/Crashpad/settings.dat: No such file or directory (2)
[79409:12399479:0706/223411.168081:ERROR:third_party/crashpad/crashpad/util/file/file_io_posix.cc:145] open /Users/mkbabb/Library/Application Support/Google/Chrome Beta/Crashpad/settings.dat: No such file or directory (2)
[79409:12399479:0706/223411.172172:VERBOSE1:chrome/updater/updater.cc:105] Crash reporting initialized.
[79409:12399479:0706/223411.176351:VERBOSE1:chrome/updater/ipc/update_service_internal_proxy_mojo.cc:61] Run
[79409:12399479:0706/223415.501501:VERBOSE1:chrome/updater/app/app.cc:52] Shutdown: 0
[79409:12399479:0706/223415.501989:VERBOSE2:chrome/updater/event_history.cc:265] Emitted a UPDATER_PROCESS END event to the history log
[79409:12399479:0706/223415.502003:VERBOSE1:chrome/updater/updater.cc:419] UpdaterMain (--wake) returned 0.
[79411:12399500:0706/223415.503626:VERBOSE2:chrome/updater/event_history.cc:265] Emitted a UPDATER_PROCESS END event to the history log
[79411:12399500:0706/223415.503661:VERBOSE1:chrome/updater/updater.cc:419] UpdaterMain (--crash-handler) returned 0.
[79406:12399472:0706/223415.768022:VERBOSE1:chrome/updater/app/app_wakeall.cc:68] `/Users/mkbabb/Library/Application Support/Google/GoogleUpdater/151.0.7910.0/GoogleUpdater.app/Contents/MacOS/GoogleUpdater --wake` exited 0
[79406:12399426:0706/223415.768163:VERBOSE1:chrome/updater/app/app.cc:52] Shutdown: 0
[79406:12399426:0706/223415.768503:VERBOSE2:chrome/updater/event_history.cc:265] Emitted a UPDATER_PROCESS END event to the history log
[79406:12399426:0706/223415.768515:VERBOSE1:chrome/updater/updater.cc:419] UpdaterMain (--wake-all) returned 0.
[79408:12399433:0706/223415.770047:VERBOSE2:chrome/updater/event_history.cc:265] Emitted a UPDATER_PROCESS END event to the history log
[79408:12399433:0706/223415.770067:VERBOSE1:chrome/updater/updater.cc:419] UpdaterMain (--crash-handler) returned 0.
[78802:12396048:0706/223427.171066:ERROR:google_apis/gcm/engine/registration_request.cc:291] Registration response error message: DEPRECATED_ENDPOINT
