
DevTools listening on ws://127.0.0.1:9335/devtools/browser/80d73261-0efe-4152-b626-72373795be3e
Trying to load the allocator multiple times. This is *not* supported.
[83909:12416627:0706/223657.621110:ERROR:google_apis/gcm/engine/registration_request.cc:291] Registration response error message: DEPRECATED_ENDPOINT
Created TensorFlow Lite XNNPACK delegate for CPU.
[84286:12418635:0706/223714.143667:VERBOSE1:chrome/updater/updater.cc:374] Version: 151.0.7910.0, opt, ARM_64, command line: /Users/mkbabb/Library/Application Support/Google/GoogleUpdater/151.0.7910.0/GoogleUpdater.app/Contents/MacOS/GoogleUpdater --wake-all --enable-logging --vmodule=*/components/update_client/*=2,*/chrome/enterprise_companion/*=2,*/chrome/updater/*=2
[84286:12418635:0706/223714.143968:VERBOSE1:chrome/updater/updater.cc:377] OS version: 26.4.1, arch: arm64, System uptime (seconds): 185790, parent pid: 83909
[84286:12418635:0706/223714.145756:VERBOSE1:chrome/updater/updater.cc:382] Available disk space in install directory (/Users/mkbabb/Library/Application Support/Google/GoogleUpdater): 756743405568B (704.772GiB) / 1995165736960B (1.815TiB)
[84286:12418635:0706/223714.145773:VERBOSE1:chrome/updater/updater.cc:386] Available disk space in temporary directory (/var/folders/ld/20j4p2791k5_90_0ccgx2txm0000gr/T/): 756743405568B (704.772GiB) / 1995165736960B (1.815TiB)
[84286:12418635:0706/223714.145843:VERBOSE2:chrome/updater/event_history.cc:265] Emitted a UPDATER_PROCESS START event to the history log
[84288:12418639:0706/223714.154947:VERBOSE1:chrome/updater/updater.cc:374] Version: 151.0.7910.0, opt, ARM_64, command line: /Users/mkbabb/Library/Application Support/Google/GoogleUpdater/151.0.7910.0/GoogleUpdater.app/Contents/MacOS/GoogleUpdater --crash-handler --database=/Users/mkbabb/Library/Application Support/Google/GoogleUpdater/151.0.7910.0/Crashpad --url=https://clients2.google.com/cr/report --annotation=prod=Update4 --annotation=ver=151.0.7910.0 --handshake-fd=6 --enable-logging --vmodule=*/components/update_client/*=2,*/chrome/enterprise_companion/*=2,*/chrome/updater/*=2
[84288:12418639:0706/223714.155157:VERBOSE1:chrome/updater/updater.cc:377] OS version: 26.4.1, arch: arm64, System uptime (seconds): 185790, parent pid: 1
[84288:12418639:0706/223714.156694:VERBOSE1:chrome/updater/updater.cc:382] Available disk space in install directory (/Users/mkbabb/Library/Application Support/Google/GoogleUpdater): 756743335936B (704.772GiB) / 1995165736960B (1.815TiB)
[84288:12418639:0706/223714.156708:VERBOSE1:chrome/updater/updater.cc:386] Available disk space in temporary directory (/var/folders/ld/20j4p2791k5_90_0ccgx2txm0000gr/T/): 756743335936B (704.772GiB) / 1995165736960B (1.815TiB)
[84288:12418639:0706/223714.156765:VERBOSE2:chrome/updater/event_history.cc:265] Emitted a UPDATER_PROCESS START event to the history log
[84286:12418635:0706/223714.157122:VERBOSE1:chrome/updater/crash_reporter.cc:124] Crash handler launched and ready.
[84286:12418635:0706/223714.157957:VERBOSE1:chrome/updater/crash_client.cc:108] Found 0 completed crash reports
[84286:12418635:0706/223714.158034:VERBOSE1:chrome/updater/crash_client.cc:132] Found 0 pending crash reports
[84286:12418635:0706/223714.158121:ERROR:third_party/crashpad/crashpad/util/file/file_io_posix.cc:145] open /Users/mkbabb/Library/Application Support/Google/Chrome Dev/Crashpad/settings.dat: No such file or directory (2)
[84286:12418635:0706/223714.158135:ERROR:third_party/crashpad/crashpad/util/file/file_io_posix.cc:145] open /Users/mkbabb/Library/Application Support/Google/RLZ/Crashpad/settings.dat: No such file or directory (2)
[84286:12418635:0706/223714.158147:ERROR:third_party/crashpad/crashpad/util/file/file_io_posix.cc:145] open /Users/mkbabb/Library/Application Support/Google/Chrome Beta/Crashpad/settings.dat: No such file or directory (2)
[84286:12418635:0706/223714.158322:VERBOSE1:chrome/updater/updater.cc:105] Crash reporting initialized.
[84286:12418647:0706/223714.158606:VERBOSE1:chrome/updater/app/app_wakeall.cc:58] Launching `/Users/mkbabb/Library/Application Support/Google/GoogleUpdater/151.0.7910.0/GoogleUpdater.app/Contents/MacOS/GoogleUpdater --wake`
[84289:12418651:0706/223714.167311:VERBOSE1:chrome/updater/updater.cc:374] Version: 151.0.7910.0, opt, ARM_64, command line: /Users/mkbabb/Library/Application Support/Google/GoogleUpdater/151.0.7910.0/GoogleUpdater.app/Contents/MacOS/GoogleUpdater --wake --enable-logging --vmodule=*/components/update_client/*=2,*/chrome/enterprise_companion/*=2,*/chrome/updater/*=2
[84289:12418651:0706/223714.167538:VERBOSE1:chrome/updater/updater.cc:377] OS version: 26.4.1, arch: arm64, System uptime (seconds): 185791, parent pid: 84286
[84289:12418651:0706/223714.170440:VERBOSE1:chrome/updater/updater.cc:382] Available disk space in install directory (/Users/mkbabb/Library/Application Support/Google/GoogleUpdater): 756743331840B (704.772GiB) / 1995165736960B (1.815TiB)
[84289:12418651:0706/223714.170459:VERBOSE1:chrome/updater/updater.cc:386] Available disk space in temporary directory (/var/folders/ld/20j4p2791k5_90_0ccgx2txm0000gr/T/): 756743331840B (704.772GiB) / 1995165736960B (1.815TiB)
[84289:12418651:0706/223714.170518:VERBOSE2:chrome/updater/event_history.cc:265] Emitted a UPDATER_PROCESS START event to the history log
[84292:12418657:0706/223714.178697:VERBOSE1:chrome/updater/updater.cc:374] Version: 151.0.7910.0, opt, ARM_64, command line: /Users/mkbabb/Library/Application Support/Google/GoogleUpdater/151.0.7910.0/GoogleUpdater.app/Contents/MacOS/GoogleUpdater --crash-handler --database=/Users/mkbabb/Library/Application Support/Google/GoogleUpdater/151.0.7910.0/Crashpad --url=https://clients2.google.com/cr/report --annotation=prod=Update4 --annotation=ver=151.0.7910.0 --handshake-fd=6 --enable-logging --vmodule=*/components/update_client/*=2,*/chrome/enterprise_companion/*=2,*/chrome/updater/*=2
[84292:12418657:0706/223714.178880:VERBOSE1:chrome/updater/updater.cc:377] OS version: 26.4.1, arch: arm64, System uptime (seconds): 185791, parent pid: 1
[84292:12418657:0706/223714.181135:VERBOSE1:chrome/updater/updater.cc:382] Available disk space in install directory (/Users/mkbabb/Library/Application Support/Google/GoogleUpdater): 756743323648B (704.772GiB) / 1995165736960B (1.815TiB)
[84292:12418657:0706/223714.181151:VERBOSE1:chrome/updater/updater.cc:386] Available disk space in temporary directory (/var/folders/ld/20j4p2791k5_90_0ccgx2txm0000gr/T/): 756743323648B (704.772GiB) / 1995165736960B (1.815TiB)
[84292:12418657:0706/223714.181212:VERBOSE2:chrome/updater/event_history.cc:265] Emitted a UPDATER_PROCESS START event to the history log
[84289:12418651:0706/223714.181736:VERBOSE1:chrome/updater/crash_reporter.cc:124] Crash handler launched and ready.
[84289:12418651:0706/223714.182349:VERBOSE1:chrome/updater/crash_client.cc:108] Found 0 completed crash reports
[84289:12418651:0706/223714.182419:VERBOSE1:chrome/updater/crash_client.cc:132] Found 0 pending crash reports
[84289:12418651:0706/223714.182497:ERROR:third_party/crashpad/crashpad/util/file/file_io_posix.cc:145] open /Users/mkbabb/Library/Application Support/Google/Chrome Dev/Crashpad/settings.dat: No such file or directory (2)
[84289:12418651:0706/223714.182507:ERROR:third_party/crashpad/crashpad/util/file/file_io_posix.cc:145] open /Users/mkbabb/Library/Application Support/Google/RLZ/Crashpad/settings.dat: No such file or directory (2)
[84289:12418651:0706/223714.182513:ERROR:third_party/crashpad/crashpad/util/file/file_io_posix.cc:145] open /Users/mkbabb/Library/Application Support/Google/Chrome Beta/Crashpad/settings.dat: No such file or directory (2)
[84289:12418651:0706/223714.182660:VERBOSE1:chrome/updater/updater.cc:105] Crash reporting initialized.
[84289:12418651:0706/223714.182812:VERBOSE1:chrome/updater/ipc/update_service_internal_proxy_mojo.cc:61] Run
[83909:12416627:0706/223724.308528:ERROR:google_apis/gcm/engine/registration_request.cc:291] Registration response error message: DEPRECATED_ENDPOINT
[84289:12418651:0706/223731.062281:VERBOSE1:chrome/updater/app/app.cc:52] Shutdown: 0
[84289:12418651:0706/223731.062592:VERBOSE2:chrome/updater/event_history.cc:265] Emitted a UPDATER_PROCESS END event to the history log
[84289:12418651:0706/223731.062634:VERBOSE1:chrome/updater/updater.cc:419] UpdaterMain (--wake) returned 0.
[84286:12418647:0706/223731.126200:VERBOSE1:chrome/updater/app/app_wakeall.cc:68] `/Users/mkbabb/Library/Application Support/Google/GoogleUpdater/151.0.7910.0/GoogleUpdater.app/Contents/MacOS/GoogleUpdater --wake` exited 0
[84286:12418635:0706/223731.126347:VERBOSE1:chrome/updater/app/app.cc:52] Shutdown: 0
[84286:12418635:0706/223731.126684:VERBOSE2:chrome/updater/event_history.cc:265] Emitted a UPDATER_PROCESS END event to the history log
[84286:12418635:0706/223731.126706:VERBOSE1:chrome/updater/updater.cc:419] UpdaterMain (--wake-all) returned 0.
[84292:12418657:0706/223741.075870:VERBOSE2:chrome/updater/event_history.cc:265] Emitted a UPDATER_PROCESS END event to the history log
[84292:12418657:0706/223741.076100:VERBOSE1:chrome/updater/updater.cc:419] UpdaterMain (--crash-handler) returned 0.
[84288:12418639:0706/223741.077196:VERBOSE2:chrome/updater/event_history.cc:265] Emitted a UPDATER_PROCESS END event to the history log
[84288:12418639:0706/223741.077214:VERBOSE1:chrome/updater/updater.cc:419] UpdaterMain (--crash-handler) returned 0.
[83909:12416627:0706/223804.659981:ERROR:google_apis/gcm/engine/registration_request.cc:291] Registration response error message: DEPRECATED_ENDPOINT
