
DevTools listening on ws://127.0.0.1:9334/devtools/browser/49e3751d-b9d6-4b62-b2ca-8383f3ec45b1
Trying to load the allocator multiple times. This is *not* supported.
[77626:12391752:0706/223301.614676:ERROR:google_apis/gcm/engine/registration_request.cc:291] Registration response error message: DEPRECATED_ENDPOINT
Created TensorFlow Lite XNNPACK delegate for CPU.
[78109:12393663:0706/223318.055934:VERBOSE1:chrome/updater/updater.cc:374] Version: 151.0.7910.0, opt, ARM_64, command line: /Users/mkbabb/Library/Application Support/Google/GoogleUpdater/151.0.7910.0/GoogleUpdater.app/Contents/MacOS/GoogleUpdater --wake-all --enable-logging --vmodule=*/components/update_client/*=2,*/chrome/enterprise_companion/*=2,*/chrome/updater/*=2
[78109:12393663:0706/223318.056144:VERBOSE1:chrome/updater/updater.cc:377] OS version: 26.4.1, arch: arm64, System uptime (seconds): 185554, parent pid: 77626
[78109:12393663:0706/223318.057930:VERBOSE1:chrome/updater/updater.cc:382] Available disk space in install directory (/Users/mkbabb/Library/Application Support/Google/GoogleUpdater): 757086789632B (705.092GiB) / 1995165736960B (1.815TiB)
[78109:12393663:0706/223318.057949:VERBOSE1:chrome/updater/updater.cc:386] Available disk space in temporary directory (/var/folders/ld/20j4p2791k5_90_0ccgx2txm0000gr/T/): 757086789632B (705.092GiB) / 1995165736960B (1.815TiB)
[78109:12393663:0706/223318.058008:VERBOSE2:chrome/updater/event_history.cc:265] Emitted a UPDATER_PROCESS START event to the history log
[78111:12393667:0706/223318.067459:VERBOSE1:chrome/updater/updater.cc:374] Version: 151.0.7910.0, opt, ARM_64, command line: /Users/mkbabb/Library/Application Support/Google/GoogleUpdater/151.0.7910.0/GoogleUpdater.app/Contents/MacOS/GoogleUpdater --crash-handler --database=/Users/mkbabb/Library/Application Support/Google/GoogleUpdater/151.0.7910.0/Crashpad --url=https://clients2.google.com/cr/report --annotation=prod=Update4 --annotation=ver=151.0.7910.0 --handshake-fd=6 --enable-logging --vmodule=*/components/update_client/*=2,*/chrome/enterprise_companion/*=2,*/chrome/updater/*=2
[78111:12393667:0706/223318.067670:VERBOSE1:chrome/updater/updater.cc:377] OS version: 26.4.1, arch: arm64, System uptime (seconds): 185554, parent pid: 1
[78111:12393667:0706/223318.069308:VERBOSE1:chrome/updater/updater.cc:382] Available disk space in install directory (/Users/mkbabb/Library/Application Support/Google/GoogleUpdater): 757086785536B (705.092GiB) / 1995165736960B (1.815TiB)
[78111:12393667:0706/223318.069324:VERBOSE1:chrome/updater/updater.cc:386] Available disk space in temporary directory (/var/folders/ld/20j4p2791k5_90_0ccgx2txm0000gr/T/): 757086785536B (705.092GiB) / 1995165736960B (1.815TiB)
[78111:12393667:0706/223318.069388:VERBOSE2:chrome/updater/event_history.cc:265] Emitted a UPDATER_PROCESS START event to the history log
[78109:12393663:0706/223318.069932:VERBOSE1:chrome/updater/crash_reporter.cc:124] Crash handler launched and ready.
[78109:12393663:0706/223318.070855:VERBOSE1:chrome/updater/crash_client.cc:108] Found 0 completed crash reports
[78109:12393663:0706/223318.070942:VERBOSE1:chrome/updater/crash_client.cc:132] Found 0 pending crash reports
[78109:12393663:0706/223318.071038:ERROR:third_party/crashpad/crashpad/util/file/file_io_posix.cc:145] open /Users/mkbabb/Library/Application Support/Google/Chrome Dev/Crashpad/settings.dat: No such file or directory (2)
[78109:12393663:0706/223318.071064:ERROR:third_party/crashpad/crashpad/util/file/file_io_posix.cc:145] open /Users/mkbabb/Library/Application Support/Google/RLZ/Crashpad/settings.dat: No such file or directory (2)
[78109:12393663:0706/223318.071076:ERROR:third_party/crashpad/crashpad/util/file/file_io_posix.cc:145] open /Users/mkbabb/Library/Application Support/Google/Chrome Beta/Crashpad/settings.dat: No such file or directory (2)
[78109:12393663:0706/223318.071281:VERBOSE1:chrome/updater/updater.cc:105] Crash reporting initialized.
[78109:12393675:0706/223318.071632:VERBOSE1:chrome/updater/app/app_wakeall.cc:58] Launching `/Users/mkbabb/Library/Application Support/Google/GoogleUpdater/151.0.7910.0/GoogleUpdater.app/Contents/MacOS/GoogleUpdater --wake`
[78112:12393679:0706/223318.079255:VERBOSE1:chrome/updater/updater.cc:374] Version: 151.0.7910.0, opt, ARM_64, command line: /Users/mkbabb/Library/Application Support/Google/GoogleUpdater/151.0.7910.0/GoogleUpdater.app/Contents/MacOS/GoogleUpdater --wake --enable-logging --vmodule=*/components/update_client/*=2,*/chrome/enterprise_companion/*=2,*/chrome/updater/*=2
[78112:12393679:0706/223318.079534:VERBOSE1:chrome/updater/updater.cc:377] OS version: 26.4.1, arch: arm64, System uptime (seconds): 185554, parent pid: 78109
[78112:12393679:0706/223318.082328:VERBOSE1:chrome/updater/updater.cc:382] Available disk space in install directory (/Users/mkbabb/Library/Application Support/Google/GoogleUpdater): 757086781440B (705.092GiB) / 1995165736960B (1.815TiB)
[78112:12393679:0706/223318.082349:VERBOSE1:chrome/updater/updater.cc:386] Available disk space in temporary directory (/var/folders/ld/20j4p2791k5_90_0ccgx2txm0000gr/T/): 757086781440B (705.092GiB) / 1995165736960B (1.815TiB)
[78112:12393679:0706/223318.082415:VERBOSE2:chrome/updater/event_history.cc:265] Emitted a UPDATER_PROCESS START event to the history log
[78114:12393683:0706/223318.091893:VERBOSE1:chrome/updater/updater.cc:374] Version: 151.0.7910.0, opt, ARM_64, command line: /Users/mkbabb/Library/Application Support/Google/GoogleUpdater/151.0.7910.0/GoogleUpdater.app/Contents/MacOS/GoogleUpdater --crash-handler --database=/Users/mkbabb/Library/Application Support/Google/GoogleUpdater/151.0.7910.0/Crashpad --url=https://clients2.google.com/cr/report --annotation=prod=Update4 --annotation=ver=151.0.7910.0 --handshake-fd=6 --enable-logging --vmodule=*/components/update_client/*=2,*/chrome/enterprise_companion/*=2,*/chrome/updater/*=2
[78114:12393683:0706/223318.092313:VERBOSE1:chrome/updater/updater.cc:377] OS version: 26.4.1, arch: arm64, System uptime (seconds): 185554, parent pid: 1
[78114:12393683:0706/223318.094412:VERBOSE1:chrome/updater/updater.cc:382] Available disk space in install directory (/Users/mkbabb/Library/Application Support/Google/GoogleUpdater): 757086781440B (705.092GiB) / 1995165736960B (1.815TiB)
[78114:12393683:0706/223318.094428:VERBOSE1:chrome/updater/updater.cc:386] Available disk space in temporary directory (/var/folders/ld/20j4p2791k5_90_0ccgx2txm0000gr/T/): 757086781440B (705.092GiB) / 1995165736960B (1.815TiB)
[78114:12393683:0706/223318.094506:VERBOSE2:chrome/updater/event_history.cc:265] Emitted a UPDATER_PROCESS START event to the history log
[78112:12393679:0706/223318.094985:VERBOSE1:chrome/updater/crash_reporter.cc:124] Crash handler launched and ready.
[78112:12393679:0706/223318.095905:VERBOSE1:chrome/updater/crash_client.cc:108] Found 0 completed crash reports
[78112:12393679:0706/223318.095992:VERBOSE1:chrome/updater/crash_client.cc:132] Found 0 pending crash reports
[78112:12393679:0706/223318.096090:ERROR:third_party/crashpad/crashpad/util/file/file_io_posix.cc:145] open /Users/mkbabb/Library/Application Support/Google/Chrome Dev/Crashpad/settings.dat: No such file or directory (2)
[78112:12393679:0706/223318.096103:ERROR:third_party/crashpad/crashpad/util/file/file_io_posix.cc:145] open /Users/mkbabb/Library/Application Support/Google/RLZ/Crashpad/settings.dat: No such file or directory (2)
[78112:12393679:0706/223318.096113:ERROR:third_party/crashpad/crashpad/util/file/file_io_posix.cc:145] open /Users/mkbabb/Library/Application Support/Google/Chrome Beta/Crashpad/settings.dat: No such file or directory (2)
[78112:12393679:0706/223318.096294:VERBOSE1:chrome/updater/updater.cc:105] Crash reporting initialized.
[78112:12393679:0706/223318.096533:VERBOSE1:chrome/updater/ipc/update_service_internal_proxy_mojo.cc:61] Run
[77626:12391752:0706/223325.786359:ERROR:google_apis/gcm/engine/registration_request.cc:291] Registration response error message: DEPRECATED_ENDPOINT
[78112:12393679:0706/223333.731854:VERBOSE1:chrome/updater/app/app.cc:52] Shutdown: 0
[78112:12393679:0706/223333.732437:VERBOSE2:chrome/updater/event_history.cc:265] Emitted a UPDATER_PROCESS END event to the history log
[78112:12393679:0706/223333.732461:VERBOSE1:chrome/updater/updater.cc:419] UpdaterMain (--wake) returned 0.
[78109:12393675:0706/223333.949906:VERBOSE1:chrome/updater/app/app_wakeall.cc:68] `/Users/mkbabb/Library/Application Support/Google/GoogleUpdater/151.0.7910.0/GoogleUpdater.app/Contents/MacOS/GoogleUpdater --wake` exited 0
[78109:12393663:0706/223333.950085:VERBOSE1:chrome/updater/app/app.cc:52] Shutdown: 0
[78109:12393663:0706/223333.950420:VERBOSE2:chrome/updater/event_history.cc:265] Emitted a UPDATER_PROCESS END event to the history log
[78109:12393663:0706/223333.950447:VERBOSE1:chrome/updater/updater.cc:419] UpdaterMain (--wake-all) returned 0.
[78114:12393683:0706/223404.229298:VERBOSE2:chrome/updater/event_history.cc:265] Emitted a UPDATER_PROCESS END event to the history log
[78114:12393683:0706/223404.230295:VERBOSE1:chrome/updater/updater.cc:419] UpdaterMain (--crash-handler) returned 0.
[78111:12393667:0706/223404.231535:VERBOSE2:chrome/updater/event_history.cc:265] Emitted a UPDATER_PROCESS END event to the history log
[78111:12393667:0706/223404.231555:VERBOSE1:chrome/updater/updater.cc:419] UpdaterMain (--crash-handler) returned 0.
