
DevTools listening on ws://127.0.0.1:9334/devtools/browser/8bb77e47-4a40-4038-8a56-cd051a3e7b64
Trying to load the allocator multiple times. This is *not* supported.
[66449:12348357:0706/222325.275720:ERROR:google_apis/gcm/engine/registration_request.cc:291] Registration response error message: DEPRECATED_ENDPOINT
Created TensorFlow Lite XNNPACK delegate for CPU.
[66895:12350217:0706/222341.680367:VERBOSE1:chrome/updater/updater.cc:374] Version: 151.0.7910.0, opt, ARM_64, command line: /Users/mkbabb/Library/Application Support/Google/GoogleUpdater/151.0.7910.0/GoogleUpdater.app/Contents/MacOS/GoogleUpdater --wake-all --enable-logging --vmodule=*/components/update_client/*=2,*/chrome/enterprise_companion/*=2,*/chrome/updater/*=2
[66895:12350217:0706/222341.680723:VERBOSE1:chrome/updater/updater.cc:377] OS version: 26.4.1, arch: arm64, System uptime (seconds): 184978, parent pid: 66449
[66895:12350217:0706/222341.683180:VERBOSE1:chrome/updater/updater.cc:382] Available disk space in install directory (/Users/mkbabb/Library/Application Support/Google/GoogleUpdater): 757636120576B (705.604GiB) / 1995165736960B (1.815TiB)
[66895:12350217:0706/222341.683199:VERBOSE1:chrome/updater/updater.cc:386] Available disk space in temporary directory (/var/folders/ld/20j4p2791k5_90_0ccgx2txm0000gr/T/): 757636120576B (705.604GiB) / 1995165736960B (1.815TiB)
[66895:12350217:0706/222341.683269:VERBOSE2:chrome/updater/event_history.cc:265] Emitted a UPDATER_PROCESS START event to the history log
[66897:12350221:0706/222341.692269:VERBOSE1:chrome/updater/updater.cc:374] Version: 151.0.7910.0, opt, ARM_64, command line: /Users/mkbabb/Library/Application Support/Google/GoogleUpdater/151.0.7910.0/GoogleUpdater.app/Contents/MacOS/GoogleUpdater --crash-handler --database=/Users/mkbabb/Library/Application Support/Google/GoogleUpdater/151.0.7910.0/Crashpad --url=https://clients2.google.com/cr/report --annotation=prod=Update4 --annotation=ver=151.0.7910.0 --handshake-fd=6 --enable-logging --vmodule=*/components/update_client/*=2,*/chrome/enterprise_companion/*=2,*/chrome/updater/*=2
[66897:12350221:0706/222341.692487:VERBOSE1:chrome/updater/updater.cc:377] OS version: 26.4.1, arch: arm64, System uptime (seconds): 184978, parent pid: 1
[66897:12350221:0706/222341.694204:VERBOSE1:chrome/updater/updater.cc:382] Available disk space in install directory (/Users/mkbabb/Library/Application Support/Google/GoogleUpdater): 757636116480B (705.604GiB) / 1995165736960B (1.815TiB)
[66897:12350221:0706/222341.694222:VERBOSE1:chrome/updater/updater.cc:386] Available disk space in temporary directory (/var/folders/ld/20j4p2791k5_90_0ccgx2txm0000gr/T/): 757636116480B (705.604GiB) / 1995165736960B (1.815TiB)
[66897:12350221:0706/222341.694300:VERBOSE2:chrome/updater/event_history.cc:265] Emitted a UPDATER_PROCESS START event to the history log
[66895:12350217:0706/222341.694679:VERBOSE1:chrome/updater/crash_reporter.cc:124] Crash handler launched and ready.
[66895:12350217:0706/222341.695229:VERBOSE1:chrome/updater/crash_client.cc:108] Found 0 completed crash reports
[66895:12350217:0706/222341.695297:VERBOSE1:chrome/updater/crash_client.cc:132] Found 0 pending crash reports
[66895:12350217:0706/222341.695370:ERROR:third_party/crashpad/crashpad/util/file/file_io_posix.cc:145] open /Users/mkbabb/Library/Application Support/Google/Chrome Dev/Crashpad/settings.dat: No such file or directory (2)
[66895:12350217:0706/222341.695379:ERROR:third_party/crashpad/crashpad/util/file/file_io_posix.cc:145] open /Users/mkbabb/Library/Application Support/Google/RLZ/Crashpad/settings.dat: No such file or directory (2)
[66895:12350217:0706/222341.695386:ERROR:third_party/crashpad/crashpad/util/file/file_io_posix.cc:145] open /Users/mkbabb/Library/Application Support/Google/Chrome Beta/Crashpad/settings.dat: No such file or directory (2)
[66895:12350217:0706/222341.695555:VERBOSE1:chrome/updater/updater.cc:105] Crash reporting initialized.
[66895:12350229:0706/222341.695822:VERBOSE1:chrome/updater/app/app_wakeall.cc:58] Launching `/Users/mkbabb/Library/Application Support/Google/GoogleUpdater/151.0.7910.0/GoogleUpdater.app/Contents/MacOS/GoogleUpdater --wake`
[66898:12350233:0706/222341.704375:VERBOSE1:chrome/updater/updater.cc:374] Version: 151.0.7910.0, opt, ARM_64, command line: /Users/mkbabb/Library/Application Support/Google/GoogleUpdater/151.0.7910.0/GoogleUpdater.app/Contents/MacOS/GoogleUpdater --wake --enable-logging --vmodule=*/components/update_client/*=2,*/chrome/enterprise_companion/*=2,*/chrome/updater/*=2
[66898:12350233:0706/222341.704615:VERBOSE1:chrome/updater/updater.cc:377] OS version: 26.4.1, arch: arm64, System uptime (seconds): 184978, parent pid: 66895
[66898:12350233:0706/222341.706455:VERBOSE1:chrome/updater/updater.cc:382] Available disk space in install directory (/Users/mkbabb/Library/Application Support/Google/GoogleUpdater): 757636112384B (705.604GiB) / 1995165736960B (1.815TiB)
[66898:12350233:0706/222341.706508:VERBOSE1:chrome/updater/updater.cc:386] Available disk space in temporary directory (/var/folders/ld/20j4p2791k5_90_0ccgx2txm0000gr/T/): 757636112384B (705.604GiB) / 1995165736960B (1.815TiB)
[66898:12350233:0706/222341.706575:VERBOSE2:chrome/updater/event_history.cc:265] Emitted a UPDATER_PROCESS START event to the history log
[66900:12350238:0706/222341.715851:VERBOSE1:chrome/updater/updater.cc:374] Version: 151.0.7910.0, opt, ARM_64, command line: /Users/mkbabb/Library/Application Support/Google/GoogleUpdater/151.0.7910.0/GoogleUpdater.app/Contents/MacOS/GoogleUpdater --crash-handler --database=/Users/mkbabb/Library/Application Support/Google/GoogleUpdater/151.0.7910.0/Crashpad --url=https://clients2.google.com/cr/report --annotation=prod=Update4 --annotation=ver=151.0.7910.0 --handshake-fd=6 --enable-logging --vmodule=*/components/update_client/*=2,*/chrome/enterprise_companion/*=2,*/chrome/updater/*=2
[66900:12350238:0706/222341.716058:VERBOSE1:chrome/updater/updater.cc:377] OS version: 26.4.1, arch: arm64, System uptime (seconds): 184978, parent pid: 1
[66900:12350238:0706/222341.717730:VERBOSE1:chrome/updater/updater.cc:382] Available disk space in install directory (/Users/mkbabb/Library/Application Support/Google/GoogleUpdater): 757636112384B (705.604GiB) / 1995165736960B (1.815TiB)
[66900:12350238:0706/222341.717745:VERBOSE1:chrome/updater/updater.cc:386] Available disk space in temporary directory (/var/folders/ld/20j4p2791k5_90_0ccgx2txm0000gr/T/): 757636112384B (705.604GiB) / 1995165736960B (1.815TiB)
[66900:12350238:0706/222341.717806:VERBOSE2:chrome/updater/event_history.cc:265] Emitted a UPDATER_PROCESS START event to the history log
[66898:12350233:0706/222341.718170:VERBOSE1:chrome/updater/crash_reporter.cc:124] Crash handler launched and ready.
[66898:12350233:0706/222341.718658:VERBOSE1:chrome/updater/crash_client.cc:108] Found 0 completed crash reports
[66898:12350233:0706/222341.718708:VERBOSE1:chrome/updater/crash_client.cc:132] Found 0 pending crash reports
[66898:12350233:0706/222341.718777:ERROR:third_party/crashpad/crashpad/util/file/file_io_posix.cc:145] open /Users/mkbabb/Library/Application Support/Google/Chrome Dev/Crashpad/settings.dat: No such file or directory (2)
[66898:12350233:0706/222341.718786:ERROR:third_party/crashpad/crashpad/util/file/file_io_posix.cc:145] open /Users/mkbabb/Library/Application Support/Google/RLZ/Crashpad/settings.dat: No such file or directory (2)
[66898:12350233:0706/222341.718792:ERROR:third_party/crashpad/crashpad/util/file/file_io_posix.cc:145] open /Users/mkbabb/Library/Application Support/Google/Chrome Beta/Crashpad/settings.dat: No such file or directory (2)
[66898:12350233:0706/222341.718933:VERBOSE1:chrome/updater/updater.cc:105] Crash reporting initialized.
[66898:12350233:0706/222341.719080:VERBOSE1:chrome/updater/ipc/update_service_internal_proxy_mojo.cc:61] Run
[66449:12348357:0706/222354.704873:ERROR:google_apis/gcm/engine/registration_request.cc:291] Registration response error message: DEPRECATED_ENDPOINT
[66898:12350233:0706/222357.482547:VERBOSE1:chrome/updater/app/app.cc:52] Shutdown: 0
[66898:12350233:0706/222357.482829:VERBOSE2:chrome/updater/event_history.cc:265] Emitted a UPDATER_PROCESS END event to the history log
[66898:12350233:0706/222357.482847:VERBOSE1:chrome/updater/updater.cc:419] UpdaterMain (--wake) returned 0.
[66895:12350229:0706/222357.652825:VERBOSE1:chrome/updater/app/app_wakeall.cc:68] `/Users/mkbabb/Library/Application Support/Google/GoogleUpdater/151.0.7910.0/GoogleUpdater.app/Contents/MacOS/GoogleUpdater --wake` exited 0
[66895:12350217:0706/222357.652980:VERBOSE1:chrome/updater/app/app.cc:52] Shutdown: 0
[66895:12350217:0706/222357.653379:VERBOSE2:chrome/updater/event_history.cc:265] Emitted a UPDATER_PROCESS END event to the history log
[66895:12350217:0706/222357.653395:VERBOSE1:chrome/updater/updater.cc:419] UpdaterMain (--wake-all) returned 0.
[66900:12350238:0706/222407.491855:VERBOSE2:chrome/updater/event_history.cc:265] Emitted a UPDATER_PROCESS END event to the history log
[66900:12350238:0706/222407.491877:VERBOSE1:chrome/updater/updater.cc:419] UpdaterMain (--crash-handler) returned 0.
[66897:12350221:0706/222407.493078:VERBOSE2:chrome/updater/event_history.cc:265] Emitted a UPDATER_PROCESS END event to the history log
[66897:12350221:0706/222407.493093:VERBOSE1:chrome/updater/updater.cc:419] UpdaterMain (--crash-handler) returned 0.
