
DevTools listening on ws://127.0.0.1:9334/devtools/browser/1cd96583-1c78-423f-be7f-c7d0d2ac12ed
Trying to load the allocator multiple times. This is *not* supported.
[80389:12403003:0706/223444.225149:ERROR:google_apis/gcm/engine/registration_request.cc:291] Registration response error message: DEPRECATED_ENDPOINT
Created TensorFlow Lite XNNPACK delegate for CPU.
[80910:12405329:0706/223500.670246:VERBOSE1:chrome/updater/updater.cc:374] Version: 151.0.7910.0, opt, ARM_64, command line: /Users/mkbabb/Library/Application Support/Google/GoogleUpdater/151.0.7910.0/GoogleUpdater.app/Contents/MacOS/GoogleUpdater --wake-all --enable-logging --vmodule=*/components/update_client/*=2,*/chrome/enterprise_companion/*=2,*/chrome/updater/*=2
[80910:12405329:0706/223500.670717:VERBOSE1:chrome/updater/updater.cc:377] OS version: 26.4.1, arch: arm64, System uptime (seconds): 185657, parent pid: 80389
[80910:12405329:0706/223500.672620:VERBOSE1:chrome/updater/updater.cc:382] Available disk space in install directory (/Users/mkbabb/Library/Application Support/Google/GoogleUpdater): 757107642368B (705.111GiB) / 1995165736960B (1.815TiB)
[80910:12405329:0706/223500.672638:VERBOSE1:chrome/updater/updater.cc:386] Available disk space in temporary directory (/var/folders/ld/20j4p2791k5_90_0ccgx2txm0000gr/T/): 757107642368B (705.111GiB) / 1995165736960B (1.815TiB)
[80910:12405329:0706/223500.672705:VERBOSE2:chrome/updater/event_history.cc:265] Emitted a UPDATER_PROCESS START event to the history log
[80915:12405338:0706/223500.681403:VERBOSE1:chrome/updater/updater.cc:374] Version: 151.0.7910.0, opt, ARM_64, command line: /Users/mkbabb/Library/Application Support/Google/GoogleUpdater/151.0.7910.0/GoogleUpdater.app/Contents/MacOS/GoogleUpdater --crash-handler --database=/Users/mkbabb/Library/Application Support/Google/GoogleUpdater/151.0.7910.0/Crashpad --url=https://clients2.google.com/cr/report --annotation=prod=Update4 --annotation=ver=151.0.7910.0 --handshake-fd=6 --enable-logging --vmodule=*/components/update_client/*=2,*/chrome/enterprise_companion/*=2,*/chrome/updater/*=2
[80915:12405338:0706/223500.681615:VERBOSE1:chrome/updater/updater.cc:377] OS version: 26.4.1, arch: arm64, System uptime (seconds): 185657, parent pid: 1
[80915:12405338:0706/223500.683375:VERBOSE1:chrome/updater/updater.cc:382] Available disk space in install directory (/Users/mkbabb/Library/Application Support/Google/GoogleUpdater): 757107638272B (705.111GiB) / 1995165736960B (1.815TiB)
[80915:12405338:0706/223500.683392:VERBOSE1:chrome/updater/updater.cc:386] Available disk space in temporary directory (/var/folders/ld/20j4p2791k5_90_0ccgx2txm0000gr/T/): 757107638272B (705.111GiB) / 1995165736960B (1.815TiB)
[80915:12405338:0706/223500.683451:VERBOSE2:chrome/updater/event_history.cc:265] Emitted a UPDATER_PROCESS START event to the history log
[80910:12405329:0706/223500.684082:VERBOSE1:chrome/updater/crash_reporter.cc:124] Crash handler launched and ready.
[80910:12405329:0706/223500.684864:VERBOSE1:chrome/updater/crash_client.cc:108] Found 0 completed crash reports
[80910:12405329:0706/223500.684933:VERBOSE1:chrome/updater/crash_client.cc:132] Found 0 pending crash reports
[80910:12405329:0706/223500.685006:ERROR:third_party/crashpad/crashpad/util/file/file_io_posix.cc:145] open /Users/mkbabb/Library/Application Support/Google/Chrome Dev/Crashpad/settings.dat: No such file or directory (2)
[80910:12405329:0706/223500.685016:ERROR:third_party/crashpad/crashpad/util/file/file_io_posix.cc:145] open /Users/mkbabb/Library/Application Support/Google/RLZ/Crashpad/settings.dat: No such file or directory (2)
[80910:12405329:0706/223500.685024:ERROR:third_party/crashpad/crashpad/util/file/file_io_posix.cc:145] open /Users/mkbabb/Library/Application Support/Google/Chrome Beta/Crashpad/settings.dat: No such file or directory (2)
[80910:12405329:0706/223500.685160:VERBOSE1:chrome/updater/updater.cc:105] Crash reporting initialized.
[80910:12405358:0706/223500.685401:VERBOSE1:chrome/updater/app/app_wakeall.cc:58] Launching `/Users/mkbabb/Library/Application Support/Google/GoogleUpdater/151.0.7910.0/GoogleUpdater.app/Contents/MacOS/GoogleUpdater --wake`
[80922:12405362:0706/223500.693242:VERBOSE1:chrome/updater/updater.cc:374] Version: 151.0.7910.0, opt, ARM_64, command line: /Users/mkbabb/Library/Application Support/Google/GoogleUpdater/151.0.7910.0/GoogleUpdater.app/Contents/MacOS/GoogleUpdater --wake --enable-logging --vmodule=*/components/update_client/*=2,*/chrome/enterprise_companion/*=2,*/chrome/updater/*=2
[80922:12405362:0706/223500.693442:VERBOSE1:chrome/updater/updater.cc:377] OS version: 26.4.1, arch: arm64, System uptime (seconds): 185657, parent pid: 80910
[80922:12405362:0706/223500.695151:VERBOSE1:chrome/updater/updater.cc:382] Available disk space in install directory (/Users/mkbabb/Library/Application Support/Google/GoogleUpdater): 757107630080B (705.111GiB) / 1995165736960B (1.815TiB)
[80922:12405362:0706/223500.695165:VERBOSE1:chrome/updater/updater.cc:386] Available disk space in temporary directory (/var/folders/ld/20j4p2791k5_90_0ccgx2txm0000gr/T/): 757107630080B (705.111GiB) / 1995165736960B (1.815TiB)
[80922:12405362:0706/223500.695220:VERBOSE2:chrome/updater/event_history.cc:265] Emitted a UPDATER_PROCESS START event to the history log
[80930:12405378:0706/223500.704343:VERBOSE1:chrome/updater/updater.cc:374] Version: 151.0.7910.0, opt, ARM_64, command line: /Users/mkbabb/Library/Application Support/Google/GoogleUpdater/151.0.7910.0/GoogleUpdater.app/Contents/MacOS/GoogleUpdater --crash-handler --database=/Users/mkbabb/Library/Application Support/Google/GoogleUpdater/151.0.7910.0/Crashpad --url=https://clients2.google.com/cr/report --annotation=prod=Update4 --annotation=ver=151.0.7910.0 --handshake-fd=6 --enable-logging --vmodule=*/components/update_client/*=2,*/chrome/enterprise_companion/*=2,*/chrome/updater/*=2
[80930:12405378:0706/223500.704519:VERBOSE1:chrome/updater/updater.cc:377] OS version: 26.4.1, arch: arm64, System uptime (seconds): 185657, parent pid: 1
[80930:12405378:0706/223500.706587:VERBOSE1:chrome/updater/updater.cc:382] Available disk space in install directory (/Users/mkbabb/Library/Application Support/Google/GoogleUpdater): 757107625984B (705.111GiB) / 1995165736960B (1.815TiB)
[80930:12405378:0706/223500.706605:VERBOSE1:chrome/updater/updater.cc:386] Available disk space in temporary directory (/var/folders/ld/20j4p2791k5_90_0ccgx2txm0000gr/T/): 757107625984B (705.111GiB) / 1995165736960B (1.815TiB)
[80930:12405378:0706/223500.706671:VERBOSE2:chrome/updater/event_history.cc:265] Emitted a UPDATER_PROCESS START event to the history log
[80922:12405362:0706/223500.707223:VERBOSE1:chrome/updater/crash_reporter.cc:124] Crash handler launched and ready.
[80922:12405362:0706/223500.708033:VERBOSE1:chrome/updater/crash_client.cc:108] Found 0 completed crash reports
[80922:12405362:0706/223500.708185:VERBOSE1:chrome/updater/crash_client.cc:132] Found 0 pending crash reports
[80922:12405362:0706/223500.708283:ERROR:third_party/crashpad/crashpad/util/file/file_io_posix.cc:145] open /Users/mkbabb/Library/Application Support/Google/Chrome Dev/Crashpad/settings.dat: No such file or directory (2)
[80922:12405362:0706/223500.708294:ERROR:third_party/crashpad/crashpad/util/file/file_io_posix.cc:145] open /Users/mkbabb/Library/Application Support/Google/RLZ/Crashpad/settings.dat: No such file or directory (2)
[80922:12405362:0706/223500.708302:ERROR:third_party/crashpad/crashpad/util/file/file_io_posix.cc:145] open /Users/mkbabb/Library/Application Support/Google/Chrome Beta/Crashpad/settings.dat: No such file or directory (2)
[80922:12405362:0706/223500.708453:VERBOSE1:chrome/updater/updater.cc:105] Crash reporting initialized.
[80922:12405362:0706/223500.708641:VERBOSE1:chrome/updater/ipc/update_service_internal_proxy_mojo.cc:61] Run
[80389:12403003:0706/223513.919492:ERROR:google_apis/gcm/engine/registration_request.cc:291] Registration response error message: DEPRECATED_ENDPOINT
[80922:12405362:0706/223517.143752:VERBOSE1:chrome/updater/app/app.cc:52] Shutdown: 0
[80922:12405362:0706/223517.144024:VERBOSE2:chrome/updater/event_history.cc:265] Emitted a UPDATER_PROCESS END event to the history log
[80922:12405362:0706/223517.144054:VERBOSE1:chrome/updater/updater.cc:419] UpdaterMain (--wake) returned 0.
[80910:12405358:0706/223517.366295:VERBOSE1:chrome/updater/app/app_wakeall.cc:68] `/Users/mkbabb/Library/Application Support/Google/GoogleUpdater/151.0.7910.0/GoogleUpdater.app/Contents/MacOS/GoogleUpdater --wake` exited 0
[80910:12405329:0706/223517.366459:VERBOSE1:chrome/updater/app/app.cc:52] Shutdown: 0
[80910:12405329:0706/223517.366751:VERBOSE2:chrome/updater/event_history.cc:265] Emitted a UPDATER_PROCESS END event to the history log
[80910:12405329:0706/223517.366763:VERBOSE1:chrome/updater/updater.cc:419] UpdaterMain (--wake-all) returned 0.
[80930:12405378:0706/223527.156629:VERBOSE2:chrome/updater/event_history.cc:265] Emitted a UPDATER_PROCESS END event to the history log
[80930:12405378:0706/223527.156888:VERBOSE1:chrome/updater/updater.cc:419] UpdaterMain (--crash-handler) returned 0.
[80915:12405338:0706/223527.158139:VERBOSE2:chrome/updater/event_history.cc:265] Emitted a UPDATER_PROCESS END event to the history log
[80915:12405338:0706/223527.158156:VERBOSE1:chrome/updater/updater.cc:419] UpdaterMain (--crash-handler) returned 0.
