
DevTools listening on ws://127.0.0.1:9334/devtools/browser/8d11e088-3708-4817-a199-9a572b0645e3
Trying to load the allocator multiple times. This is *not* supported.
[64061:12339053:0706/222146.224765:ERROR:google_apis/gcm/engine/registration_request.cc:291] Registration response error message: DEPRECATED_ENDPOINT
Created TensorFlow Lite XNNPACK delegate for CPU.
[64604:12341291:0706/222202.602547:VERBOSE1:chrome/updater/updater.cc:374] Version: 151.0.7910.0, opt, ARM_64, command line: /Users/mkbabb/Library/Application Support/Google/GoogleUpdater/151.0.7910.0/GoogleUpdater.app/Contents/MacOS/GoogleUpdater --wake-all --enable-logging --vmodule=*/components/update_client/*=2,*/chrome/enterprise_companion/*=2,*/chrome/updater/*=2
[64604:12341291:0706/222202.602764:VERBOSE1:chrome/updater/updater.cc:377] OS version: 26.4.1, arch: arm64, System uptime (seconds): 184879, parent pid: 64061
[64604:12341291:0706/222202.604569:VERBOSE1:chrome/updater/updater.cc:382] Available disk space in install directory (/Users/mkbabb/Library/Application Support/Google/GoogleUpdater): 757650305024B (705.617GiB) / 1995165736960B (1.815TiB)
[64604:12341291:0706/222202.604586:VERBOSE1:chrome/updater/updater.cc:386] Available disk space in temporary directory (/var/folders/ld/20j4p2791k5_90_0ccgx2txm0000gr/T/): 757650305024B (705.617GiB) / 1995165736960B (1.815TiB)
[64604:12341291:0706/222202.604651:VERBOSE2:chrome/updater/event_history.cc:265] Emitted a UPDATER_PROCESS START event to the history log
[64606:12341295:0706/222202.612174:VERBOSE1:chrome/updater/updater.cc:374] Version: 151.0.7910.0, opt, ARM_64, command line: /Users/mkbabb/Library/Application Support/Google/GoogleUpdater/151.0.7910.0/GoogleUpdater.app/Contents/MacOS/GoogleUpdater --crash-handler --database=/Users/mkbabb/Library/Application Support/Google/GoogleUpdater/151.0.7910.0/Crashpad --url=https://clients2.google.com/cr/report --annotation=prod=Update4 --annotation=ver=151.0.7910.0 --handshake-fd=6 --enable-logging --vmodule=*/components/update_client/*=2,*/chrome/enterprise_companion/*=2,*/chrome/updater/*=2
[64606:12341295:0706/222202.612593:VERBOSE1:chrome/updater/updater.cc:377] OS version: 26.4.1, arch: arm64, System uptime (seconds): 184879, parent pid: 1
[64606:12341295:0706/222202.614407:VERBOSE1:chrome/updater/updater.cc:382] Available disk space in install directory (/Users/mkbabb/Library/Application Support/Google/GoogleUpdater): 757650300928B (705.617GiB) / 1995165736960B (1.815TiB)
[64606:12341295:0706/222202.614426:VERBOSE1:chrome/updater/updater.cc:386] Available disk space in temporary directory (/var/folders/ld/20j4p2791k5_90_0ccgx2txm0000gr/T/): 757650300928B (705.617GiB) / 1995165736960B (1.815TiB)
[64606:12341295:0706/222202.614496:VERBOSE2:chrome/updater/event_history.cc:265] Emitted a UPDATER_PROCESS START event to the history log
[64604:12341291:0706/222202.614964:VERBOSE1:chrome/updater/crash_reporter.cc:124] Crash handler launched and ready.
[64604:12341291:0706/222202.615491:VERBOSE1:chrome/updater/crash_client.cc:108] Found 0 completed crash reports
[64604:12341291:0706/222202.615558:VERBOSE1:chrome/updater/crash_client.cc:132] Found 0 pending crash reports
[64604:12341291:0706/222202.615633:ERROR:third_party/crashpad/crashpad/util/file/file_io_posix.cc:145] open /Users/mkbabb/Library/Application Support/Google/Chrome Dev/Crashpad/settings.dat: No such file or directory (2)
[64604:12341291:0706/222202.615644:ERROR:third_party/crashpad/crashpad/util/file/file_io_posix.cc:145] open /Users/mkbabb/Library/Application Support/Google/RLZ/Crashpad/settings.dat: No such file or directory (2)
[64604:12341291:0706/222202.615652:ERROR:third_party/crashpad/crashpad/util/file/file_io_posix.cc:145] open /Users/mkbabb/Library/Application Support/Google/Chrome Beta/Crashpad/settings.dat: No such file or directory (2)
[64604:12341291:0706/222202.615803:VERBOSE1:chrome/updater/updater.cc:105] Crash reporting initialized.
[64604:12341303:0706/222202.616042:VERBOSE1:chrome/updater/app/app_wakeall.cc:58] Launching `/Users/mkbabb/Library/Application Support/Google/GoogleUpdater/151.0.7910.0/GoogleUpdater.app/Contents/MacOS/GoogleUpdater --wake`
[64607:12341307:0706/222202.623468:VERBOSE1:chrome/updater/updater.cc:374] Version: 151.0.7910.0, opt, ARM_64, command line: /Users/mkbabb/Library/Application Support/Google/GoogleUpdater/151.0.7910.0/GoogleUpdater.app/Contents/MacOS/GoogleUpdater --wake --enable-logging --vmodule=*/components/update_client/*=2,*/chrome/enterprise_companion/*=2,*/chrome/updater/*=2
[64607:12341307:0706/222202.623702:VERBOSE1:chrome/updater/updater.cc:377] OS version: 26.4.1, arch: arm64, System uptime (seconds): 184879, parent pid: 64604
[64607:12341307:0706/222202.625420:VERBOSE1:chrome/updater/updater.cc:382] Available disk space in install directory (/Users/mkbabb/Library/Application Support/Google/GoogleUpdater): 757650296832B (705.617GiB) / 1995165736960B (1.815TiB)
[64607:12341307:0706/222202.625439:VERBOSE1:chrome/updater/updater.cc:386] Available disk space in temporary directory (/var/folders/ld/20j4p2791k5_90_0ccgx2txm0000gr/T/): 757650296832B (705.617GiB) / 1995165736960B (1.815TiB)
[64607:12341307:0706/222202.625502:VERBOSE2:chrome/updater/event_history.cc:265] Emitted a UPDATER_PROCESS START event to the history log
[64609:12341311:0706/222202.633750:VERBOSE1:chrome/updater/updater.cc:374] Version: 151.0.7910.0, opt, ARM_64, command line: /Users/mkbabb/Library/Application Support/Google/GoogleUpdater/151.0.7910.0/GoogleUpdater.app/Contents/MacOS/GoogleUpdater --crash-handler --database=/Users/mkbabb/Library/Application Support/Google/GoogleUpdater/151.0.7910.0/Crashpad --url=https://clients2.google.com/cr/report --annotation=prod=Update4 --annotation=ver=151.0.7910.0 --handshake-fd=6 --enable-logging --vmodule=*/components/update_client/*=2,*/chrome/enterprise_companion/*=2,*/chrome/updater/*=2
[64609:12341311:0706/222202.633952:VERBOSE1:chrome/updater/updater.cc:377] OS version: 26.4.1, arch: arm64, System uptime (seconds): 184879, parent pid: 1
[64609:12341311:0706/222202.635772:VERBOSE1:chrome/updater/updater.cc:382] Available disk space in install directory (/Users/mkbabb/Library/Application Support/Google/GoogleUpdater): 757650296832B (705.617GiB) / 1995165736960B (1.815TiB)
[64609:12341311:0706/222202.635790:VERBOSE1:chrome/updater/updater.cc:386] Available disk space in temporary directory (/var/folders/ld/20j4p2791k5_90_0ccgx2txm0000gr/T/): 757650296832B (705.617GiB) / 1995165736960B (1.815TiB)
[64609:12341311:0706/222202.635866:VERBOSE2:chrome/updater/event_history.cc:265] Emitted a UPDATER_PROCESS START event to the history log
[64607:12341307:0706/222202.636243:VERBOSE1:chrome/updater/crash_reporter.cc:124] Crash handler launched and ready.
[64607:12341307:0706/222202.636809:VERBOSE1:chrome/updater/crash_client.cc:108] Found 0 completed crash reports
[64607:12341307:0706/222202.636867:VERBOSE1:chrome/updater/crash_client.cc:132] Found 0 pending crash reports
[64607:12341307:0706/222202.636939:ERROR:third_party/crashpad/crashpad/util/file/file_io_posix.cc:145] open /Users/mkbabb/Library/Application Support/Google/Chrome Dev/Crashpad/settings.dat: No such file or directory (2)
[64607:12341307:0706/222202.636949:ERROR:third_party/crashpad/crashpad/util/file/file_io_posix.cc:145] open /Users/mkbabb/Library/Application Support/Google/RLZ/Crashpad/settings.dat: No such file or directory (2)
[64607:12341307:0706/222202.636956:ERROR:third_party/crashpad/crashpad/util/file/file_io_posix.cc:145] open /Users/mkbabb/Library/Application Support/Google/Chrome Beta/Crashpad/settings.dat: No such file or directory (2)
[64607:12341307:0706/222202.637115:VERBOSE1:chrome/updater/updater.cc:105] Crash reporting initialized.
[64607:12341307:0706/222202.637326:VERBOSE1:chrome/updater/ipc/update_service_internal_proxy_mojo.cc:61] Run
[64061:12339053:0706/222207.267116:ERROR:google_apis/gcm/engine/registration_request.cc:291] Registration response error message: DEPRECATED_ENDPOINT
[64607:12341307:0706/222218.984014:VERBOSE1:chrome/updater/app/app.cc:52] Shutdown: 0
[64607:12341307:0706/222218.984292:VERBOSE2:chrome/updater/event_history.cc:265] Emitted a UPDATER_PROCESS END event to the history log
[64607:12341307:0706/222218.984307:VERBOSE1:chrome/updater/updater.cc:419] UpdaterMain (--wake) returned 0.
[64604:12341303:0706/222219.137925:VERBOSE1:chrome/updater/app/app_wakeall.cc:68] `/Users/mkbabb/Library/Application Support/Google/GoogleUpdater/151.0.7910.0/GoogleUpdater.app/Contents/MacOS/GoogleUpdater --wake` exited 0
[64604:12341291:0706/222219.138004:VERBOSE1:chrome/updater/app/app.cc:52] Shutdown: 0
[64604:12341291:0706/222219.138254:VERBOSE2:chrome/updater/event_history.cc:265] Emitted a UPDATER_PROCESS END event to the history log
[64604:12341291:0706/222219.138264:VERBOSE1:chrome/updater/updater.cc:419] UpdaterMain (--wake-all) returned 0.
[64609:12341311:0706/222228.992709:VERBOSE2:chrome/updater/event_history.cc:265] Emitted a UPDATER_PROCESS END event to the history log
[64609:12341311:0706/222228.992723:VERBOSE1:chrome/updater/updater.cc:419] UpdaterMain (--crash-handler) returned 0.
[64606:12341295:0706/222228.993565:VERBOSE2:chrome/updater/event_history.cc:265] Emitted a UPDATER_PROCESS END event to the history log
[64606:12341295:0706/222228.993766:VERBOSE1:chrome/updater/updater.cc:419] UpdaterMain (--crash-handler) returned 0.
