
DevTools listening on ws://127.0.0.1:9334/devtools/browser/a244f7bc-aca3-4d07-90c4-a9e28ea77539
Trying to load the allocator multiple times. This is *not* supported.
[81878:12408830:0706/223533.834016:ERROR:google_apis/gcm/engine/registration_request.cc:291] Registration response error message: DEPRECATED_ENDPOINT
Created TensorFlow Lite XNNPACK delegate for CPU.
[82315:12410952:0706/223550.271951:VERBOSE1:chrome/updater/updater.cc:374] Version: 151.0.7910.0, opt, ARM_64, command line: /Users/mkbabb/Library/Application Support/Google/GoogleUpdater/151.0.7910.0/GoogleUpdater.app/Contents/MacOS/GoogleUpdater --wake-all --enable-logging --vmodule=*/components/update_client/*=2,*/chrome/enterprise_companion/*=2,*/chrome/updater/*=2
[82315:12410952:0706/223550.272151:VERBOSE1:chrome/updater/updater.cc:377] OS version: 26.4.1, arch: arm64, System uptime (seconds): 185707, parent pid: 81878
[82315:12410952:0706/223550.273920:VERBOSE1:chrome/updater/updater.cc:382] Available disk space in install directory (/Users/mkbabb/Library/Application Support/Google/GoogleUpdater): 756814663680B (704.839GiB) / 1995165736960B (1.815TiB)
[82315:12410952:0706/223550.273937:VERBOSE1:chrome/updater/updater.cc:386] Available disk space in temporary directory (/var/folders/ld/20j4p2791k5_90_0ccgx2txm0000gr/T/): 756814663680B (704.839GiB) / 1995165736960B (1.815TiB)
[82315:12410952:0706/223550.273998:VERBOSE2:chrome/updater/event_history.cc:265] Emitted a UPDATER_PROCESS START event to the history log
[82317:12410956:0706/223550.283561:VERBOSE1:chrome/updater/updater.cc:374] Version: 151.0.7910.0, opt, ARM_64, command line: /Users/mkbabb/Library/Application Support/Google/GoogleUpdater/151.0.7910.0/GoogleUpdater.app/Contents/MacOS/GoogleUpdater --crash-handler --database=/Users/mkbabb/Library/Application Support/Google/GoogleUpdater/151.0.7910.0/Crashpad --url=https://clients2.google.com/cr/report --annotation=prod=Update4 --annotation=ver=151.0.7910.0 --handshake-fd=6 --enable-logging --vmodule=*/components/update_client/*=2,*/chrome/enterprise_companion/*=2,*/chrome/updater/*=2
[82317:12410956:0706/223550.283760:VERBOSE1:chrome/updater/updater.cc:377] OS version: 26.4.1, arch: arm64, System uptime (seconds): 185707, parent pid: 1
[82317:12410956:0706/223550.285322:VERBOSE1:chrome/updater/updater.cc:382] Available disk space in install directory (/Users/mkbabb/Library/Application Support/Google/GoogleUpdater): 756814659584B (704.839GiB) / 1995165736960B (1.815TiB)
[82317:12410956:0706/223550.285339:VERBOSE1:chrome/updater/updater.cc:386] Available disk space in temporary directory (/var/folders/ld/20j4p2791k5_90_0ccgx2txm0000gr/T/): 756814659584B (704.839GiB) / 1995165736960B (1.815TiB)
[82317:12410956:0706/223550.285400:VERBOSE2:chrome/updater/event_history.cc:265] Emitted a UPDATER_PROCESS START event to the history log
[82315:12410952:0706/223550.285757:VERBOSE1:chrome/updater/crash_reporter.cc:124] Crash handler launched and ready.
[82315:12410952:0706/223550.286271:VERBOSE1:chrome/updater/crash_client.cc:108] Found 0 completed crash reports
[82315:12410952:0706/223550.286321:VERBOSE1:chrome/updater/crash_client.cc:132] Found 0 pending crash reports
[82315:12410952:0706/223550.286385:ERROR:third_party/crashpad/crashpad/util/file/file_io_posix.cc:145] open /Users/mkbabb/Library/Application Support/Google/Chrome Dev/Crashpad/settings.dat: No such file or directory (2)
[82315:12410952:0706/223550.286394:ERROR:third_party/crashpad/crashpad/util/file/file_io_posix.cc:145] open /Users/mkbabb/Library/Application Support/Google/RLZ/Crashpad/settings.dat: No such file or directory (2)
[82315:12410952:0706/223550.286402:ERROR:third_party/crashpad/crashpad/util/file/file_io_posix.cc:145] open /Users/mkbabb/Library/Application Support/Google/Chrome Beta/Crashpad/settings.dat: No such file or directory (2)
[82315:12410952:0706/223550.286543:VERBOSE1:chrome/updater/updater.cc:105] Crash reporting initialized.
[82315:12410964:0706/223550.286745:VERBOSE1:chrome/updater/app/app_wakeall.cc:58] Launching `/Users/mkbabb/Library/Application Support/Google/GoogleUpdater/151.0.7910.0/GoogleUpdater.app/Contents/MacOS/GoogleUpdater --wake`
[82318:12410968:0706/223550.295889:VERBOSE1:chrome/updater/updater.cc:374] Version: 151.0.7910.0, opt, ARM_64, command line: /Users/mkbabb/Library/Application Support/Google/GoogleUpdater/151.0.7910.0/GoogleUpdater.app/Contents/MacOS/GoogleUpdater --wake --enable-logging --vmodule=*/components/update_client/*=2,*/chrome/enterprise_companion/*=2,*/chrome/updater/*=2
[82318:12410968:0706/223550.296135:VERBOSE1:chrome/updater/updater.cc:377] OS version: 26.4.1, arch: arm64, System uptime (seconds): 185707, parent pid: 82315
[82318:12410968:0706/223550.298822:VERBOSE1:chrome/updater/updater.cc:382] Available disk space in install directory (/Users/mkbabb/Library/Application Support/Google/GoogleUpdater): 756814655488B (704.839GiB) / 1995165736960B (1.815TiB)
[82318:12410968:0706/223550.298849:VERBOSE1:chrome/updater/updater.cc:386] Available disk space in temporary directory (/var/folders/ld/20j4p2791k5_90_0ccgx2txm0000gr/T/): 756814655488B (704.839GiB) / 1995165736960B (1.815TiB)
[82318:12410968:0706/223550.298925:VERBOSE2:chrome/updater/event_history.cc:265] Emitted a UPDATER_PROCESS START event to the history log
[82320:12410972:0706/223550.307958:VERBOSE1:chrome/updater/updater.cc:374] Version: 151.0.7910.0, opt, ARM_64, command line: /Users/mkbabb/Library/Application Support/Google/GoogleUpdater/151.0.7910.0/GoogleUpdater.app/Contents/MacOS/GoogleUpdater --crash-handler --database=/Users/mkbabb/Library/Application Support/Google/GoogleUpdater/151.0.7910.0/Crashpad --url=https://clients2.google.com/cr/report --annotation=prod=Update4 --annotation=ver=151.0.7910.0 --handshake-fd=6 --enable-logging --vmodule=*/components/update_client/*=2,*/chrome/enterprise_companion/*=2,*/chrome/updater/*=2
[82320:12410972:0706/223550.308320:VERBOSE1:chrome/updater/updater.cc:377] OS version: 26.4.1, arch: arm64, System uptime (seconds): 185707, parent pid: 1
[82320:12410972:0706/223550.310358:VERBOSE1:chrome/updater/updater.cc:382] Available disk space in install directory (/Users/mkbabb/Library/Application Support/Google/GoogleUpdater): 756814655488B (704.839GiB) / 1995165736960B (1.815TiB)
[82320:12410972:0706/223550.310380:VERBOSE1:chrome/updater/updater.cc:386] Available disk space in temporary directory (/var/folders/ld/20j4p2791k5_90_0ccgx2txm0000gr/T/): 756814655488B (704.839GiB) / 1995165736960B (1.815TiB)
[82320:12410972:0706/223550.310452:VERBOSE2:chrome/updater/event_history.cc:265] Emitted a UPDATER_PROCESS START event to the history log
[82318:12410968:0706/223550.311372:VERBOSE1:chrome/updater/crash_reporter.cc:124] Crash handler launched and ready.
[82318:12410968:0706/223550.312046:VERBOSE1:chrome/updater/crash_client.cc:108] Found 0 completed crash reports
[82318:12410968:0706/223550.312114:VERBOSE1:chrome/updater/crash_client.cc:132] Found 0 pending crash reports
[82318:12410968:0706/223550.312205:ERROR:third_party/crashpad/crashpad/util/file/file_io_posix.cc:145] open /Users/mkbabb/Library/Application Support/Google/Chrome Dev/Crashpad/settings.dat: No such file or directory (2)
[82318:12410968:0706/223550.312219:ERROR:third_party/crashpad/crashpad/util/file/file_io_posix.cc:145] open /Users/mkbabb/Library/Application Support/Google/RLZ/Crashpad/settings.dat: No such file or directory (2)
[82318:12410968:0706/223550.312230:ERROR:third_party/crashpad/crashpad/util/file/file_io_posix.cc:145] open /Users/mkbabb/Library/Application Support/Google/Chrome Beta/Crashpad/settings.dat: No such file or directory (2)
[82318:12410968:0706/223550.312415:VERBOSE1:chrome/updater/updater.cc:105] Crash reporting initialized.
[82318:12410968:0706/223550.312586:VERBOSE1:chrome/updater/ipc/update_service_internal_proxy_mojo.cc:61] Run
[81878:12408830:0706/223556.949307:ERROR:google_apis/gcm/engine/registration_request.cc:291] Registration response error message: DEPRECATED_ENDPOINT
[82318:12410968:0706/223606.721686:VERBOSE1:chrome/updater/app/app.cc:52] Shutdown: 0
[82318:12410968:0706/223606.721988:VERBOSE2:chrome/updater/event_history.cc:265] Emitted a UPDATER_PROCESS END event to the history log
[82318:12410968:0706/223606.722006:VERBOSE1:chrome/updater/updater.cc:419] UpdaterMain (--wake) returned 0.
[82315:12410964:0706/223606.974127:VERBOSE1:chrome/updater/app/app_wakeall.cc:68] `/Users/mkbabb/Library/Application Support/Google/GoogleUpdater/151.0.7910.0/GoogleUpdater.app/Contents/MacOS/GoogleUpdater --wake` exited 0
[82315:12410952:0706/223606.974595:VERBOSE1:chrome/updater/app/app.cc:52] Shutdown: 0
[82315:12410952:0706/223606.974929:VERBOSE2:chrome/updater/event_history.cc:265] Emitted a UPDATER_PROCESS END event to the history log
[82315:12410952:0706/223606.974943:VERBOSE1:chrome/updater/updater.cc:419] UpdaterMain (--wake-all) returned 0.
[82320:12410972:0706/223616.735922:VERBOSE2:chrome/updater/event_history.cc:265] Emitted a UPDATER_PROCESS END event to the history log
[82320:12410972:0706/223616.735941:VERBOSE1:chrome/updater/updater.cc:419] UpdaterMain (--crash-handler) returned 0.
[82317:12410956:0706/223616.736943:VERBOSE2:chrome/updater/event_history.cc:265] Emitted a UPDATER_PROCESS END event to the history log
[82317:12410956:0706/223616.737151:VERBOSE1:chrome/updater/updater.cc:419] UpdaterMain (--crash-handler) returned 0.
