
DevTools listening on ws://127.0.0.1:9333/devtools/browser/3700338b-d486-4948-a3ee-2a6470fced5a
Trying to load the allocator multiple times. This is *not* supported.
[55104:12299151:0706/221609.863126:ERROR:google_apis/gcm/engine/registration_request.cc:291] Registration response error message: DEPRECATED_ENDPOINT
Created TensorFlow Lite XNNPACK delegate for CPU.
[55659:12302361:0706/221626.411569:VERBOSE1:chrome/updater/updater.cc:374] Version: 151.0.7910.0, opt, ARM_64, command line: /Users/mkbabb/Library/Application Support/Google/GoogleUpdater/151.0.7910.0/GoogleUpdater.app/Contents/MacOS/GoogleUpdater --wake-all --enable-logging --vmodule=*/components/update_client/*=2,*/chrome/enterprise_companion/*=2,*/chrome/updater/*=2
[55659:12302361:0706/221626.411957:VERBOSE1:chrome/updater/updater.cc:377] OS version: 26.4.1, arch: arm64, System uptime (seconds): 184543, parent pid: 55104
[55659:12302361:0706/221626.414234:VERBOSE1:chrome/updater/updater.cc:382] Available disk space in install directory (/Users/mkbabb/Library/Application Support/Google/GoogleUpdater): 758079254528B (706.016GiB) / 1995165736960B (1.815TiB)
[55659:12302361:0706/221626.414251:VERBOSE1:chrome/updater/updater.cc:386] Available disk space in temporary directory (/var/folders/ld/20j4p2791k5_90_0ccgx2txm0000gr/T/): 758079254528B (706.016GiB) / 1995165736960B (1.815TiB)
[55659:12302361:0706/221626.414313:VERBOSE2:chrome/updater/event_history.cc:265] Emitted a UPDATER_PROCESS START event to the history log
[55661:12302365:0706/221626.423019:VERBOSE1:chrome/updater/updater.cc:374] Version: 151.0.7910.0, opt, ARM_64, command line: /Users/mkbabb/Library/Application Support/Google/GoogleUpdater/151.0.7910.0/GoogleUpdater.app/Contents/MacOS/GoogleUpdater --crash-handler --database=/Users/mkbabb/Library/Application Support/Google/GoogleUpdater/151.0.7910.0/Crashpad --url=https://clients2.google.com/cr/report --annotation=prod=Update4 --annotation=ver=151.0.7910.0 --handshake-fd=6 --enable-logging --vmodule=*/components/update_client/*=2,*/chrome/enterprise_companion/*=2,*/chrome/updater/*=2
[55661:12302365:0706/221626.423207:VERBOSE1:chrome/updater/updater.cc:377] OS version: 26.4.1, arch: arm64, System uptime (seconds): 184543, parent pid: 1
[55661:12302365:0706/221626.425777:VERBOSE1:chrome/updater/updater.cc:382] Available disk space in install directory (/Users/mkbabb/Library/Application Support/Google/GoogleUpdater): 758079250432B (706.016GiB) / 1995165736960B (1.815TiB)
[55661:12302365:0706/221626.425798:VERBOSE1:chrome/updater/updater.cc:386] Available disk space in temporary directory (/var/folders/ld/20j4p2791k5_90_0ccgx2txm0000gr/T/): 758079250432B (706.016GiB) / 1995165736960B (1.815TiB)
[55661:12302365:0706/221626.425869:VERBOSE2:chrome/updater/event_history.cc:265] Emitted a UPDATER_PROCESS START event to the history log
[55659:12302361:0706/221626.426422:VERBOSE1:chrome/updater/crash_reporter.cc:124] Crash handler launched and ready.
[55659:12302361:0706/221626.427030:VERBOSE1:chrome/updater/crash_client.cc:108] Found 0 completed crash reports
[55659:12302361:0706/221626.427088:VERBOSE1:chrome/updater/crash_client.cc:132] Found 0 pending crash reports
[55659:12302361:0706/221626.427174:ERROR:third_party/crashpad/crashpad/util/file/file_io_posix.cc:145] open /Users/mkbabb/Library/Application Support/Google/Chrome Dev/Crashpad/settings.dat: No such file or directory (2)
[55659:12302361:0706/221626.427185:ERROR:third_party/crashpad/crashpad/util/file/file_io_posix.cc:145] open /Users/mkbabb/Library/Application Support/Google/RLZ/Crashpad/settings.dat: No such file or directory (2)
[55659:12302361:0706/221626.427192:ERROR:third_party/crashpad/crashpad/util/file/file_io_posix.cc:145] open /Users/mkbabb/Library/Application Support/Google/Chrome Beta/Crashpad/settings.dat: No such file or directory (2)
[55659:12302361:0706/221626.427343:VERBOSE1:chrome/updater/updater.cc:105] Crash reporting initialized.
[55659:12302373:0706/221626.427601:VERBOSE1:chrome/updater/app/app_wakeall.cc:58] Launching `/Users/mkbabb/Library/Application Support/Google/GoogleUpdater/151.0.7910.0/GoogleUpdater.app/Contents/MacOS/GoogleUpdater --wake`
[55662:12302377:0706/221626.435501:VERBOSE1:chrome/updater/updater.cc:374] Version: 151.0.7910.0, opt, ARM_64, command line: /Users/mkbabb/Library/Application Support/Google/GoogleUpdater/151.0.7910.0/GoogleUpdater.app/Contents/MacOS/GoogleUpdater --wake --enable-logging --vmodule=*/components/update_client/*=2,*/chrome/enterprise_companion/*=2,*/chrome/updater/*=2
[55662:12302377:0706/221626.435855:VERBOSE1:chrome/updater/updater.cc:377] OS version: 26.4.1, arch: arm64, System uptime (seconds): 184543, parent pid: 55659
[55662:12302377:0706/221626.437756:VERBOSE1:chrome/updater/updater.cc:382] Available disk space in install directory (/Users/mkbabb/Library/Application Support/Google/GoogleUpdater): 758079242240B (706.016GiB) / 1995165736960B (1.815TiB)
[55662:12302377:0706/221626.437772:VERBOSE1:chrome/updater/updater.cc:386] Available disk space in temporary directory (/var/folders/ld/20j4p2791k5_90_0ccgx2txm0000gr/T/): 758079242240B (706.016GiB) / 1995165736960B (1.815TiB)
[55662:12302377:0706/221626.437843:VERBOSE2:chrome/updater/event_history.cc:265] Emitted a UPDATER_PROCESS START event to the history log
[55664:12302381:0706/221626.446445:VERBOSE1:chrome/updater/updater.cc:374] Version: 151.0.7910.0, opt, ARM_64, command line: /Users/mkbabb/Library/Application Support/Google/GoogleUpdater/151.0.7910.0/GoogleUpdater.app/Contents/MacOS/GoogleUpdater --crash-handler --database=/Users/mkbabb/Library/Application Support/Google/GoogleUpdater/151.0.7910.0/Crashpad --url=https://clients2.google.com/cr/report --annotation=prod=Update4 --annotation=ver=151.0.7910.0 --handshake-fd=6 --enable-logging --vmodule=*/components/update_client/*=2,*/chrome/enterprise_companion/*=2,*/chrome/updater/*=2
[55664:12302381:0706/221626.446676:VERBOSE1:chrome/updater/updater.cc:377] OS version: 26.4.1, arch: arm64, System uptime (seconds): 184543, parent pid: 1
[55664:12302381:0706/221626.448707:VERBOSE1:chrome/updater/updater.cc:382] Available disk space in install directory (/Users/mkbabb/Library/Application Support/Google/GoogleUpdater): 758079242240B (706.016GiB) / 1995165736960B (1.815TiB)
[55664:12302381:0706/221626.448725:VERBOSE1:chrome/updater/updater.cc:386] Available disk space in temporary directory (/var/folders/ld/20j4p2791k5_90_0ccgx2txm0000gr/T/): 758079242240B (706.016GiB) / 1995165736960B (1.815TiB)
[55664:12302381:0706/221626.448799:VERBOSE2:chrome/updater/event_history.cc:265] Emitted a UPDATER_PROCESS START event to the history log
[55662:12302377:0706/221626.449251:VERBOSE1:chrome/updater/crash_reporter.cc:124] Crash handler launched and ready.
[55662:12302377:0706/221626.449931:VERBOSE1:chrome/updater/crash_client.cc:108] Found 0 completed crash reports
[55662:12302377:0706/221626.450010:VERBOSE1:chrome/updater/crash_client.cc:132] Found 0 pending crash reports
[55662:12302377:0706/221626.450091:ERROR:third_party/crashpad/crashpad/util/file/file_io_posix.cc:145] open /Users/mkbabb/Library/Application Support/Google/Chrome Dev/Crashpad/settings.dat: No such file or directory (2)
[55662:12302377:0706/221626.450102:ERROR:third_party/crashpad/crashpad/util/file/file_io_posix.cc:145] open /Users/mkbabb/Library/Application Support/Google/RLZ/Crashpad/settings.dat: No such file or directory (2)
[55662:12302377:0706/221626.450108:ERROR:third_party/crashpad/crashpad/util/file/file_io_posix.cc:145] open /Users/mkbabb/Library/Application Support/Google/Chrome Beta/Crashpad/settings.dat: No such file or directory (2)
[55662:12302377:0706/221626.450265:VERBOSE1:chrome/updater/updater.cc:105] Crash reporting initialized.
[55662:12302377:0706/221626.450529:VERBOSE1:chrome/updater/ipc/update_service_internal_proxy_mojo.cc:61] Run
[55104:12299151:0706/221632.083993:ERROR:google_apis/gcm/engine/registration_request.cc:291] Registration response error message: DEPRECATED_ENDPOINT
[55662:12302377:0706/221641.951234:VERBOSE1:chrome/updater/app/app.cc:52] Shutdown: 0
[55662:12302377:0706/221641.954119:VERBOSE2:chrome/updater/event_history.cc:265] Emitted a UPDATER_PROCESS END event to the history log
[55662:12302377:0706/221641.954144:VERBOSE1:chrome/updater/updater.cc:419] UpdaterMain (--wake) returned 0.
[55659:12302373:0706/221642.130872:VERBOSE1:chrome/updater/app/app_wakeall.cc:68] `/Users/mkbabb/Library/Application Support/Google/GoogleUpdater/151.0.7910.0/GoogleUpdater.app/Contents/MacOS/GoogleUpdater --wake` exited 0
[55659:12302361:0706/221642.131180:VERBOSE1:chrome/updater/app/app.cc:52] Shutdown: 0
[55659:12302361:0706/221642.131775:VERBOSE2:chrome/updater/event_history.cc:265] Emitted a UPDATER_PROCESS END event to the history log
[55659:12302361:0706/221642.131802:VERBOSE1:chrome/updater/updater.cc:419] UpdaterMain (--wake-all) returned 0.
[55664:12302381:0706/221651.958955:VERBOSE2:chrome/updater/event_history.cc:265] Emitted a UPDATER_PROCESS END event to the history log
[55664:12302381:0706/221651.959146:VERBOSE1:chrome/updater/updater.cc:419] UpdaterMain (--crash-handler) returned 0.
[55661:12302365:0706/221651.960752:VERBOSE2:chrome/updater/event_history.cc:265] Emitted a UPDATER_PROCESS END event to the history log
[55661:12302365:0706/221651.960774:VERBOSE1:chrome/updater/updater.cc:419] UpdaterMain (--crash-handler) returned 0.
[55104:12299151:0706/221718.088633:ERROR:google_apis/gcm/engine/registration_request.cc:291] Registration response error message: DEPRECATED_ENDPOINT
[55104:12299151:0706/221844.537671:ERROR:google_apis/gcm/engine/registration_request.cc:291] Registration response error message: DEPRECATED_ENDPOINT
Trying to load the allocator multiple times. This is *not* supported.
WARNING: All log messages before absl::InitializeLog() is called are written to STDERR
I0000 00:00:1783390747.473560 12319107 environment.cc:556] Selected adapter: Apple M5 Max, arch=metal-3, vendor=apple, backend=Metal, adapterType=Integrated GPU
I0000 00:00:1783390747.476136 12319117 environment.cc:556] Selected adapter: Apple M5 Max, arch=metal-3, vendor=apple, backend=Metal, adapterType=Integrated GPU
