=== CCHUNK 0 (dark) START 07:39:29 ===
dark /compositions/auth-shell               ready=3764ms nodes=  28 viol=10
dark /compositions/configurator             ready=3737ms nodes=  30 viol=12
dark /compositions/drawer-live-behind       ready=3731ms nodes=  28 viol=11
dark /compositions/empty-states             ready=3730ms nodes=  23 viol=3
dark /compositions/form-validation          ready=3725ms nodes=  79 viol=15
dark /compositions/gate-pattern             ready=3721ms nodes=  19 viol=6
dark /compositions/hero                     ready=3721ms nodes=  20 viol=4
dark /compositions/icon-tooltip             ready=3728ms nodes=  18 viol=7
dark /compositions/instrument-chassis       ready=3714ms nodes=  36 viol=20
dark /compositions/labeled-field            ready=3723ms nodes=  26 viol=14
dark /compositions/math-paper               ready=3722ms nodes=  28 viol=7
dark /compositions/settings                 ready=3727ms nodes=  30 viol=6
dark /containers/accordion                  ready=3716ms nodes=  43 viol=9
dark /containers/collapsible                ready=3724ms nodes=  49 viol=13
dark /containers/command                    ready=3719ms nodes=  57 viol=21
dark /containers/context-menu               ready=3718ms nodes=  38 viol=7

WROTE /Users/mkbabb/Programming/glass-ui/docs/tranches/BG/audit/visual/census/census-cdark-0.json
=== CCHUNK 1 (dark) START 07:40:38 ===
dark /containers/dialog                     ready=3756ms nodes=  54 viol=11
dark /containers/drawer                     ready=3728ms nodes=  44 viol=8
dark /containers/dropdown-menu              ready=3733ms nodes=  32 viol=5
dark /containers/expandable-container       ready=3734ms nodes=  24 viol=11
dark /containers/hover-card                 ready=3719ms nodes=  48 viol=7
dark /containers/hover-popover              ready=3722ms nodes=  33 viol=12
dark /containers/popover                    ready=3722ms nodes=  46 viol=8
dark /containers/sheet                      ready=3722ms nodes=  46 viol=11
dark /containers/spa-view                   ready=3719ms nodes=  45 viol=8
dark /containers/tooltip                    ready=3717ms nodes=  64 viol=8
dark /data/infinite-scroll                  ready=3720ms nodes=  49 viol=11
dark /data/metrics                          ready=3719ms nodes=  49 viol=22
dark /data/search                           ready=3726ms nodes=  56 viol=16
dark /data/sortable-list                    ready=3728ms nodes=  30 viol=10
dark /data/table                            ready=3726ms nodes=  54 viol=25
dark /data/tags-input                       ready=3722ms nodes=  27 viol=10

WROTE /Users/mkbabb/Programming/glass-ui/docs/tranches/BG/audit/visual/census/census-cdark-1.json
=== CCHUNK 2 (dark) START 07:41:47 ===
dark /data/timeline                         ready=3762ms nodes=  40 viol=23
dark /data/virtual-section                  ready=3726ms nodes=  73 viol=14
dark /display/atoms                         ready=3727ms nodes=  30 viol=14
dark /display/badge                         ready=3730ms nodes=  36 viol=20
dark /display/buttons                       ready=3721ms nodes=  54 viol=8
dark /display/card                          ready=3672ms nodes=  48 viol=10
dark /display/section                       ready=3719ms nodes=  29 viol=18
dark /dock/cta-receive                      ready=3751ms nodes=  52 viol=12
dark /dock/dock-gallery                     ready=3719ms nodes=  71 viol=15
dark /dock/dock-search                      ready=3721ms nodes=  38 viol=7
dark /dock/layers                           ready=3720ms nodes=  70 viol=10
dark /dock/liquid-playground                ready=3718ms nodes=  73 viol=14
dark /dock/morph-showcase                   ready=3725ms nodes=  55 viol=8
dark /dock/overview                         ready=3734ms nodes= 100 viol=6
dark /dock/rail                             ready=3724ms nodes=  31 viol=9
dark /dock/sections                         ready=3720ms nodes=  50 viol=11

WROTE /Users/mkbabb/Programming/glass-ui/docs/tranches/BG/audit/visual/census/census-cdark-2.json
=== CCHUNK 3 (dark) START 07:42:55 ===
dark /dock/siri-island                      ready=3766ms nodes=  44 viol=11
dark /feedback/alert                        ready=3728ms nodes=  51 viol=9
dark /feedback/completion-seal              ready=3728ms nodes=  79 viol=14
dark /feedback/confirm-dialog               ready=3734ms nodes=  24 viol=10
dark /feedback/notification                 ready=3718ms nodes=  29 viol=12
dark /feedback/progress                     ready=3721ms nodes=  30 viol=19
dark /feedback/skeleton                     ready=3723ms nodes=  17 viol=8
dark /feedback/toast                        ready=3724ms nodes=  48 viol=14
dark /forms/checks                          ready=3721ms nodes=  52 viol=8
dark /forms/inputs                          ready=3725ms nodes=  47 viol=14
dark /forms/number-field                    ready=3722ms nodes=  26 viol=13
dark /forms/slider                          ready=3722ms nodes=  23 viol=13
dark /forms/toggle                          ready=3725ms nodes=  23 viol=13
dark /foundations/chart-chassis-palette     ready=3676ms nodes=  32 viol=15
dark /foundations/colors                    ready=3720ms nodes=  84 viol=28
dark /foundations/css-utilities             ready=3717ms nodes=  32 viol=15

WROTE /Users/mkbabb/Programming/glass-ui/docs/tranches/BG/audit/visual/census/census-cdark-3.json
=== CCHUNK 4 (dark) START 07:44:04 ===
dark /foundations/icons                     ready=3770ms nodes=  88 viol=41
dark /foundations/intro                     ready=3619ms nodes=  27 viol=4
dark /foundations/motion                    ready=3724ms nodes=  41 viol=18
dark /foundations/overlays-scrims           ready=3725ms nodes=  38 viol=16
dark /foundations/paper-glass               ready=3717ms nodes=  30 viol=3
dark /foundations/radii                     ready=3722ms nodes=  64 viol=17
dark /foundations/shadows                   ready=3718ms nodes=  63 viol=16
dark /foundations/surface-tints             ready=3719ms nodes=  39 viol=14
dark /foundations/typography                ready=3715ms nodes=  34 viol=5
dark /motion/curve-gallery                  ready=3718ms nodes=  39 viol=8
dark /motion/deck                           ready=3719ms nodes=  65 viol=11
dark /motion/handmark                       ready=3721ms nodes=  33 viol=7
dark /motion/reveal                         ready=3725ms nodes=  84 viol=11
dark /motion/scroll                         ready=3725ms nodes=  32 viol=20
dark /motion/springs                        ready=3723ms nodes=  28 viol=11
dark /motion/text-motion                    ready=3723ms nodes=  60 viol=17

WROTE /Users/mkbabb/Programming/glass-ui/docs/tranches/BG/audit/visual/census/census-cdark-4.json
=== CCHUNK 5 (dark) START 07:45:13 ===
dark /navigation/carousel                   ready=3765ms nodes=  82 viol=15
dark /navigation/header-ribbon              ready=3724ms nodes=  14 viol=8
dark /navigation/tabs                       ready=3722ms nodes=  86 viol=19
dark /navigation/toc-tracking               ready=3736ms nodes=  71 viol=26
dark /substrates/aurora                     ready=3725ms nodes=  29 viol=8
dark /substrates/blob                       ready=3732ms nodes=  27 viol=7
dark /substrates/concentric                 ready=3729ms nodes=  27 viol=5
dark /substrates/constellation              ready=3722ms nodes=  18 viol=5
dark /substrates/dot-flow-field             ready=3669ms nodes=  29 viol=5
dark /substrates/dot-matrix                 ready=3726ms nodes=  26 viol=5
dark /substrates/fourier-field              ready=3722ms nodes=  18 viol=6
dark /substrates/glass-material             ready=3718ms nodes=  22 viol=5
dark /substrates/glass-panel                ready=3718ms nodes=  30 viol=10
dark /substrates/liquid-grid                ready=3724ms nodes=  27 viol=5

WROTE /Users/mkbabb/Programming/glass-ui/docs/tranches/BG/audit/visual/census/census-cdark-5.json
=== ALL CURRENT DARK CHUNKS DONE 07:46:13 ===
