=== CHUNK 0 (dark) START 07:33:02 ===
dark /foundations/intro                     ready=3668ms nodes=  27 viol=4
dark /foundations/colors                    ready=3727ms nodes=  84 viol=28
dark /foundations/typography                ready=3728ms nodes=  34 viol=5
dark /foundations/radii                     ready=3727ms nodes=  64 viol=17
dark /foundations/shadows                   ready=3717ms nodes=  63 viol=16
dark /foundations/motion                    ready=3723ms nodes=  41 viol=18
dark /foundations/paper-glass               ready=3720ms nodes=  30 viol=3
dark /foundations/icons                     ready=3732ms nodes=  88 viol=41
dark /foundations/surface-tints             ready=3641ms nodes=  39 viol=14
dark /foundations/overlays-scrims           ready=3722ms nodes=  38 viol=16
dark /foundations/chart-chassis-palette     ready=3737ms nodes=  32 viol=15
dark /foundations/paper-texture             ready=3717ms nodes=   5 viol=2
dark /foundations/css-utilities             ready=3727ms nodes=  32 viol=15
dark /substrates/aurora                     ready=3741ms nodes=  29 viol=8
dark /substrates/blob                       ready=3731ms nodes=  27 viol=7
dark /substrates/constellation              ready=3732ms nodes=  18 viol=5
dark /substrates/fourier-field              ready=3722ms nodes=  18 viol=6
dark /substrates/glass-material             ready=3724ms nodes=  22 viol=5
dark /substrates/glass-panel                ready=3724ms nodes=  30 viol=10
dark /substrates/dot-flow-field             ready=3720ms nodes=  29 viol=5

WROTE /Users/mkbabb/Programming/glass-ui/docs/tranches/BG/audit/visual/census/census-jdark-0.json
=== CHUNK 1 (dark) START 07:34:28 ===
dark /substrates/concentric                 ready=3767ms nodes=  27 viol=5
dark /substrates/liquid-grid                ready=3740ms nodes=  27 viol=5
dark /substrates/dot-matrix                 ready=3668ms nodes=  26 viol=5
dark /forms/inputs                          ready=3723ms nodes=  47 viol=14
dark /forms/textarea                        ready=3725ms nodes=   5 viol=2
dark /forms/checks                          ready=3725ms nodes=  52 viol=8
dark /forms/slider                          ready=3672ms nodes=  23 viol=13
dark /forms/number-field                    ready=3728ms nodes=  26 viol=13
dark /forms/select                          ready=3725ms nodes=   5 viol=2
dark /forms/combobox                        ready=3723ms nodes=   5 viol=2
dark /forms/multi-select                    ready=3720ms nodes=   5 viol=2
dark /forms/toggle                          ready=3736ms nodes=  23 viol=13
dark /forms/toggle-chip                     ready=3714ms nodes=   5 viol=2
dark /forms/selectable-chip                 ready=3717ms nodes=   5 viol=2
dark /forms/label                           ready=3713ms nodes=   5 viol=2
dark /display/buttons                       ready=3721ms nodes=  54 viol=8
dark /display/card                          ready=3724ms nodes=  48 viol=10
dark /display/badge                         ready=3721ms nodes=  36 viol=20
dark /display/separator                     ready=3717ms nodes=   5 viol=2
dark /display/section                       ready=3746ms nodes=  29 viol=18

WROTE /Users/mkbabb/Programming/glass-ui/docs/tranches/BG/audit/visual/census/census-jdark-1.json
