dark /foundations/intro                     ready=3663ms nodes=  27 viol=4
dark /foundations/colors                    ready=3721ms nodes=  84 viol=28
dark /foundations/typography                ready=3729ms nodes=  34 viol=5
dark /foundations/radii                     ready=3737ms nodes=  64 viol=17
dark /foundations/shadows                   ready=3671ms nodes=  63 viol=16
dark /foundations/motion                    ready=3724ms nodes=  41 viol=18
dark /foundations/paper-glass               ready=3728ms nodes=  30 viol=3
dark /foundations/icons                     ready=3714ms nodes=  88 viol=41
dark /foundations/surface-tints             ready=3714ms nodes=  39 viol=14
dark /foundations/overlays-scrims           ready=3720ms nodes=  38 viol=16
dark /foundations/chart-chassis-palette     ready=3709ms nodes=  32 viol=15
dark /foundations/paper-texture             ready=3718ms nodes=  27 viol=9
dark /foundations/css-utilities             ready=3711ms nodes=  32 viol=15
dark /substrates/aurora                     ready=3719ms nodes=  26 viol=7
dark /substrates/blob                       ready=3717ms nodes=  27 viol=7
dark /substrates/constellation              ready=3718ms nodes=  18 viol=5
dark /substrates/fourier-field              ready=3712ms nodes=  18 viol=6
dark /substrates/glass-material             ready=3710ms nodes=  22 viol=5
dark /substrates/glass-panel                ready=3712ms nodes=  30 viol=10
dark /substrates/dot-flow-field             ready=3663ms nodes=  29 viol=5

WROTE /Users/mkbabb/Programming/glass-ui/docs/tranches/BG/audit/visual/census/census-rd0.json
