dark /substrates/concentric                 ready=3760ms nodes=  27 viol=5
dark /substrates/liquid-grid                ready=3673ms nodes=  27 viol=5
dark /substrates/dot-matrix                 ready=3720ms nodes=  26 viol=5
dark /forms/inputs                          ready=3716ms nodes=  51 viol=14
dark /forms/textarea                        ready=3714ms nodes=  51 viol=10
dark /forms/checks                          ready=3710ms nodes=  56 viol=8
dark /forms/slider                          ready=3716ms nodes=  27 viol=13
dark /forms/number-field                    ready=3667ms nodes=  30 viol=13
dark /forms/select                          ready=3665ms nodes=  22 viol=5
dark /forms/combobox                        ready=3718ms nodes=  18 viol=5
dark /forms/multi-select                    ready=3710ms nodes=  31 viol=10
dark /forms/toggle                          ready=3722ms nodes=  27 viol=13
dark /forms/toggle-chip                     ready=3665ms nodes=  29 viol=15
dark /forms/selectable-chip                 ready=3708ms nodes=  29 viol=9
dark /forms/label                           ready=3665ms nodes=  29 viol=12
dark /display/buttons                       ready=3714ms nodes=  60 viol=8
dark /display/card                          ready=3668ms nodes=  54 viol=11
dark /display/badge                         ready=3716ms nodes=  42 viol=23
dark /display/separator                     ready=3711ms nodes=  29 viol=8
dark /display/section                       ready=3712ms nodes=  35 viol=18

WROTE /Users/mkbabb/Programming/glass-ui/docs/tranches/BG/audit/visual/census/census-rd1.json
