dark /navigation/tabs                       ready=3775ms nodes=  86 viol=19
dark /navigation/carousel                   ready=3762ms nodes=  82 viol=15
dark /navigation/header-ribbon              ready=3748ms nodes=  14 viol=8
dark /navigation/toc-tracking               ready=3721ms nodes=  71 viol=26
dark /dock/liquid-playground                ready=3717ms nodes=  73 viol=14
dark /dock/dock-gallery                     ready=3720ms nodes=  71 viol=15
dark /dock/overview                         ready=3816ms nodes= 100 viol=6
dark /dock/layers                           ready=3716ms nodes=  70 viol=10
dark /dock/rail                             ready=3716ms nodes=  31 viol=9
dark /dock/morph-showcase                   ready=3718ms nodes=  55 viol=8
dark /dock/sections                         ready=3667ms nodes=  50 viol=11
dark /dock/cta-receive                      ready=3719ms nodes=  52 viol=12
dark /dock/dock-search                      ready=3715ms nodes=  38 viol=7
dark /dock/siri-island                      ready=3727ms nodes=  47 viol=11
dark /data/table                            ready=3719ms nodes=  56 viol=25
dark /data/data-table                       ready=3719ms nodes=  65 viol=25
dark /data/tags-input                       ready=3711ms nodes=  29 viol=10
dark /data/avatar                           ready=3714ms nodes=  42 viol=26
dark /data/sortable-list                    ready=3669ms nodes=  32 viol=10
dark /data/infinite-scroll                  ready=3714ms nodes=  51 viol=11

WROTE /Users/mkbabb/Programming/glass-ui/docs/tranches/BG/audit/visual/census/census-rd3.json
