
DevTools listening on ws://127.0.0.1:9477/devtools/browser/e4c73380-8643-493d-87f3-e6328c2152ec
Created TensorFlow Lite XNNPACK delegate for CPU.
Trying to load the allocator multiple times. This is *not* supported.
[61887:23272062:0703/085043.877881:ERROR:google_apis/gcm/engine/registration_request.cc:291] Registration response error message: DEPRECATED_ENDPOINT
Created TensorFlow Lite XNNPACK delegate for CPU.
[62188:23273518:0703/085100.563067:VERBOSE1:chrome/updater/updater.cc:374] Version: 151.0.7910.0, opt, ARM_64, command line: /Users/mkbabb/Library/Application Support/Google/GoogleUpdater/151.0.7910.0/GoogleUpdater.app/Contents/MacOS/GoogleUpdater --wake-all --enable-logging --vmodule=*/components/update_client/*=2,*/chrome/enterprise_companion/*=2,*/chrome/updater/*=2
[62188:23273518:0703/085100.563326:VERBOSE1:chrome/updater/updater.cc:377] OS version: 26.4.1, arch: arm64, System uptime (seconds): 495893, parent pid: 61887
[62188:23273518:0703/085100.565122:VERBOSE1:chrome/updater/updater.cc:382] Available disk space in install directory (/Users/mkbabb/Library/Application Support/Google/GoogleUpdater): 821265674240B (764.863GiB) / 1995165736960B (1.815TiB)
[62188:23273518:0703/085100.565138:VERBOSE1:chrome/updater/updater.cc:386] Available disk space in temporary directory (/var/folders/ld/20j4p2791k5_90_0ccgx2txm0000gr/T/): 821265674240B (764.863GiB) / 1995165736960B (1.815TiB)
[62188:23273518:0703/085100.565198:VERBOSE2:chrome/updater/event_history.cc:265] Emitted a UPDATER_PROCESS START event to the history log
[62190:23273522:0703/085100.573112:VERBOSE1:chrome/updater/updater.cc:374] Version: 151.0.7910.0, opt, ARM_64, command line: /Users/mkbabb/Library/Application Support/Google/GoogleUpdater/151.0.7910.0/GoogleUpdater.app/Contents/MacOS/GoogleUpdater --crash-handler --database=/Users/mkbabb/Library/Application Support/Google/GoogleUpdater/151.0.7910.0/Crashpad --url=https://clients2.google.com/cr/report --annotation=prod=Update4 --annotation=ver=151.0.7910.0 --handshake-fd=6 --enable-logging --vmodule=*/components/update_client/*=2,*/chrome/enterprise_companion/*=2,*/chrome/updater/*=2
[62190:23273522:0703/085100.573305:VERBOSE1:chrome/updater/updater.cc:377] OS version: 26.4.1, arch: arm64, System uptime (seconds): 495893, parent pid: 1
[62190:23273522:0703/085100.575074:VERBOSE1:chrome/updater/updater.cc:382] Available disk space in install directory (/Users/mkbabb/Library/Application Support/Google/GoogleUpdater): 821265670144B (764.863GiB) / 1995165736960B (1.815TiB)
[62190:23273522:0703/085100.575089:VERBOSE1:chrome/updater/updater.cc:386] Available disk space in temporary directory (/var/folders/ld/20j4p2791k5_90_0ccgx2txm0000gr/T/): 821265670144B (764.863GiB) / 1995165736960B (1.815TiB)
[62190:23273522:0703/085100.575193:VERBOSE2:chrome/updater/event_history.cc:265] Emitted a UPDATER_PROCESS START event to the history log
[62188:23273518:0703/085100.575623:VERBOSE1:chrome/updater/crash_reporter.cc:124] Crash handler launched and ready.
[62188:23273518:0703/085100.576395:VERBOSE1:chrome/updater/crash_client.cc:108] Found 0 completed crash reports
[62188:23273518:0703/085100.576453:VERBOSE1:chrome/updater/crash_client.cc:132] Found 0 pending crash reports
[62188:23273518:0703/085100.576520:ERROR:third_party/crashpad/crashpad/util/file/file_io_posix.cc:145] open /Users/mkbabb/Library/Application Support/Google/Chrome Dev/Crashpad/settings.dat: No such file or directory (2)
[62188:23273518:0703/085100.576535:ERROR:third_party/crashpad/crashpad/util/file/file_io_posix.cc:145] open /Users/mkbabb/Library/Application Support/Google/RLZ/Crashpad/settings.dat: No such file or directory (2)
[62188:23273518:0703/085100.576543:ERROR:third_party/crashpad/crashpad/util/file/file_io_posix.cc:145] open /Users/mkbabb/Library/Application Support/Google/Chrome Beta/Crashpad/settings.dat: No such file or directory (2)
[62188:23273518:0703/085100.576678:VERBOSE1:chrome/updater/updater.cc:105] Crash reporting initialized.
[62188:23273530:0703/085100.576893:VERBOSE1:chrome/updater/app/app_wakeall.cc:58] Launching `/Users/mkbabb/Library/Application Support/Google/GoogleUpdater/151.0.7910.0/GoogleUpdater.app/Contents/MacOS/GoogleUpdater --wake`
[62191:23273534:0703/085100.584372:VERBOSE1:chrome/updater/updater.cc:374] Version: 151.0.7910.0, opt, ARM_64, command line: /Users/mkbabb/Library/Application Support/Google/GoogleUpdater/151.0.7910.0/GoogleUpdater.app/Contents/MacOS/GoogleUpdater --wake --enable-logging --vmodule=*/components/update_client/*=2,*/chrome/enterprise_companion/*=2,*/chrome/updater/*=2
[62191:23273534:0703/085100.584539:VERBOSE1:chrome/updater/updater.cc:377] OS version: 26.4.1, arch: arm64, System uptime (seconds): 495893, parent pid: 62188
[62191:23273534:0703/085100.586256:VERBOSE1:chrome/updater/updater.cc:382] Available disk space in install directory (/Users/mkbabb/Library/Application Support/Google/GoogleUpdater): 821265666048B (764.863GiB) / 1995165736960B (1.815TiB)
[62191:23273534:0703/085100.586269:VERBOSE1:chrome/updater/updater.cc:386] Available disk space in temporary directory (/var/folders/ld/20j4p2791k5_90_0ccgx2txm0000gr/T/): 821265666048B (764.863GiB) / 1995165736960B (1.815TiB)
[62191:23273534:0703/085100.586329:VERBOSE2:chrome/updater/event_history.cc:265] Emitted a UPDATER_PROCESS START event to the history log
[62193:23273538:0703/085100.595632:VERBOSE1:chrome/updater/updater.cc:374] Version: 151.0.7910.0, opt, ARM_64, command line: /Users/mkbabb/Library/Application Support/Google/GoogleUpdater/151.0.7910.0/GoogleUpdater.app/Contents/MacOS/GoogleUpdater --crash-handler --database=/Users/mkbabb/Library/Application Support/Google/GoogleUpdater/151.0.7910.0/Crashpad --url=https://clients2.google.com/cr/report --annotation=prod=Update4 --annotation=ver=151.0.7910.0 --handshake-fd=6 --enable-logging --vmodule=*/components/update_client/*=2,*/chrome/enterprise_companion/*=2,*/chrome/updater/*=2
[62193:23273538:0703/085100.595790:VERBOSE1:chrome/updater/updater.cc:377] OS version: 26.4.1, arch: arm64, System uptime (seconds): 495893, parent pid: 1
[62193:23273538:0703/085100.597550:VERBOSE1:chrome/updater/updater.cc:382] Available disk space in install directory (/Users/mkbabb/Library/Application Support/Google/GoogleUpdater): 821265666048B (764.863GiB) / 1995165736960B (1.815TiB)
[62193:23273538:0703/085100.597565:VERBOSE1:chrome/updater/updater.cc:386] Available disk space in temporary directory (/var/folders/ld/20j4p2791k5_90_0ccgx2txm0000gr/T/): 821265666048B (764.863GiB) / 1995165736960B (1.815TiB)
[62193:23273538:0703/085100.597624:VERBOSE2:chrome/updater/event_history.cc:265] Emitted a UPDATER_PROCESS START event to the history log
[62191:23273534:0703/085100.598020:VERBOSE1:chrome/updater/crash_reporter.cc:124] Crash handler launched and ready.
[62191:23273534:0703/085100.598582:VERBOSE1:chrome/updater/crash_client.cc:108] Found 0 completed crash reports
[62191:23273534:0703/085100.598640:VERBOSE1:chrome/updater/crash_client.cc:132] Found 0 pending crash reports
[62191:23273534:0703/085100.598708:ERROR:third_party/crashpad/crashpad/util/file/file_io_posix.cc:145] open /Users/mkbabb/Library/Application Support/Google/Chrome Dev/Crashpad/settings.dat: No such file or directory (2)
[62191:23273534:0703/085100.598717:ERROR:third_party/crashpad/crashpad/util/file/file_io_posix.cc:145] open /Users/mkbabb/Library/Application Support/Google/RLZ/Crashpad/settings.dat: No such file or directory (2)
[62191:23273534:0703/085100.598724:ERROR:third_party/crashpad/crashpad/util/file/file_io_posix.cc:145] open /Users/mkbabb/Library/Application Support/Google/Chrome Beta/Crashpad/settings.dat: No such file or directory (2)
[62191:23273534:0703/085100.598863:VERBOSE1:chrome/updater/updater.cc:105] Crash reporting initialized.
[62191:23273534:0703/085100.599030:VERBOSE1:chrome/updater/ipc/update_service_internal_proxy_mojo.cc:61] Run
[61887:23272062:0703/085106.124887:ERROR:google_apis/gcm/engine/registration_request.cc:291] Registration response error message: DEPRECATED_ENDPOINT
[62191:23273534:0703/085116.929266:VERBOSE1:chrome/updater/app/app.cc:52] Shutdown: 0
[62191:23273534:0703/085116.929894:VERBOSE2:chrome/updater/event_history.cc:265] Emitted a UPDATER_PROCESS END event to the history log
[62191:23273534:0703/085116.929918:VERBOSE1:chrome/updater/updater.cc:419] UpdaterMain (--wake) returned 0.
[62188:23273530:0703/085117.032177:VERBOSE1:chrome/updater/app/app_wakeall.cc:68] `/Users/mkbabb/Library/Application Support/Google/GoogleUpdater/151.0.7910.0/GoogleUpdater.app/Contents/MacOS/GoogleUpdater --wake` exited 0
[62188:23273518:0703/085117.032298:VERBOSE1:chrome/updater/app/app.cc:52] Shutdown: 0
[62188:23273518:0703/085117.032572:VERBOSE2:chrome/updater/event_history.cc:265] Emitted a UPDATER_PROCESS END event to the history log
[62188:23273518:0703/085117.032581:VERBOSE1:chrome/updater/updater.cc:419] UpdaterMain (--wake-all) returned 0.
[62193:23273538:0703/085126.938872:VERBOSE2:chrome/updater/event_history.cc:265] Emitted a UPDATER_PROCESS END event to the history log
[62193:23273538:0703/085126.938976:VERBOSE1:chrome/updater/updater.cc:419] UpdaterMain (--crash-handler) returned 0.
[62190:23273522:0703/085126.939864:VERBOSE2:chrome/updater/event_history.cc:265] Emitted a UPDATER_PROCESS END event to the history log
[62190:23273522:0703/085126.939877:VERBOSE1:chrome/updater/updater.cc:419] UpdaterMain (--crash-handler) returned 0.
[61887:23272062:0703/085202.780423:ERROR:google_apis/gcm/engine/registration_request.cc:291] Registration response error message: DEPRECATED_ENDPOINT
Trying to load the allocator multiple times. This is *not* supported.
WARNING: All log messages before absl::InitializeLog() is called are written to STDERR
I0000 00:00:1783083221.543292 23282599 environment.cc:556] Selected adapter: Apple M5 Max, arch=metal-3, vendor=apple, backend=Metal, adapterType=Integrated GPU
I0000 00:00:1783083221.545400 23282617 environment.cc:556] Selected adapter: Apple M5 Max, arch=metal-3, vendor=apple, backend=Metal, adapterType=Integrated GPU
[61887:23272062:0703/085402.047974:ERROR:google_apis/gcm/engine/registration_request.cc:291] Registration response error message: DEPRECATED_ENDPOINT
[61887:23272062:0703/085723.190841:ERROR:google_apis/gcm/engine/registration_request.cc:291] Registration response error message: DEPRECATED_ENDPOINT
[61887:23272018:0703/085944.143007:ERROR:chrome/browser/ui/webui/ntp/new_tab_ui.cc:54] Requested load of chrome://newtab/ for incorrect profile type.
[61887:23272018:0703/085944.143299:ERROR:chrome/browser/ui/webui/ntp/new_tab_ui.cc:54] Requested load of chrome://newtab/ for incorrect profile type.
