
DevTools listening on ws://127.0.0.1:9336/devtools/browser/967e589c-de72-4a8c-8427-5c56648a7475
Trying to load the allocator multiple times. This is *not* supported.
[87363:12429076:0706/223925.349612:ERROR:google_apis/gcm/engine/registration_request.cc:291] Registration response error message: DEPRECATED_ENDPOINT
Created TensorFlow Lite XNNPACK delegate for CPU.
[88056:12432307:0706/223941.840227:VERBOSE1:chrome/updater/updater.cc:374] Version: 151.0.7910.0, opt, ARM_64, command line: /Users/mkbabb/Library/Application Support/Google/GoogleUpdater/151.0.7910.0/GoogleUpdater.app/Contents/MacOS/GoogleUpdater --wake-all --enable-logging --vmodule=*/components/update_client/*=2,*/chrome/enterprise_companion/*=2,*/chrome/updater/*=2
[88056:12432307:0706/223941.840435:VERBOSE1:chrome/updater/updater.cc:377] OS version: 26.4.1, arch: arm64, System uptime (seconds): 185938, parent pid: 87363
[88056:12432307:0706/223941.842248:VERBOSE1:chrome/updater/updater.cc:382] Available disk space in install directory (/Users/mkbabb/Library/Application Support/Google/GoogleUpdater): 756676554752B (704.710GiB) / 1995165736960B (1.815TiB)
[88056:12432307:0706/223941.842266:VERBOSE1:chrome/updater/updater.cc:386] Available disk space in temporary directory (/var/folders/ld/20j4p2791k5_90_0ccgx2txm0000gr/T/): 756676554752B (704.710GiB) / 1995165736960B (1.815TiB)
[88056:12432307:0706/223941.842334:VERBOSE2:chrome/updater/event_history.cc:265] Emitted a UPDATER_PROCESS START event to the history log
[88058:12432311:0706/223941.851015:VERBOSE1:chrome/updater/updater.cc:374] Version: 151.0.7910.0, opt, ARM_64, command line: /Users/mkbabb/Library/Application Support/Google/GoogleUpdater/151.0.7910.0/GoogleUpdater.app/Contents/MacOS/GoogleUpdater --crash-handler --database=/Users/mkbabb/Library/Application Support/Google/GoogleUpdater/151.0.7910.0/Crashpad --url=https://clients2.google.com/cr/report --annotation=prod=Update4 --annotation=ver=151.0.7910.0 --handshake-fd=6 --enable-logging --vmodule=*/components/update_client/*=2,*/chrome/enterprise_companion/*=2,*/chrome/updater/*=2
[88058:12432311:0706/223941.851205:VERBOSE1:chrome/updater/updater.cc:377] OS version: 26.4.1, arch: arm64, System uptime (seconds): 185938, parent pid: 1
[88058:12432311:0706/223941.853257:VERBOSE1:chrome/updater/updater.cc:382] Available disk space in install directory (/Users/mkbabb/Library/Application Support/Google/GoogleUpdater): 756676550656B (704.710GiB) / 1995165736960B (1.815TiB)
[88058:12432311:0706/223941.853273:VERBOSE1:chrome/updater/updater.cc:386] Available disk space in temporary directory (/var/folders/ld/20j4p2791k5_90_0ccgx2txm0000gr/T/): 756676550656B (704.710GiB) / 1995165736960B (1.815TiB)
[88058:12432311:0706/223941.853336:VERBOSE2:chrome/updater/event_history.cc:265] Emitted a UPDATER_PROCESS START event to the history log
[88056:12432307:0706/223941.853771:VERBOSE1:chrome/updater/crash_reporter.cc:124] Crash handler launched and ready.
[88056:12432307:0706/223941.854332:VERBOSE1:chrome/updater/crash_client.cc:108] Found 0 completed crash reports
[88056:12432307:0706/223941.854385:VERBOSE1:chrome/updater/crash_client.cc:132] Found 0 pending crash reports
[88056:12432307:0706/223941.854454:ERROR:third_party/crashpad/crashpad/util/file/file_io_posix.cc:145] open /Users/mkbabb/Library/Application Support/Google/Chrome Dev/Crashpad/settings.dat: No such file or directory (2)
[88056:12432307:0706/223941.854463:ERROR:third_party/crashpad/crashpad/util/file/file_io_posix.cc:145] open /Users/mkbabb/Library/Application Support/Google/RLZ/Crashpad/settings.dat: No such file or directory (2)
[88056:12432307:0706/223941.854470:ERROR:third_party/crashpad/crashpad/util/file/file_io_posix.cc:145] open /Users/mkbabb/Library/Application Support/Google/Chrome Beta/Crashpad/settings.dat: No such file or directory (2)
[88056:12432307:0706/223941.854616:VERBOSE1:chrome/updater/updater.cc:105] Crash reporting initialized.
[88056:12432319:0706/223941.854861:VERBOSE1:chrome/updater/app/app_wakeall.cc:58] Launching `/Users/mkbabb/Library/Application Support/Google/GoogleUpdater/151.0.7910.0/GoogleUpdater.app/Contents/MacOS/GoogleUpdater --wake`
[88059:12432323:0706/223941.862134:VERBOSE1:chrome/updater/updater.cc:374] Version: 151.0.7910.0, opt, ARM_64, command line: /Users/mkbabb/Library/Application Support/Google/GoogleUpdater/151.0.7910.0/GoogleUpdater.app/Contents/MacOS/GoogleUpdater --wake --enable-logging --vmodule=*/components/update_client/*=2,*/chrome/enterprise_companion/*=2,*/chrome/updater/*=2
[88059:12432323:0706/223941.862319:VERBOSE1:chrome/updater/updater.cc:377] OS version: 26.4.1, arch: arm64, System uptime (seconds): 185938, parent pid: 88056
[88059:12432323:0706/223941.863982:VERBOSE1:chrome/updater/updater.cc:382] Available disk space in install directory (/Users/mkbabb/Library/Application Support/Google/GoogleUpdater): 756676546560B (704.710GiB) / 1995165736960B (1.815TiB)
[88059:12432323:0706/223941.863997:VERBOSE1:chrome/updater/updater.cc:386] Available disk space in temporary directory (/var/folders/ld/20j4p2791k5_90_0ccgx2txm0000gr/T/): 756676546560B (704.710GiB) / 1995165736960B (1.815TiB)
[88059:12432323:0706/223941.864058:VERBOSE2:chrome/updater/event_history.cc:265] Emitted a UPDATER_PROCESS START event to the history log
[88061:12432327:0706/223941.872711:VERBOSE1:chrome/updater/updater.cc:374] Version: 151.0.7910.0, opt, ARM_64, command line: /Users/mkbabb/Library/Application Support/Google/GoogleUpdater/151.0.7910.0/GoogleUpdater.app/Contents/MacOS/GoogleUpdater --crash-handler --database=/Users/mkbabb/Library/Application Support/Google/GoogleUpdater/151.0.7910.0/Crashpad --url=https://clients2.google.com/cr/report --annotation=prod=Update4 --annotation=ver=151.0.7910.0 --handshake-fd=6 --enable-logging --vmodule=*/components/update_client/*=2,*/chrome/enterprise_companion/*=2,*/chrome/updater/*=2
[88061:12432327:0706/223941.872910:VERBOSE1:chrome/updater/updater.cc:377] OS version: 26.4.1, arch: arm64, System uptime (seconds): 185938, parent pid: 1
[88061:12432327:0706/223941.874509:VERBOSE1:chrome/updater/updater.cc:382] Available disk space in install directory (/Users/mkbabb/Library/Application Support/Google/GoogleUpdater): 756676546560B (704.710GiB) / 1995165736960B (1.815TiB)
[88061:12432327:0706/223941.874527:VERBOSE1:chrome/updater/updater.cc:386] Available disk space in temporary directory (/var/folders/ld/20j4p2791k5_90_0ccgx2txm0000gr/T/): 756676546560B (704.710GiB) / 1995165736960B (1.815TiB)
[88061:12432327:0706/223941.874605:VERBOSE2:chrome/updater/event_history.cc:265] Emitted a UPDATER_PROCESS START event to the history log
[88059:12432323:0706/223941.874991:VERBOSE1:chrome/updater/crash_reporter.cc:124] Crash handler launched and ready.
[88059:12432323:0706/223941.876050:VERBOSE1:chrome/updater/crash_client.cc:108] Found 0 completed crash reports
[88059:12432323:0706/223941.876104:VERBOSE1:chrome/updater/crash_client.cc:132] Found 0 pending crash reports
[88059:12432323:0706/223941.876169:ERROR:third_party/crashpad/crashpad/util/file/file_io_posix.cc:145] open /Users/mkbabb/Library/Application Support/Google/Chrome Dev/Crashpad/settings.dat: No such file or directory (2)
[88059:12432323:0706/223941.876179:ERROR:third_party/crashpad/crashpad/util/file/file_io_posix.cc:145] open /Users/mkbabb/Library/Application Support/Google/RLZ/Crashpad/settings.dat: No such file or directory (2)
[88059:12432323:0706/223941.876186:ERROR:third_party/crashpad/crashpad/util/file/file_io_posix.cc:145] open /Users/mkbabb/Library/Application Support/Google/Chrome Beta/Crashpad/settings.dat: No such file or directory (2)
[88059:12432323:0706/223941.876324:VERBOSE1:chrome/updater/updater.cc:105] Crash reporting initialized.
[88059:12432323:0706/223941.876457:VERBOSE1:chrome/updater/ipc/update_service_internal_proxy_mojo.cc:61] Run
[87363:12429076:0706/223950.749779:ERROR:google_apis/gcm/engine/registration_request.cc:291] Registration response error message: DEPRECATED_ENDPOINT
[88059:12432323:0706/223957.764803:VERBOSE1:chrome/updater/app/app.cc:52] Shutdown: 0
[88059:12432323:0706/223957.765098:VERBOSE2:chrome/updater/event_history.cc:265] Emitted a UPDATER_PROCESS END event to the history log
[88059:12432323:0706/223957.765117:VERBOSE1:chrome/updater/updater.cc:419] UpdaterMain (--wake) returned 0.
[88056:12432319:0706/223957.778995:VERBOSE1:chrome/updater/app/app_wakeall.cc:68] `/Users/mkbabb/Library/Application Support/Google/GoogleUpdater/151.0.7910.0/GoogleUpdater.app/Contents/MacOS/GoogleUpdater --wake` exited 0
[88056:12432307:0706/223957.779208:VERBOSE1:chrome/updater/app/app.cc:52] Shutdown: 0
[88056:12432307:0706/223957.779640:VERBOSE2:chrome/updater/event_history.cc:265] Emitted a UPDATER_PROCESS END event to the history log
[88056:12432307:0706/223957.779665:VERBOSE1:chrome/updater/updater.cc:419] UpdaterMain (--wake-all) returned 0.
[88061:12432327:0706/224007.777886:VERBOSE2:chrome/updater/event_history.cc:265] Emitted a UPDATER_PROCESS END event to the history log
[88061:12432327:0706/224007.778119:VERBOSE1:chrome/updater/updater.cc:419] UpdaterMain (--crash-handler) returned 0.
[88058:12432311:0706/224007.779121:VERBOSE2:chrome/updater/event_history.cc:265] Emitted a UPDATER_PROCESS END event to the history log
[88058:12432311:0706/224007.779135:VERBOSE1:chrome/updater/updater.cc:419] UpdaterMain (--crash-handler) returned 0.
