
DevTools listening on ws://127.0.0.1:9336/devtools/browser/cbef8f72-f658-4921-b9b7-5eda0aff0428
Trying to load the allocator multiple times. This is *not* supported.
[89141:12436274:0706/224018.602534:ERROR:google_apis/gcm/engine/registration_request.cc:291] Registration response error message: DEPRECATED_ENDPOINT
Created TensorFlow Lite XNNPACK delegate for CPU.
[89628:12438423:0706/224034.715337:VERBOSE1:chrome/updater/updater.cc:374] Version: 151.0.7910.0, opt, ARM_64, command line: /Users/mkbabb/Library/Application Support/Google/GoogleUpdater/151.0.7910.0/GoogleUpdater.app/Contents/MacOS/GoogleUpdater --wake-all --enable-logging --vmodule=*/components/update_client/*=2,*/chrome/enterprise_companion/*=2,*/chrome/updater/*=2
[89628:12438423:0706/224034.715871:VERBOSE1:chrome/updater/updater.cc:377] OS version: 26.4.1, arch: arm64, System uptime (seconds): 185991, parent pid: 89141
[89628:12438423:0706/224034.717677:VERBOSE1:chrome/updater/updater.cc:382] Available disk space in install directory (/Users/mkbabb/Library/Application Support/Google/GoogleUpdater): 756491538432B (704.538GiB) / 1995165736960B (1.815TiB)
[89628:12438423:0706/224034.717709:VERBOSE1:chrome/updater/updater.cc:386] Available disk space in temporary directory (/var/folders/ld/20j4p2791k5_90_0ccgx2txm0000gr/T/): 756491538432B (704.538GiB) / 1995165736960B (1.815TiB)
[89628:12438423:0706/224034.717787:VERBOSE2:chrome/updater/event_history.cc:265] Emitted a UPDATER_PROCESS START event to the history log
[89630:12438427:0706/224034.726147:VERBOSE1:chrome/updater/updater.cc:374] Version: 151.0.7910.0, opt, ARM_64, command line: /Users/mkbabb/Library/Application Support/Google/GoogleUpdater/151.0.7910.0/GoogleUpdater.app/Contents/MacOS/GoogleUpdater --crash-handler --database=/Users/mkbabb/Library/Application Support/Google/GoogleUpdater/151.0.7910.0/Crashpad --url=https://clients2.google.com/cr/report --annotation=prod=Update4 --annotation=ver=151.0.7910.0 --handshake-fd=6 --enable-logging --vmodule=*/components/update_client/*=2,*/chrome/enterprise_companion/*=2,*/chrome/updater/*=2
[89630:12438427:0706/224034.726363:VERBOSE1:chrome/updater/updater.cc:377] OS version: 26.4.1, arch: arm64, System uptime (seconds): 185991, parent pid: 1
[89630:12438427:0706/224034.728193:VERBOSE1:chrome/updater/updater.cc:382] Available disk space in install directory (/Users/mkbabb/Library/Application Support/Google/GoogleUpdater): 756491534336B (704.538GiB) / 1995165736960B (1.815TiB)
[89630:12438427:0706/224034.728219:VERBOSE1:chrome/updater/updater.cc:386] Available disk space in temporary directory (/var/folders/ld/20j4p2791k5_90_0ccgx2txm0000gr/T/): 756491534336B (704.538GiB) / 1995165736960B (1.815TiB)
[89630:12438427:0706/224034.728294:VERBOSE2:chrome/updater/event_history.cc:265] Emitted a UPDATER_PROCESS START event to the history log
[89628:12438423:0706/224034.728831:VERBOSE1:chrome/updater/crash_reporter.cc:124] Crash handler launched and ready.
[89628:12438423:0706/224034.729538:VERBOSE1:chrome/updater/crash_client.cc:108] Found 0 completed crash reports
[89628:12438423:0706/224034.729606:VERBOSE1:chrome/updater/crash_client.cc:132] Found 0 pending crash reports
[89628:12438423:0706/224034.729683:ERROR:third_party/crashpad/crashpad/util/file/file_io_posix.cc:145] open /Users/mkbabb/Library/Application Support/Google/Chrome Dev/Crashpad/settings.dat: No such file or directory (2)
[89628:12438423:0706/224034.729694:ERROR:third_party/crashpad/crashpad/util/file/file_io_posix.cc:145] open /Users/mkbabb/Library/Application Support/Google/RLZ/Crashpad/settings.dat: No such file or directory (2)
[89628:12438423:0706/224034.729702:ERROR:third_party/crashpad/crashpad/util/file/file_io_posix.cc:145] open /Users/mkbabb/Library/Application Support/Google/Chrome Beta/Crashpad/settings.dat: No such file or directory (2)
[89628:12438423:0706/224034.729860:VERBOSE1:chrome/updater/updater.cc:105] Crash reporting initialized.
[89628:12438435:0706/224034.730093:VERBOSE1:chrome/updater/app/app_wakeall.cc:58] Launching `/Users/mkbabb/Library/Application Support/Google/GoogleUpdater/151.0.7910.0/GoogleUpdater.app/Contents/MacOS/GoogleUpdater --wake`
[89631:12438439:0706/224034.738208:VERBOSE1:chrome/updater/updater.cc:374] Version: 151.0.7910.0, opt, ARM_64, command line: /Users/mkbabb/Library/Application Support/Google/GoogleUpdater/151.0.7910.0/GoogleUpdater.app/Contents/MacOS/GoogleUpdater --wake --enable-logging --vmodule=*/components/update_client/*=2,*/chrome/enterprise_companion/*=2,*/chrome/updater/*=2
[89631:12438439:0706/224034.738406:VERBOSE1:chrome/updater/updater.cc:377] OS version: 26.4.1, arch: arm64, System uptime (seconds): 185991, parent pid: 89628
[89631:12438439:0706/224034.740262:VERBOSE1:chrome/updater/updater.cc:382] Available disk space in install directory (/Users/mkbabb/Library/Application Support/Google/GoogleUpdater): 756491530240B (704.538GiB) / 1995165736960B (1.815TiB)
[89631:12438439:0706/224034.740277:VERBOSE1:chrome/updater/updater.cc:386] Available disk space in temporary directory (/var/folders/ld/20j4p2791k5_90_0ccgx2txm0000gr/T/): 756491530240B (704.538GiB) / 1995165736960B (1.815TiB)
[89631:12438439:0706/224034.740343:VERBOSE2:chrome/updater/event_history.cc:265] Emitted a UPDATER_PROCESS START event to the history log
[89633:12438443:0706/224034.749918:VERBOSE1:chrome/updater/updater.cc:374] Version: 151.0.7910.0, opt, ARM_64, command line: /Users/mkbabb/Library/Application Support/Google/GoogleUpdater/151.0.7910.0/GoogleUpdater.app/Contents/MacOS/GoogleUpdater --crash-handler --database=/Users/mkbabb/Library/Application Support/Google/GoogleUpdater/151.0.7910.0/Crashpad --url=https://clients2.google.com/cr/report --annotation=prod=Update4 --annotation=ver=151.0.7910.0 --handshake-fd=6 --enable-logging --vmodule=*/components/update_client/*=2,*/chrome/enterprise_companion/*=2,*/chrome/updater/*=2
[89633:12438443:0706/224034.750128:VERBOSE1:chrome/updater/updater.cc:377] OS version: 26.4.1, arch: arm64, System uptime (seconds): 185991, parent pid: 1
[89633:12438443:0706/224034.751919:VERBOSE1:chrome/updater/updater.cc:382] Available disk space in install directory (/Users/mkbabb/Library/Application Support/Google/GoogleUpdater): 756491526144B (704.538GiB) / 1995165736960B (1.815TiB)
[89633:12438443:0706/224034.751936:VERBOSE1:chrome/updater/updater.cc:386] Available disk space in temporary directory (/var/folders/ld/20j4p2791k5_90_0ccgx2txm0000gr/T/): 756491526144B (704.538GiB) / 1995165736960B (1.815TiB)
[89633:12438443:0706/224034.751996:VERBOSE2:chrome/updater/event_history.cc:265] Emitted a UPDATER_PROCESS START event to the history log
[89631:12438439:0706/224034.752354:VERBOSE1:chrome/updater/crash_reporter.cc:124] Crash handler launched and ready.
[89631:12438439:0706/224034.752839:VERBOSE1:chrome/updater/crash_client.cc:108] Found 0 completed crash reports
[89631:12438439:0706/224034.752896:VERBOSE1:chrome/updater/crash_client.cc:132] Found 0 pending crash reports
[89631:12438439:0706/224034.752958:ERROR:third_party/crashpad/crashpad/util/file/file_io_posix.cc:145] open /Users/mkbabb/Library/Application Support/Google/Chrome Dev/Crashpad/settings.dat: No such file or directory (2)
[89631:12438439:0706/224034.752966:ERROR:third_party/crashpad/crashpad/util/file/file_io_posix.cc:145] open /Users/mkbabb/Library/Application Support/Google/RLZ/Crashpad/settings.dat: No such file or directory (2)
[89631:12438439:0706/224034.752972:ERROR:third_party/crashpad/crashpad/util/file/file_io_posix.cc:145] open /Users/mkbabb/Library/Application Support/Google/Chrome Beta/Crashpad/settings.dat: No such file or directory (2)
[89631:12438439:0706/224034.753107:VERBOSE1:chrome/updater/updater.cc:105] Crash reporting initialized.
[89631:12438439:0706/224034.753242:VERBOSE1:chrome/updater/ipc/update_service_internal_proxy_mojo.cc:61] Run
[89141:12436274:0706/224044.594434:ERROR:google_apis/gcm/engine/registration_request.cc:291] Registration response error message: DEPRECATED_ENDPOINT
[89631:12438439:0706/224052.820858:VERBOSE1:chrome/updater/app/app.cc:52] Shutdown: 0
[89631:12438439:0706/224052.821149:VERBOSE2:chrome/updater/event_history.cc:265] Emitted a UPDATER_PROCESS END event to the history log
[89631:12438439:0706/224052.821172:VERBOSE1:chrome/updater/updater.cc:419] UpdaterMain (--wake) returned 0.
[89628:12438435:0706/224052.997950:VERBOSE1:chrome/updater/app/app_wakeall.cc:68] `/Users/mkbabb/Library/Application Support/Google/GoogleUpdater/151.0.7910.0/GoogleUpdater.app/Contents/MacOS/GoogleUpdater --wake` exited 0
[89628:12438423:0706/224052.998046:VERBOSE1:chrome/updater/app/app.cc:52] Shutdown: 0
[89628:12438423:0706/224052.998484:VERBOSE2:chrome/updater/event_history.cc:265] Emitted a UPDATER_PROCESS END event to the history log
[89628:12438423:0706/224052.998497:VERBOSE1:chrome/updater/updater.cc:419] UpdaterMain (--wake-all) returned 0.
[89633:12438443:0706/224102.836308:VERBOSE2:chrome/updater/event_history.cc:265] Emitted a UPDATER_PROCESS END event to the history log
[89633:12438443:0706/224102.836331:VERBOSE1:chrome/updater/updater.cc:419] UpdaterMain (--crash-handler) returned 0.
[89630:12438427:0706/224102.837321:VERBOSE2:chrome/updater/event_history.cc:265] Emitted a UPDATER_PROCESS END event to the history log
[89630:12438427:0706/224102.837337:VERBOSE1:chrome/updater/updater.cc:419] UpdaterMain (--crash-handler) returned 0.
[89141:12436274:0706/224127.205860:ERROR:google_apis/gcm/engine/registration_request.cc:291] Registration response error message: DEPRECATED_ENDPOINT
